Archive member included to satisfy reference by file (symbol)

/Users/anita/opt/gcc-arm-none-eabi-7-2017-q4-major/bin/../lib/gcc/arm-none-eabi/7.2.1/../../../../arm-none-eabi/lib/thumb/v6-m/libc_nano.a(lib_a-exit.o)
                              /Users/anita/opt/gcc-arm-none-eabi-7-2017-q4-major/bin/../lib/gcc/arm-none-eabi/7.2.1/../../../../arm-none-eabi/lib/thumb/v6-m/crt0.o (exit)
/Users/anita/opt/gcc-arm-none-eabi-7-2017-q4-major/bin/../lib/gcc/arm-none-eabi/7.2.1/../../../../arm-none-eabi/lib/thumb/v6-m/libc_nano.a(lib_a-impure.o)
                              /Users/anita/opt/gcc-arm-none-eabi-7-2017-q4-major/bin/../lib/gcc/arm-none-eabi/7.2.1/../../../../arm-none-eabi/lib/thumb/v6-m/libc_nano.a(lib_a-exit.o) (_global_impure_ptr)
/Users/anita/opt/gcc-arm-none-eabi-7-2017-q4-major/bin/../lib/gcc/arm-none-eabi/7.2.1/../../../../arm-none-eabi/lib/thumb/v6-m/libc_nano.a(lib_a-init.o)
                              /Users/anita/opt/gcc-arm-none-eabi-7-2017-q4-major/bin/../lib/gcc/arm-none-eabi/7.2.1/../../../../arm-none-eabi/lib/thumb/v6-m/crt0.o (__libc_init_array)
/Users/anita/opt/gcc-arm-none-eabi-7-2017-q4-major/bin/../lib/gcc/arm-none-eabi/7.2.1/../../../../arm-none-eabi/lib/thumb/v6-m/libc_nano.a(lib_a-memset.o)
                              /Users/anita/opt/gcc-arm-none-eabi-7-2017-q4-major/bin/../lib/gcc/arm-none-eabi/7.2.1/../../../../arm-none-eabi/lib/thumb/v6-m/crt0.o (memset)
/Users/anita/opt/gcc-arm-none-eabi-7-2017-q4-major/bin/../lib/gcc/arm-none-eabi/7.2.1/../../../../arm-none-eabi/lib/thumb/v6-m/libnosys.a(_exit.o)
                              /Users/anita/opt/gcc-arm-none-eabi-7-2017-q4-major/bin/../lib/gcc/arm-none-eabi/7.2.1/../../../../arm-none-eabi/lib/thumb/v6-m/libc_nano.a(lib_a-exit.o) (_exit)

Discarded input sections

 .text          0x0000000000000000        0x0 /Users/anita/opt/gcc-arm-none-eabi-7-2017-q4-major/bin/../lib/gcc/arm-none-eabi/7.2.1/thumb/v6-m/crti.o
 .data          0x0000000000000000        0x0 /Users/anita/opt/gcc-arm-none-eabi-7-2017-q4-major/bin/../lib/gcc/arm-none-eabi/7.2.1/thumb/v6-m/crti.o
 .bss           0x0000000000000000        0x0 /Users/anita/opt/gcc-arm-none-eabi-7-2017-q4-major/bin/../lib/gcc/arm-none-eabi/7.2.1/thumb/v6-m/crti.o
 .data          0x0000000000000000        0x4 /Users/anita/opt/gcc-arm-none-eabi-7-2017-q4-major/bin/../lib/gcc/arm-none-eabi/7.2.1/thumb/v6-m/crtbegin.o
 .data          0x0000000000000000        0x0 /Users/anita/opt/gcc-arm-none-eabi-7-2017-q4-major/bin/../lib/gcc/arm-none-eabi/7.2.1/../../../../arm-none-eabi/lib/thumb/v6-m/crt0.o
 .bss           0x0000000000000000        0x0 /Users/anita/opt/gcc-arm-none-eabi-7-2017-q4-major/bin/../lib/gcc/arm-none-eabi/7.2.1/../../../../arm-none-eabi/lib/thumb/v6-m/crt0.o
 .ARM.extab     0x0000000000000000        0x0 /Users/anita/opt/gcc-arm-none-eabi-7-2017-q4-major/bin/../lib/gcc/arm-none-eabi/7.2.1/../../../../arm-none-eabi/lib/thumb/v6-m/crt0.o
 .text          0x0000000000000000        0x0 /Users/anita/opt/gcc-arm-none-eabi-7-2017-q4-major/bin/../lib/gcc/arm-none-eabi/7.2.1/../../../../arm-none-eabi/lib/thumb/v6-m/libc_nano.a(lib_a-exit.o)
 .data          0x0000000000000000        0x0 /Users/anita/opt/gcc-arm-none-eabi-7-2017-q4-major/bin/../lib/gcc/arm-none-eabi/7.2.1/../../../../arm-none-eabi/lib/thumb/v6-m/libc_nano.a(lib_a-exit.o)
 .bss           0x0000000000000000        0x0 /Users/anita/opt/gcc-arm-none-eabi-7-2017-q4-major/bin/../lib/gcc/arm-none-eabi/7.2.1/../../../../arm-none-eabi/lib/thumb/v6-m/libc_nano.a(lib_a-exit.o)
 .text          0x0000000000000000        0x0 /Users/anita/opt/gcc-arm-none-eabi-7-2017-q4-major/bin/../lib/gcc/arm-none-eabi/7.2.1/../../../../arm-none-eabi/lib/thumb/v6-m/libc_nano.a(lib_a-impure.o)
 .data          0x0000000000000000        0x0 /Users/anita/opt/gcc-arm-none-eabi-7-2017-q4-major/bin/../lib/gcc/arm-none-eabi/7.2.1/../../../../arm-none-eabi/lib/thumb/v6-m/libc_nano.a(lib_a-impure.o)
 .bss           0x0000000000000000        0x0 /Users/anita/opt/gcc-arm-none-eabi-7-2017-q4-major/bin/../lib/gcc/arm-none-eabi/7.2.1/../../../../arm-none-eabi/lib/thumb/v6-m/libc_nano.a(lib_a-impure.o)
 .data._impure_ptr
                0x0000000000000000        0x4 /Users/anita/opt/gcc-arm-none-eabi-7-2017-q4-major/bin/../lib/gcc/arm-none-eabi/7.2.1/../../../../arm-none-eabi/lib/thumb/v6-m/libc_nano.a(lib_a-impure.o)
 .text          0x0000000000000000        0x0 /Users/anita/opt/gcc-arm-none-eabi-7-2017-q4-major/bin/../lib/gcc/arm-none-eabi/7.2.1/../../../../arm-none-eabi/lib/thumb/v6-m/libc_nano.a(lib_a-init.o)
 .data          0x0000000000000000        0x0 /Users/anita/opt/gcc-arm-none-eabi-7-2017-q4-major/bin/../lib/gcc/arm-none-eabi/7.2.1/../../../../arm-none-eabi/lib/thumb/v6-m/libc_nano.a(lib_a-init.o)
 .bss           0x0000000000000000        0x0 /Users/anita/opt/gcc-arm-none-eabi-7-2017-q4-major/bin/../lib/gcc/arm-none-eabi/7.2.1/../../../../arm-none-eabi/lib/thumb/v6-m/libc_nano.a(lib_a-init.o)
 .text          0x0000000000000000        0x0 /Users/anita/opt/gcc-arm-none-eabi-7-2017-q4-major/bin/../lib/gcc/arm-none-eabi/7.2.1/../../../../arm-none-eabi/lib/thumb/v6-m/libc_nano.a(lib_a-memset.o)
 .data          0x0000000000000000        0x0 /Users/anita/opt/gcc-arm-none-eabi-7-2017-q4-major/bin/../lib/gcc/arm-none-eabi/7.2.1/../../../../arm-none-eabi/lib/thumb/v6-m/libc_nano.a(lib_a-memset.o)
 .bss           0x0000000000000000        0x0 /Users/anita/opt/gcc-arm-none-eabi-7-2017-q4-major/bin/../lib/gcc/arm-none-eabi/7.2.1/../../../../arm-none-eabi/lib/thumb/v6-m/libc_nano.a(lib_a-memset.o)
 .text          0x0000000000000000        0x0 /Users/anita/opt/gcc-arm-none-eabi-7-2017-q4-major/bin/../lib/gcc/arm-none-eabi/7.2.1/../../../../arm-none-eabi/lib/thumb/v6-m/libnosys.a(_exit.o)
 .data          0x0000000000000000        0x0 /Users/anita/opt/gcc-arm-none-eabi-7-2017-q4-major/bin/../lib/gcc/arm-none-eabi/7.2.1/../../../../arm-none-eabi/lib/thumb/v6-m/libnosys.a(_exit.o)
 .bss           0x0000000000000000        0x0 /Users/anita/opt/gcc-arm-none-eabi-7-2017-q4-major/bin/../lib/gcc/arm-none-eabi/7.2.1/../../../../arm-none-eabi/lib/thumb/v6-m/libnosys.a(_exit.o)
 .group         0x0000000000000000        0xc _build/system_nrf51.o
 .group         0x0000000000000000        0xc _build/system_nrf51.o
 .group         0x0000000000000000        0xc _build/system_nrf51.o
 .group         0x0000000000000000        0xc _build/system_nrf51.o
 .group         0x0000000000000000        0xc _build/system_nrf51.o
 .group         0x0000000000000000        0xc _build/system_nrf51.o
 .group         0x0000000000000000        0xc _build/system_nrf51.o
 .group         0x0000000000000000        0xc _build/system_nrf51.o
 .group         0x0000000000000000        0xc _build/system_nrf51.o
 .group         0x0000000000000000        0xc _build/system_nrf51.o
 .group         0x0000000000000000        0xc _build/system_nrf51.o
 .group         0x0000000000000000        0xc _build/system_nrf51.o
 .group         0x0000000000000000        0xc _build/system_nrf51.o
 .group         0x0000000000000000        0xc _build/system_nrf51.o
 .group         0x0000000000000000        0xc _build/system_nrf51.o
 .group         0x0000000000000000        0xc _build/system_nrf51.o
 .group         0x0000000000000000        0xc _build/system_nrf51.o
 .text          0x0000000000000000        0x0 _build/system_nrf51.o
 .data          0x0000000000000000        0x0 _build/system_nrf51.o
 .bss           0x0000000000000000        0x0 _build/system_nrf51.o
 .text.SystemCoreClockUpdate
                0x0000000000000000       0x10 _build/system_nrf51.o
 .data.SystemCoreClock
                0x0000000000000000        0x4 _build/system_nrf51.o
 .group         0x0000000000000000        0xc _build/main.o
 .group         0x0000000000000000        0xc _build/main.o
 .group         0x0000000000000000        0xc _build/main.o
 .group         0x0000000000000000        0xc _build/main.o
 .group         0x0000000000000000        0xc _build/main.o
 .group         0x0000000000000000        0xc _build/main.o
 .group         0x0000000000000000        0xc _build/main.o
 .group         0x0000000000000000        0xc _build/main.o
 .group         0x0000000000000000        0xc _build/main.o
 .group         0x0000000000000000        0xc _build/main.o
 .group         0x0000000000000000        0xc _build/main.o
 .group         0x0000000000000000        0xc _build/main.o
 .group         0x0000000000000000        0xc _build/main.o
 .group         0x0000000000000000        0xc _build/main.o
 .group         0x0000000000000000        0xc _build/main.o
 .group         0x0000000000000000        0xc _build/main.o
 .group         0x0000000000000000        0xc _build/main.o
 .group         0x0000000000000000        0xc _build/main.o
 .group         0x0000000000000000        0xc _build/main.o
 .group         0x0000000000000000        0xc _build/main.o
 .text          0x0000000000000000        0x0 _build/main.o
 .data          0x0000000000000000        0x0 _build/main.o
 .bss           0x0000000000000000        0x0 _build/main.o
 .debug_macro   0x0000000000000000      0xa48 _build/main.o
 .debug_macro   0x0000000000000000       0x22 _build/main.o
 .debug_macro   0x0000000000000000       0x22 _build/main.o
 .debug_macro   0x0000000000000000       0x87 _build/main.o
 .debug_macro   0x0000000000000000       0x51 _build/main.o
 .debug_macro   0x0000000000000000       0xef _build/main.o
 .debug_macro   0x0000000000000000       0x6a _build/main.o
 .debug_macro   0x0000000000000000      0x1df _build/main.o
 .debug_macro   0x0000000000000000       0x1c _build/main.o
 .debug_macro   0x0000000000000000       0x22 _build/main.o
 .debug_macro   0x0000000000000000       0x3a _build/main.o
 .debug_macro   0x0000000000000000       0x26 _build/main.o
 .debug_macro   0x0000000000000000      0x30d _build/main.o
 .debug_macro   0x0000000000000000      0x1d2 _build/main.o
 .debug_macro   0x0000000000000000     0x745a _build/main.o
 .debug_macro   0x0000000000000000      0x976 _build/main.o
 .debug_macro   0x0000000000000000       0x1c _build/main.o
 .group         0x0000000000000000        0xc _build/nrf_delay.o
 .group         0x0000000000000000        0xc _build/nrf_delay.o
 .group         0x0000000000000000        0xc _build/nrf_delay.o
 .group         0x0000000000000000        0xc _build/nrf_delay.o
 .group         0x0000000000000000        0xc _build/nrf_delay.o
 .group         0x0000000000000000        0xc _build/nrf_delay.o
 .group         0x0000000000000000        0xc _build/nrf_delay.o
 .group         0x0000000000000000        0xc _build/nrf_delay.o
 .group         0x0000000000000000        0xc _build/nrf_delay.o
 .group         0x0000000000000000        0xc _build/nrf_delay.o
 .group         0x0000000000000000        0xc _build/nrf_delay.o
 .group         0x0000000000000000        0xc _build/nrf_delay.o
 .group         0x0000000000000000        0xc _build/nrf_delay.o
 .group         0x0000000000000000        0xc _build/nrf_delay.o
 .group         0x0000000000000000        0xc _build/nrf_delay.o
 .group         0x0000000000000000        0xc _build/nrf_delay.o
 .group         0x0000000000000000        0xc _build/nrf_delay.o
 .group         0x0000000000000000        0xc _build/nrf_delay.o
 .group         0x0000000000000000        0xc _build/nrf_delay.o
 .group         0x0000000000000000        0xc _build/nrf_delay.o
 .group         0x0000000000000000        0xc _build/nrf_delay.o
 .group         0x0000000000000000        0xc _build/nrf_delay.o
 .group         0x0000000000000000        0xc _build/nrf_delay.o
 .group         0x0000000000000000        0xc _build/nrf_delay.o
 .group         0x0000000000000000        0xc _build/nrf_delay.o
 .group         0x0000000000000000        0xc _build/nrf_delay.o
 .group         0x0000000000000000        0xc _build/nrf_delay.o
 .group         0x0000000000000000        0xc _build/nrf_delay.o
 .group         0x0000000000000000        0xc _build/nrf_delay.o
 .group         0x0000000000000000        0xc _build/nrf_delay.o
 .group         0x0000000000000000        0xc _build/nrf_delay.o
 .group         0x0000000000000000        0xc _build/nrf_delay.o
 .group         0x0000000000000000        0xc _build/nrf_delay.o
 .group         0x0000000000000000        0xc _build/nrf_delay.o
 .group         0x0000000000000000        0xc _build/nrf_delay.o
 .group         0x0000000000000000        0xc _build/nrf_delay.o
 .group         0x0000000000000000        0xc _build/nrf_delay.o
 .group         0x0000000000000000        0xc _build/nrf_delay.o
 .group         0x0000000000000000        0xc _build/nrf_delay.o
 .group         0x0000000000000000        0xc _build/nrf_delay.o
 .group         0x0000000000000000        0xc _build/nrf_delay.o
 .text          0x0000000000000000        0x0 _build/nrf_delay.o
 .data          0x0000000000000000        0x0 _build/nrf_delay.o
 .bss           0x0000000000000000        0x0 _build/nrf_delay.o
 .debug_macro   0x0000000000000000      0xa48 _build/nrf_delay.o
 .debug_macro   0x0000000000000000       0x22 _build/nrf_delay.o
 .debug_macro   0x0000000000000000       0x6a _build/nrf_delay.o
 .debug_macro   0x0000000000000000       0x1c _build/nrf_delay.o
 .debug_macro   0x0000000000000000       0x22 _build/nrf_delay.o
 .debug_macro   0x0000000000000000       0xef _build/nrf_delay.o
 .debug_macro   0x0000000000000000      0x1df _build/nrf_delay.o
 .debug_macro   0x0000000000000000       0x26 _build/nrf_delay.o
 .debug_macro   0x0000000000000000      0x30d _build/nrf_delay.o
 .debug_macro   0x0000000000000000      0x1d2 _build/nrf_delay.o
 .debug_macro   0x0000000000000000     0x745a _build/nrf_delay.o
 .debug_macro   0x0000000000000000      0x976 _build/nrf_delay.o
 .data          0x0000000000000000        0x0 _build/gcc_startup_nrf51.o
 .bss           0x0000000000000000        0x0 _build/gcc_startup_nrf51.o
 .text          0x0000000000000000        0x0 /Users/anita/opt/gcc-arm-none-eabi-7-2017-q4-major/bin/../lib/gcc/arm-none-eabi/7.2.1/thumb/v6-m/crtend.o
 .data          0x0000000000000000        0x0 /Users/anita/opt/gcc-arm-none-eabi-7-2017-q4-major/bin/../lib/gcc/arm-none-eabi/7.2.1/thumb/v6-m/crtend.o
 .bss           0x0000000000000000        0x0 /Users/anita/opt/gcc-arm-none-eabi-7-2017-q4-major/bin/../lib/gcc/arm-none-eabi/7.2.1/thumb/v6-m/crtend.o
 .text          0x0000000000000000        0x0 /Users/anita/opt/gcc-arm-none-eabi-7-2017-q4-major/bin/../lib/gcc/arm-none-eabi/7.2.1/thumb/v6-m/crtn.o
 .data          0x0000000000000000        0x0 /Users/anita/opt/gcc-arm-none-eabi-7-2017-q4-major/bin/../lib/gcc/arm-none-eabi/7.2.1/thumb/v6-m/crtn.o
 .bss           0x0000000000000000        0x0 /Users/anita/opt/gcc-arm-none-eabi-7-2017-q4-major/bin/../lib/gcc/arm-none-eabi/7.2.1/thumb/v6-m/crtn.o

Memory Configuration

Name             Origin             Length             Attributes
FLASH            0x0000000000000000 0x0000000000040000 xr
RAM              0x0000000020000000 0x0000000000004000 xrw
*default*        0x0000000000000000 0xffffffffffffffff

Linker script and memory map


.text           0x0000000000000000      0x404
 *(.isr_vector)
 .isr_vector    0x0000000000000000       0xc0 _build/gcc_startup_nrf51.o
                0x0000000000000000                __isr_vector
 *(.text*)
 .text          0x00000000000000c0       0x48 /Users/anita/opt/gcc-arm-none-eabi-7-2017-q4-major/bin/../lib/gcc/arm-none-eabi/7.2.1/thumb/v6-m/crtbegin.o
 .text          0x0000000000000108       0x78 /Users/anita/opt/gcc-arm-none-eabi-7-2017-q4-major/bin/../lib/gcc/arm-none-eabi/7.2.1/../../../../arm-none-eabi/lib/thumb/v6-m/crt0.o
                0x0000000000000108                _mainCRTStartup
                0x0000000000000108                _start
 .text.exit     0x0000000000000180       0x2c /Users/anita/opt/gcc-arm-none-eabi-7-2017-q4-major/bin/../lib/gcc/arm-none-eabi/7.2.1/../../../../arm-none-eabi/lib/thumb/v6-m/libc_nano.a(lib_a-exit.o)
                0x0000000000000180                exit
 .text.__libc_init_array
                0x00000000000001ac       0x48 /Users/anita/opt/gcc-arm-none-eabi-7-2017-q4-major/bin/../lib/gcc/arm-none-eabi/7.2.1/../../../../arm-none-eabi/lib/thumb/v6-m/libc_nano.a(lib_a-init.o)
                0x00000000000001ac                __libc_init_array
 .text.memset   0x00000000000001f4       0x10 /Users/anita/opt/gcc-arm-none-eabi-7-2017-q4-major/bin/../lib/gcc/arm-none-eabi/7.2.1/../../../../arm-none-eabi/lib/thumb/v6-m/libc_nano.a(lib_a-memset.o)
                0x00000000000001f4                memset
 .text._exit    0x0000000000000204        0x4 /Users/anita/opt/gcc-arm-none-eabi-7-2017-q4-major/bin/../lib/gcc/arm-none-eabi/7.2.1/../../../../arm-none-eabi/lib/thumb/v6-m/libnosys.a(_exit.o)
                0x0000000000000204                _exit
 .text.SystemInit
                0x0000000000000208       0xe4 _build/system_nrf51.o
                0x0000000000000208                SystemInit
 .text.startup.main
                0x00000000000002ec       0x6c _build/main.o
                0x00000000000002ec                main
 .text.nrf_delay_ms
                0x0000000000000358       0x3c _build/nrf_delay.o
                0x0000000000000358                nrf_delay_ms
 .text          0x0000000000000394       0x4c _build/gcc_startup_nrf51.o
                0x0000000000000394                Reset_Handler
                0x00000000000003d4                NMI_Handler
                0x00000000000003d6                HardFault_Handler
                0x00000000000003d8                SVC_Handler
                0x00000000000003da                PendSV_Handler
                0x00000000000003dc                SysTick_Handler
                0x00000000000003de                LPCOMP_IRQHandler
                0x00000000000003de                SWI4_IRQHandler
                0x00000000000003de                TEMP_IRQHandler
                0x00000000000003de                QDEC_IRQHandler
                0x00000000000003de                UART0_IRQHandler
                0x00000000000003de                SWI5_IRQHandler
                0x00000000000003de                TIMER0_IRQHandler
                0x00000000000003de                SWI0_IRQHandler
                0x00000000000003de                TIMER1_IRQHandler
                0x00000000000003de                ECB_IRQHandler
                0x00000000000003de                Default_Handler
                0x00000000000003de                ADC_IRQHandler
                0x00000000000003de                SWI3_IRQHandler
                0x00000000000003de                CCM_AAR_IRQHandler
                0x00000000000003de                WDT_IRQHandler
                0x00000000000003de                SWI2_IRQHandler
                0x00000000000003de                RNG_IRQHandler
                0x00000000000003de                SPI1_TWI1_IRQHandler
                0x00000000000003de                RTC1_IRQHandler
                0x00000000000003de                TIMER2_IRQHandler
                0x00000000000003de                SWI1_IRQHandler
                0x00000000000003de                SPI0_TWI0_IRQHandler
                0x00000000000003de                RTC0_IRQHandler
                0x00000000000003de                GPIOTE_IRQHandler
                0x00000000000003de                POWER_CLOCK_IRQHandler
                0x00000000000003de                RADIO_IRQHandler
 *(.init)
 .init          0x00000000000003e0        0x4 /Users/anita/opt/gcc-arm-none-eabi-7-2017-q4-major/bin/../lib/gcc/arm-none-eabi/7.2.1/thumb/v6-m/crti.o
                0x00000000000003e0                _init
 .init          0x00000000000003e4        0x8 /Users/anita/opt/gcc-arm-none-eabi-7-2017-q4-major/bin/../lib/gcc/arm-none-eabi/7.2.1/thumb/v6-m/crtn.o
 *(.fini)
 .fini          0x00000000000003ec        0x4 /Users/anita/opt/gcc-arm-none-eabi-7-2017-q4-major/bin/../lib/gcc/arm-none-eabi/7.2.1/thumb/v6-m/crti.o
                0x00000000000003ec                _fini
 .fini          0x00000000000003f0        0x8 /Users/anita/opt/gcc-arm-none-eabi-7-2017-q4-major/bin/../lib/gcc/arm-none-eabi/7.2.1/thumb/v6-m/crtn.o
 *crtbegin.o(.ctors)
 *crtbegin?.o(.ctors)
 *(EXCLUDE_FILE(*crtend.o *crtend?.o) .ctors)
 *(SORT_BY_NAME(.ctors.*))
 *(.ctors)
 *crtbegin.o(.dtors)
 *crtbegin?.o(.dtors)
 *(EXCLUDE_FILE(*crtend.o *crtend?.o) .dtors)
 *(SORT_BY_NAME(.dtors.*))
 *(.dtors)
 *(.rodata*)
 .rodata._global_impure_ptr
                0x00000000000003f8        0x4 /Users/anita/opt/gcc-arm-none-eabi-7-2017-q4-major/bin/../lib/gcc/arm-none-eabi/7.2.1/../../../../arm-none-eabi/lib/thumb/v6-m/libc_nano.a(lib_a-impure.o)
                0x00000000000003f8                _global_impure_ptr
 .rodata.leds_list
                0x00000000000003fc        0x3 _build/main.o
                0x00000000000003fc                leds_list
 *(.eh_frame*)
 *fill*         0x00000000000003ff        0x1 
 .eh_frame      0x0000000000000400        0x0 /Users/anita/opt/gcc-arm-none-eabi-7-2017-q4-major/bin/../lib/gcc/arm-none-eabi/7.2.1/thumb/v6-m/crtbegin.o
 .eh_frame      0x0000000000000400        0x4 /Users/anita/opt/gcc-arm-none-eabi-7-2017-q4-major/bin/../lib/gcc/arm-none-eabi/7.2.1/thumb/v6-m/crtend.o

.glue_7         0x0000000000000404        0x0
 .glue_7        0x0000000000000404        0x0 linker stubs

.glue_7t        0x0000000000000404        0x0
 .glue_7t       0x0000000000000404        0x0 linker stubs

.vfp11_veneer   0x0000000000000404        0x0
 .vfp11_veneer  0x0000000000000404        0x0 linker stubs

.v4_bx          0x0000000000000404        0x0
 .v4_bx         0x0000000000000404        0x0 linker stubs

.iplt           0x0000000000000404        0x0
 .iplt          0x0000000000000404        0x0 /Users/anita/opt/gcc-arm-none-eabi-7-2017-q4-major/bin/../lib/gcc/arm-none-eabi/7.2.1/thumb/v6-m/crtbegin.o

.ARM.extab
 *(.ARM.extab* .gnu.linkonce.armextab.*)
                0x0000000000000404                __exidx_start = .

.ARM.exidx      0x0000000000000404        0x8
 *(.ARM.exidx* .gnu.linkonce.armexidx.*)
 .ARM.exidx     0x0000000000000404        0x8 /Users/anita/opt/gcc-arm-none-eabi-7-2017-q4-major/bin/../lib/gcc/arm-none-eabi/7.2.1/../../../../arm-none-eabi/lib/thumb/v6-m/crt0.o
                0x000000000000040c                __exidx_end = .
                0x000000000000040c                __etext = .

.rel.dyn        0x000000000000040c        0x0
 .rel.iplt      0x000000000000040c        0x0 /Users/anita/opt/gcc-arm-none-eabi-7-2017-q4-major/bin/../lib/gcc/arm-none-eabi/7.2.1/thumb/v6-m/crtbegin.o

.data           0x0000000020000000       0x68 load address 0x000000000000040c
                0x0000000020000000                __data_start__ = .
 *(vtable)
 *(.data*)
 .data.impure_data
                0x0000000020000000       0x60 /Users/anita/opt/gcc-arm-none-eabi-7-2017-q4-major/bin/../lib/gcc/arm-none-eabi/7.2.1/../../../../arm-none-eabi/lib/thumb/v6-m/libc_nano.a(lib_a-impure.o)
                0x0000000020000060                . = ALIGN (0x4)
                0x0000000020000060                PROVIDE (__preinit_array_start, .)
 *(.preinit_array)
                0x0000000020000060                PROVIDE (__preinit_array_end, .)
                0x0000000020000060                . = ALIGN (0x4)
                0x0000000020000060                PROVIDE (__init_array_start, .)
 *(SORT_BY_NAME(.init_array.*))
 *(.init_array)
 .init_array    0x0000000020000060        0x4 /Users/anita/opt/gcc-arm-none-eabi-7-2017-q4-major/bin/../lib/gcc/arm-none-eabi/7.2.1/thumb/v6-m/crtbegin.o
                0x0000000020000064                PROVIDE (__init_array_end, .)
                0x0000000020000064                . = ALIGN (0x4)
                [!provide]                        PROVIDE (__fini_array_start, .)
 *(SORT_BY_NAME(.fini_array.*))
 *(.fini_array)
 .fini_array    0x0000000020000064        0x4 /Users/anita/opt/gcc-arm-none-eabi-7-2017-q4-major/bin/../lib/gcc/arm-none-eabi/7.2.1/thumb/v6-m/crtbegin.o
                [!provide]                        PROVIDE (__fini_array_end, .)
 *(.jcr*)
                0x0000000020000068                . = ALIGN (0x4)
                0x0000000020000068                __data_end__ = .
LOAD /Users/anita/opt/gcc-arm-none-eabi-7-2017-q4-major/bin/../lib/gcc/arm-none-eabi/7.2.1/thumb/v6-m/crti.o
LOAD /Users/anita/opt/gcc-arm-none-eabi-7-2017-q4-major/bin/../lib/gcc/arm-none-eabi/7.2.1/thumb/v6-m/crtbegin.o
LOAD /Users/anita/opt/gcc-arm-none-eabi-7-2017-q4-major/bin/../lib/gcc/arm-none-eabi/7.2.1/../../../../arm-none-eabi/lib/thumb/v6-m/crt0.o
LOAD /Users/anita/opt/gcc-arm-none-eabi-7-2017-q4-major/bin/../lib/gcc/arm-none-eabi/7.2.1/../../../../arm-none-eabi/lib/thumb/v6-m/libc_nano.a
LOAD /Users/anita/opt/gcc-arm-none-eabi-7-2017-q4-major/bin/../lib/gcc/arm-none-eabi/7.2.1/../../../../arm-none-eabi/lib/thumb/v6-m/libnosys.a
LOAD _build/system_nrf51.o
LOAD _build/main.o
LOAD _build/nrf_delay.o
LOAD _build/gcc_startup_nrf51.o
LOAD /Users/anita/opt/gcc-arm-none-eabi-7-2017-q4-major/bin/../lib/gcc/arm-none-eabi/7.2.1/../../../../arm-none-eabi/lib/thumb/v6-m/libm.a
START GROUP
LOAD /Users/anita/opt/gcc-arm-none-eabi-7-2017-q4-major/bin/../lib/gcc/arm-none-eabi/7.2.1/thumb/v6-m/libgcc.a
LOAD /Users/anita/opt/gcc-arm-none-eabi-7-2017-q4-major/bin/../lib/gcc/arm-none-eabi/7.2.1/../../../../arm-none-eabi/lib/thumb/v6-m/libc_nano.a
END GROUP
START GROUP
LOAD /Users/anita/opt/gcc-arm-none-eabi-7-2017-q4-major/bin/../lib/gcc/arm-none-eabi/7.2.1/thumb/v6-m/libgcc.a
LOAD /Users/anita/opt/gcc-arm-none-eabi-7-2017-q4-major/bin/../lib/gcc/arm-none-eabi/7.2.1/../../../../arm-none-eabi/lib/thumb/v6-m/libc_nano.a
END GROUP
LOAD /Users/anita/opt/gcc-arm-none-eabi-7-2017-q4-major/bin/../lib/gcc/arm-none-eabi/7.2.1/thumb/v6-m/crtend.o
LOAD /Users/anita/opt/gcc-arm-none-eabi-7-2017-q4-major/bin/../lib/gcc/arm-none-eabi/7.2.1/thumb/v6-m/crtn.o
START GROUP
LOAD /Users/anita/opt/gcc-arm-none-eabi-7-2017-q4-major/bin/../lib/gcc/arm-none-eabi/7.2.1/thumb/v6-m/libgcc.a
LOAD /Users/anita/opt/gcc-arm-none-eabi-7-2017-q4-major/bin/../lib/gcc/arm-none-eabi/7.2.1/../../../../arm-none-eabi/lib/thumb/v6-m/libc.a
LOAD /Users/anita/opt/gcc-arm-none-eabi-7-2017-q4-major/bin/../lib/gcc/arm-none-eabi/7.2.1/../../../../arm-none-eabi/lib/thumb/v6-m/libnosys.a
END GROUP

.igot.plt       0x0000000020000068        0x0 load address 0x0000000000000474
 .igot.plt      0x0000000020000068        0x0 /Users/anita/opt/gcc-arm-none-eabi-7-2017-q4-major/bin/../lib/gcc/arm-none-eabi/7.2.1/thumb/v6-m/crtbegin.o

.fs_data        0x0000000020000068        0x0
                [!provide]                        PROVIDE (__start_fs_data, .)
 *(.fs_data)
                [!provide]                        PROVIDE (__stop_fs_data, .)

.bss            0x0000000020000068       0x1c load address 0x0000000000000474
                0x0000000020000068                . = ALIGN (0x4)
                0x0000000020000068                __bss_start__ = .
 *(.bss*)
 .bss           0x0000000020000068       0x1c /Users/anita/opt/gcc-arm-none-eabi-7-2017-q4-major/bin/../lib/gcc/arm-none-eabi/7.2.1/thumb/v6-m/crtbegin.o
 *(COMMON)
                0x0000000020000084                . = ALIGN (0x4)
                0x0000000020000084                __bss_end__ = .

.heap           0x0000000020000088      0x800
                0x0000000020000088                __end__ = .
                [!provide]                        PROVIDE (end, .)
 *(.heap*)
 .heap          0x0000000020000088      0x800 _build/gcc_startup_nrf51.o
                0x0000000020000088                __HeapBase
                0x0000000020000888                __HeapLimit = .

.stack_dummy    0x0000000020000088      0x800
 *(.stack*)
 .stack         0x0000000020000088      0x800 _build/gcc_startup_nrf51.o
                0x0000000020004000                __StackTop = (ORIGIN (RAM) + LENGTH (RAM))
                0x0000000020003800                __StackLimit = (__StackTop - SIZEOF (.stack_dummy))
                0x0000000020004000                PROVIDE (__stack, __StackTop)
                0x0000000000000001                ASSERT ((__StackLimit >= __HeapLimit), region RAM overflowed with stack)
OUTPUT(_build/nrf51822_xxaa.out elf32-littlearm)

.ARM.attributes
                0x0000000000000000       0x28
 .ARM.attributes
                0x0000000000000000       0x1e /Users/anita/opt/gcc-arm-none-eabi-7-2017-q4-major/bin/../lib/gcc/arm-none-eabi/7.2.1/thumb/v6-m/crti.o
 .ARM.attributes
                0x000000000000001e       0x2c /Users/anita/opt/gcc-arm-none-eabi-7-2017-q4-major/bin/../lib/gcc/arm-none-eabi/7.2.1/thumb/v6-m/crtbegin.o
 .ARM.attributes
                0x000000000000004a       0x1b /Users/anita/opt/gcc-arm-none-eabi-7-2017-q4-major/bin/../lib/gcc/arm-none-eabi/7.2.1/../../../../arm-none-eabi/lib/thumb/v6-m/crt0.o
 .ARM.attributes
                0x0000000000000065       0x2c /Users/anita/opt/gcc-arm-none-eabi-7-2017-q4-major/bin/../lib/gcc/arm-none-eabi/7.2.1/../../../../arm-none-eabi/lib/thumb/v6-m/libc_nano.a(lib_a-exit.o)
 .ARM.attributes
                0x0000000000000091       0x2c /Users/anita/opt/gcc-arm-none-eabi-7-2017-q4-major/bin/../lib/gcc/arm-none-eabi/7.2.1/../../../../arm-none-eabi/lib/thumb/v6-m/libc_nano.a(lib_a-impure.o)
 .ARM.attributes
                0x00000000000000bd       0x2c /Users/anita/opt/gcc-arm-none-eabi-7-2017-q4-major/bin/../lib/gcc/arm-none-eabi/7.2.1/../../../../arm-none-eabi/lib/thumb/v6-m/libc_nano.a(lib_a-init.o)
 .ARM.attributes
                0x00000000000000e9       0x2c /Users/anita/opt/gcc-arm-none-eabi-7-2017-q4-major/bin/../lib/gcc/arm-none-eabi/7.2.1/../../../../arm-none-eabi/lib/thumb/v6-m/libc_nano.a(lib_a-memset.o)
 .ARM.attributes
                0x0000000000000115       0x2c /Users/anita/opt/gcc-arm-none-eabi-7-2017-q4-major/bin/../lib/gcc/arm-none-eabi/7.2.1/../../../../arm-none-eabi/lib/thumb/v6-m/libnosys.a(_exit.o)
 .ARM.attributes
                0x0000000000000141       0x31 _build/system_nrf51.o
 .ARM.attributes
                0x0000000000000172       0x31 _build/main.o
 .ARM.attributes
                0x00000000000001a3       0x31 _build/nrf_delay.o
 .ARM.attributes
                0x00000000000001d4       0x1b _build/gcc_startup_nrf51.o
 .ARM.attributes
                0x00000000000001ef       0x2c /Users/anita/opt/gcc-arm-none-eabi-7-2017-q4-major/bin/../lib/gcc/arm-none-eabi/7.2.1/thumb/v6-m/crtend.o
 .ARM.attributes
                0x000000000000021b       0x1e /Users/anita/opt/gcc-arm-none-eabi-7-2017-q4-major/bin/../lib/gcc/arm-none-eabi/7.2.1/thumb/v6-m/crtn.o

.comment        0x0000000000000000       0x7e
 .comment       0x0000000000000000       0x7e _build/system_nrf51.o
                                         0x7f (size before relaxing)
 .comment       0x000000000000007e       0x7f _build/main.o
 .comment       0x000000000000007e       0x7f _build/nrf_delay.o

.debug_frame    0x0000000000000000      0x118
 .debug_frame   0x0000000000000000       0x28 /Users/anita/opt/gcc-arm-none-eabi-7-2017-q4-major/bin/../lib/gcc/arm-none-eabi/7.2.1/../../../../arm-none-eabi/lib/thumb/v6-m/libc_nano.a(lib_a-exit.o)
 .debug_frame   0x0000000000000028       0x2c /Users/anita/opt/gcc-arm-none-eabi-7-2017-q4-major/bin/../lib/gcc/arm-none-eabi/7.2.1/../../../../arm-none-eabi/lib/thumb/v6-m/libc_nano.a(lib_a-init.o)
 .debug_frame   0x0000000000000054       0x20 /Users/anita/opt/gcc-arm-none-eabi-7-2017-q4-major/bin/../lib/gcc/arm-none-eabi/7.2.1/../../../../arm-none-eabi/lib/thumb/v6-m/libc_nano.a(lib_a-memset.o)
 .debug_frame   0x0000000000000074       0x20 /Users/anita/opt/gcc-arm-none-eabi-7-2017-q4-major/bin/../lib/gcc/arm-none-eabi/7.2.1/../../../../arm-none-eabi/lib/thumb/v6-m/libnosys.a(_exit.o)
 .debug_frame   0x0000000000000094       0x30 _build/system_nrf51.o
 .debug_frame   0x00000000000000c4       0x30 _build/main.o
 .debug_frame   0x00000000000000f4       0x24 _build/nrf_delay.o

.debug_info     0x0000000000000000      0xf07
 .debug_info    0x0000000000000000      0x1e2 _build/system_nrf51.o
 .debug_info    0x00000000000001e2      0x403 _build/main.o
 .debug_info    0x00000000000005e5      0x922 _build/nrf_delay.o

.debug_abbrev   0x0000000000000000      0x4d5
 .debug_abbrev  0x0000000000000000      0x10b _build/system_nrf51.o
 .debug_abbrev  0x000000000000010b      0x1b7 _build/main.o
 .debug_abbrev  0x00000000000002c2      0x213 _build/nrf_delay.o

.debug_aranges  0x0000000000000000       0x68
 .debug_aranges
                0x0000000000000000       0x28 _build/system_nrf51.o
 .debug_aranges
                0x0000000000000028       0x20 _build/main.o
 .debug_aranges
                0x0000000000000048       0x20 _build/nrf_delay.o

.debug_ranges   0x0000000000000000       0xf8
 .debug_ranges  0x0000000000000000       0x68 _build/system_nrf51.o
 .debug_ranges  0x0000000000000068       0x68 _build/main.o
 .debug_ranges  0x00000000000000d0       0x28 _build/nrf_delay.o

.debug_macro    0x0000000000000000     0xa4ae
 .debug_macro   0x0000000000000000       0xdf _build/system_nrf51.o
 .debug_macro   0x00000000000000df      0xa48 _build/system_nrf51.o
 .debug_macro   0x0000000000000b27       0x22 _build/system_nrf51.o
 .debug_macro   0x0000000000000b49       0x87 _build/system_nrf51.o
 .debug_macro   0x0000000000000bd0       0x51 _build/system_nrf51.o
 .debug_macro   0x0000000000000c21       0xef _build/system_nrf51.o
 .debug_macro   0x0000000000000d10       0x6a _build/system_nrf51.o
 .debug_macro   0x0000000000000d7a      0x1df _build/system_nrf51.o
 .debug_macro   0x0000000000000f59       0x22 _build/system_nrf51.o
 .debug_macro   0x0000000000000f7b       0x1c _build/system_nrf51.o
 .debug_macro   0x0000000000000f97       0x22 _build/system_nrf51.o
 .debug_macro   0x0000000000000fb9       0x3a _build/system_nrf51.o
 .debug_macro   0x0000000000000ff3       0x26 _build/system_nrf51.o
 .debug_macro   0x0000000000001019      0x30d _build/system_nrf51.o
 .debug_macro   0x0000000000001326      0x1d2 _build/system_nrf51.o
 .debug_macro   0x00000000000014f8     0x745a _build/system_nrf51.o
 .debug_macro   0x0000000000008952      0x976 _build/system_nrf51.o
 .debug_macro   0x00000000000092c8       0x1c _build/system_nrf51.o
 .debug_macro   0x00000000000092e4      0x100 _build/main.o
 .debug_macro   0x00000000000093e4       0x10 _build/main.o
 .debug_macro   0x00000000000093f4       0xb8 _build/main.o
 .debug_macro   0x00000000000094ac       0x22 _build/main.o
 .debug_macro   0x00000000000094ce      0x235 _build/nrf_delay.o
 .debug_macro   0x0000000000009703       0x52 _build/nrf_delay.o
 .debug_macro   0x0000000000009755       0x17 _build/nrf_delay.o
 .debug_macro   0x000000000000976c       0x8d _build/nrf_delay.o
 .debug_macro   0x00000000000097f9       0x35 _build/nrf_delay.o
 .debug_macro   0x000000000000982e       0x9c _build/nrf_delay.o
 .debug_macro   0x00000000000098ca       0x16 _build/nrf_delay.o
 .debug_macro   0x00000000000098e0       0x57 _build/nrf_delay.o
 .debug_macro   0x0000000000009937       0x97 _build/nrf_delay.o
 .debug_macro   0x00000000000099ce      0x353 _build/nrf_delay.o
 .debug_macro   0x0000000000009d21       0xf6 _build/nrf_delay.o
 .debug_macro   0x0000000000009e17       0x10 _build/nrf_delay.o
 .debug_macro   0x0000000000009e27       0x58 _build/nrf_delay.o
 .debug_macro   0x0000000000009e7f       0x1f _build/nrf_delay.o
 .debug_macro   0x0000000000009e9e       0x43 _build/nrf_delay.o
 .debug_macro   0x0000000000009ee1       0x20 _build/nrf_delay.o
 .debug_macro   0x0000000000009f01      0x18e _build/nrf_delay.o
 .debug_macro   0x000000000000a08f       0x10 _build/nrf_delay.o
 .debug_macro   0x000000000000a09f       0x1c _build/nrf_delay.o
 .debug_macro   0x000000000000a0bb       0x52 _build/nrf_delay.o
 .debug_macro   0x000000000000a10d       0x40 _build/nrf_delay.o
 .debug_macro   0x000000000000a14d       0x10 _build/nrf_delay.o
 .debug_macro   0x000000000000a15d       0x40 _build/nrf_delay.o
 .debug_macro   0x000000000000a19d       0xd7 _build/nrf_delay.o
 .debug_macro   0x000000000000a274       0x1c _build/nrf_delay.o
 .debug_macro   0x000000000000a290       0x3d _build/nrf_delay.o
 .debug_macro   0x000000000000a2cd       0x16 _build/nrf_delay.o
 .debug_macro   0x000000000000a2e3      0x16f _build/nrf_delay.o
 .debug_macro   0x000000000000a452       0x28 _build/nrf_delay.o
 .debug_macro   0x000000000000a47a       0x34 _build/nrf_delay.o

.debug_line     0x0000000000000000      0xce8
 .debug_line    0x0000000000000000      0x37d _build/system_nrf51.o
 .debug_line    0x000000000000037d      0x4b2 _build/main.o
 .debug_line    0x000000000000082f      0x4b9 _build/nrf_delay.o

.debug_str      0x0000000000000000    0x3456e
 .debug_str     0x0000000000000000    0x2f9d6 _build/system_nrf51.o
                                      0x2fb4e (size before relaxing)
 .debug_str     0x000000000002f9d6      0x908 _build/main.o
                                      0x30341 (size before relaxing)
 .debug_str     0x00000000000302de     0x4290 _build/nrf_delay.o
                                      0x33d2a (size before relaxing)

.debug_loc      0x0000000000000000      0x120
 .debug_loc     0x0000000000000000       0xe9 _build/main.o
 .debug_loc     0x00000000000000e9       0x37 _build/nrf_delay.o
