Archive member included to satisfy reference by file (symbol)

/Users/anita/opt/gcc-arm-none-eabi-7-2017-q4-major/bin/../lib/gcc/arm-none-eabi/7.2.1/../../../../arm-none-eabi/lib/thumb/v7e-m/fpv4-sp/hard/libc_nano.a(lib_a-exit.o)
                              /Users/anita/opt/gcc-arm-none-eabi-7-2017-q4-major/bin/../lib/gcc/arm-none-eabi/7.2.1/../../../../arm-none-eabi/lib/thumb/v7e-m/fpv4-sp/hard/crt0.o (exit)
/Users/anita/opt/gcc-arm-none-eabi-7-2017-q4-major/bin/../lib/gcc/arm-none-eabi/7.2.1/../../../../arm-none-eabi/lib/thumb/v7e-m/fpv4-sp/hard/libc_nano.a(lib_a-impure.o)
                              /Users/anita/opt/gcc-arm-none-eabi-7-2017-q4-major/bin/../lib/gcc/arm-none-eabi/7.2.1/../../../../arm-none-eabi/lib/thumb/v7e-m/fpv4-sp/hard/libc_nano.a(lib_a-exit.o) (_global_impure_ptr)
/Users/anita/opt/gcc-arm-none-eabi-7-2017-q4-major/bin/../lib/gcc/arm-none-eabi/7.2.1/../../../../arm-none-eabi/lib/thumb/v7e-m/fpv4-sp/hard/libc_nano.a(lib_a-init.o)
                              /Users/anita/opt/gcc-arm-none-eabi-7-2017-q4-major/bin/../lib/gcc/arm-none-eabi/7.2.1/../../../../arm-none-eabi/lib/thumb/v7e-m/fpv4-sp/hard/crt0.o (__libc_init_array)
/Users/anita/opt/gcc-arm-none-eabi-7-2017-q4-major/bin/../lib/gcc/arm-none-eabi/7.2.1/../../../../arm-none-eabi/lib/thumb/v7e-m/fpv4-sp/hard/libc_nano.a(lib_a-memset.o)
                              /Users/anita/opt/gcc-arm-none-eabi-7-2017-q4-major/bin/../lib/gcc/arm-none-eabi/7.2.1/../../../../arm-none-eabi/lib/thumb/v7e-m/fpv4-sp/hard/crt0.o (memset)
/Users/anita/opt/gcc-arm-none-eabi-7-2017-q4-major/bin/../lib/gcc/arm-none-eabi/7.2.1/../../../../arm-none-eabi/lib/thumb/v7e-m/fpv4-sp/hard/libnosys.a(_exit.o)
                              /Users/anita/opt/gcc-arm-none-eabi-7-2017-q4-major/bin/../lib/gcc/arm-none-eabi/7.2.1/../../../../arm-none-eabi/lib/thumb/v7e-m/fpv4-sp/hard/libc_nano.a(lib_a-exit.o) (_exit)

Discarded input sections

 .text          0x0000000000000000        0x0 /Users/anita/opt/gcc-arm-none-eabi-7-2017-q4-major/bin/../lib/gcc/arm-none-eabi/7.2.1/thumb/v7e-m/fpv4-sp/hard/crti.o
 .data          0x0000000000000000        0x0 /Users/anita/opt/gcc-arm-none-eabi-7-2017-q4-major/bin/../lib/gcc/arm-none-eabi/7.2.1/thumb/v7e-m/fpv4-sp/hard/crti.o
 .bss           0x0000000000000000        0x0 /Users/anita/opt/gcc-arm-none-eabi-7-2017-q4-major/bin/../lib/gcc/arm-none-eabi/7.2.1/thumb/v7e-m/fpv4-sp/hard/crti.o
 .data          0x0000000000000000        0x4 /Users/anita/opt/gcc-arm-none-eabi-7-2017-q4-major/bin/../lib/gcc/arm-none-eabi/7.2.1/thumb/v7e-m/fpv4-sp/hard/crtbegin.o
 .data          0x0000000000000000        0x0 /Users/anita/opt/gcc-arm-none-eabi-7-2017-q4-major/bin/../lib/gcc/arm-none-eabi/7.2.1/../../../../arm-none-eabi/lib/thumb/v7e-m/fpv4-sp/hard/crt0.o
 .bss           0x0000000000000000        0x0 /Users/anita/opt/gcc-arm-none-eabi-7-2017-q4-major/bin/../lib/gcc/arm-none-eabi/7.2.1/../../../../arm-none-eabi/lib/thumb/v7e-m/fpv4-sp/hard/crt0.o
 .ARM.extab     0x0000000000000000        0x0 /Users/anita/opt/gcc-arm-none-eabi-7-2017-q4-major/bin/../lib/gcc/arm-none-eabi/7.2.1/../../../../arm-none-eabi/lib/thumb/v7e-m/fpv4-sp/hard/crt0.o
 .text          0x0000000000000000        0x0 /Users/anita/opt/gcc-arm-none-eabi-7-2017-q4-major/bin/../lib/gcc/arm-none-eabi/7.2.1/../../../../arm-none-eabi/lib/thumb/v7e-m/fpv4-sp/hard/libc_nano.a(lib_a-exit.o)
 .data          0x0000000000000000        0x0 /Users/anita/opt/gcc-arm-none-eabi-7-2017-q4-major/bin/../lib/gcc/arm-none-eabi/7.2.1/../../../../arm-none-eabi/lib/thumb/v7e-m/fpv4-sp/hard/libc_nano.a(lib_a-exit.o)
 .bss           0x0000000000000000        0x0 /Users/anita/opt/gcc-arm-none-eabi-7-2017-q4-major/bin/../lib/gcc/arm-none-eabi/7.2.1/../../../../arm-none-eabi/lib/thumb/v7e-m/fpv4-sp/hard/libc_nano.a(lib_a-exit.o)
 .text          0x0000000000000000        0x0 /Users/anita/opt/gcc-arm-none-eabi-7-2017-q4-major/bin/../lib/gcc/arm-none-eabi/7.2.1/../../../../arm-none-eabi/lib/thumb/v7e-m/fpv4-sp/hard/libc_nano.a(lib_a-impure.o)
 .data          0x0000000000000000        0x0 /Users/anita/opt/gcc-arm-none-eabi-7-2017-q4-major/bin/../lib/gcc/arm-none-eabi/7.2.1/../../../../arm-none-eabi/lib/thumb/v7e-m/fpv4-sp/hard/libc_nano.a(lib_a-impure.o)
 .bss           0x0000000000000000        0x0 /Users/anita/opt/gcc-arm-none-eabi-7-2017-q4-major/bin/../lib/gcc/arm-none-eabi/7.2.1/../../../../arm-none-eabi/lib/thumb/v7e-m/fpv4-sp/hard/libc_nano.a(lib_a-impure.o)
 .data._impure_ptr
                0x0000000000000000        0x4 /Users/anita/opt/gcc-arm-none-eabi-7-2017-q4-major/bin/../lib/gcc/arm-none-eabi/7.2.1/../../../../arm-none-eabi/lib/thumb/v7e-m/fpv4-sp/hard/libc_nano.a(lib_a-impure.o)
 .text          0x0000000000000000        0x0 /Users/anita/opt/gcc-arm-none-eabi-7-2017-q4-major/bin/../lib/gcc/arm-none-eabi/7.2.1/../../../../arm-none-eabi/lib/thumb/v7e-m/fpv4-sp/hard/libc_nano.a(lib_a-init.o)
 .data          0x0000000000000000        0x0 /Users/anita/opt/gcc-arm-none-eabi-7-2017-q4-major/bin/../lib/gcc/arm-none-eabi/7.2.1/../../../../arm-none-eabi/lib/thumb/v7e-m/fpv4-sp/hard/libc_nano.a(lib_a-init.o)
 .bss           0x0000000000000000        0x0 /Users/anita/opt/gcc-arm-none-eabi-7-2017-q4-major/bin/../lib/gcc/arm-none-eabi/7.2.1/../../../../arm-none-eabi/lib/thumb/v7e-m/fpv4-sp/hard/libc_nano.a(lib_a-init.o)
 .text          0x0000000000000000        0x0 /Users/anita/opt/gcc-arm-none-eabi-7-2017-q4-major/bin/../lib/gcc/arm-none-eabi/7.2.1/../../../../arm-none-eabi/lib/thumb/v7e-m/fpv4-sp/hard/libc_nano.a(lib_a-memset.o)
 .data          0x0000000000000000        0x0 /Users/anita/opt/gcc-arm-none-eabi-7-2017-q4-major/bin/../lib/gcc/arm-none-eabi/7.2.1/../../../../arm-none-eabi/lib/thumb/v7e-m/fpv4-sp/hard/libc_nano.a(lib_a-memset.o)
 .bss           0x0000000000000000        0x0 /Users/anita/opt/gcc-arm-none-eabi-7-2017-q4-major/bin/../lib/gcc/arm-none-eabi/7.2.1/../../../../arm-none-eabi/lib/thumb/v7e-m/fpv4-sp/hard/libc_nano.a(lib_a-memset.o)
 .text          0x0000000000000000        0x0 /Users/anita/opt/gcc-arm-none-eabi-7-2017-q4-major/bin/../lib/gcc/arm-none-eabi/7.2.1/../../../../arm-none-eabi/lib/thumb/v7e-m/fpv4-sp/hard/libnosys.a(_exit.o)
 .data          0x0000000000000000        0x0 /Users/anita/opt/gcc-arm-none-eabi-7-2017-q4-major/bin/../lib/gcc/arm-none-eabi/7.2.1/../../../../arm-none-eabi/lib/thumb/v7e-m/fpv4-sp/hard/libnosys.a(_exit.o)
 .bss           0x0000000000000000        0x0 /Users/anita/opt/gcc-arm-none-eabi-7-2017-q4-major/bin/../lib/gcc/arm-none-eabi/7.2.1/../../../../arm-none-eabi/lib/thumb/v7e-m/fpv4-sp/hard/libnosys.a(_exit.o)
 .group         0x0000000000000000        0xc _build/system_nrf52.o
 .group         0x0000000000000000        0xc _build/system_nrf52.o
 .group         0x0000000000000000        0xc _build/system_nrf52.o
 .group         0x0000000000000000        0xc _build/system_nrf52.o
 .group         0x0000000000000000        0xc _build/system_nrf52.o
 .group         0x0000000000000000        0xc _build/system_nrf52.o
 .group         0x0000000000000000        0xc _build/system_nrf52.o
 .group         0x0000000000000000        0xc _build/system_nrf52.o
 .group         0x0000000000000000        0xc _build/system_nrf52.o
 .group         0x0000000000000000        0xc _build/system_nrf52.o
 .group         0x0000000000000000        0xc _build/system_nrf52.o
 .group         0x0000000000000000        0xc _build/system_nrf52.o
 .group         0x0000000000000000        0xc _build/system_nrf52.o
 .group         0x0000000000000000        0xc _build/system_nrf52.o
 .group         0x0000000000000000        0xc _build/system_nrf52.o
 .group         0x0000000000000000        0xc _build/system_nrf52.o
 .group         0x0000000000000000        0xc _build/system_nrf52.o
 .group         0x0000000000000000        0xc _build/system_nrf52.o
 .text          0x0000000000000000        0x0 _build/system_nrf52.o
 .data          0x0000000000000000        0x0 _build/system_nrf52.o
 .bss           0x0000000000000000        0x0 _build/system_nrf52.o
 .group         0x0000000000000000        0xc _build/main.o
 .group         0x0000000000000000        0xc _build/main.o
 .group         0x0000000000000000        0xc _build/main.o
 .group         0x0000000000000000        0xc _build/main.o
 .group         0x0000000000000000        0xc _build/main.o
 .group         0x0000000000000000        0xc _build/main.o
 .group         0x0000000000000000        0xc _build/main.o
 .group         0x0000000000000000        0xc _build/main.o
 .group         0x0000000000000000        0xc _build/main.o
 .group         0x0000000000000000        0xc _build/main.o
 .group         0x0000000000000000        0xc _build/main.o
 .group         0x0000000000000000        0xc _build/main.o
 .group         0x0000000000000000        0xc _build/main.o
 .group         0x0000000000000000        0xc _build/main.o
 .group         0x0000000000000000        0xc _build/main.o
 .group         0x0000000000000000        0xc _build/main.o
 .group         0x0000000000000000        0xc _build/main.o
 .group         0x0000000000000000        0xc _build/main.o
 .group         0x0000000000000000        0xc _build/main.o
 .group         0x0000000000000000        0xc _build/main.o
 .group         0x0000000000000000        0xc _build/main.o
 .text          0x0000000000000000        0x0 _build/main.o
 .data          0x0000000000000000        0x0 _build/main.o
 .bss           0x0000000000000000        0x0 _build/main.o
 .debug_macro   0x0000000000000000      0xab4 _build/main.o
 .debug_macro   0x0000000000000000       0x22 _build/main.o
 .debug_macro   0x0000000000000000       0x22 _build/main.o
 .debug_macro   0x0000000000000000       0x87 _build/main.o
 .debug_macro   0x0000000000000000       0x51 _build/main.o
 .debug_macro   0x0000000000000000       0xef _build/main.o
 .debug_macro   0x0000000000000000       0x6a _build/main.o
 .debug_macro   0x0000000000000000      0x1df _build/main.o
 .debug_macro   0x0000000000000000       0x1c _build/main.o
 .debug_macro   0x0000000000000000       0x2d _build/main.o
 .debug_macro   0x0000000000000000       0x3b _build/main.o
 .debug_macro   0x0000000000000000       0x50 _build/main.o
 .debug_macro   0x0000000000000000      0xe66 _build/main.o
 .debug_macro   0x0000000000000000      0x3a0 _build/main.o
 .debug_macro   0x0000000000000000    0x10245 _build/main.o
 .debug_macro   0x0000000000000000     0x12c7 _build/main.o
 .debug_macro   0x0000000000000000       0x7c _build/main.o
 .debug_macro   0x0000000000000000       0x1c _build/main.o
 .group         0x0000000000000000        0xc _build/nrf_delay.o
 .group         0x0000000000000000        0xc _build/nrf_delay.o
 .group         0x0000000000000000        0xc _build/nrf_delay.o
 .group         0x0000000000000000        0xc _build/nrf_delay.o
 .group         0x0000000000000000        0xc _build/nrf_delay.o
 .group         0x0000000000000000        0xc _build/nrf_delay.o
 .group         0x0000000000000000        0xc _build/nrf_delay.o
 .group         0x0000000000000000        0xc _build/nrf_delay.o
 .group         0x0000000000000000        0xc _build/nrf_delay.o
 .group         0x0000000000000000        0xc _build/nrf_delay.o
 .group         0x0000000000000000        0xc _build/nrf_delay.o
 .group         0x0000000000000000        0xc _build/nrf_delay.o
 .group         0x0000000000000000        0xc _build/nrf_delay.o
 .group         0x0000000000000000        0xc _build/nrf_delay.o
 .group         0x0000000000000000        0xc _build/nrf_delay.o
 .group         0x0000000000000000        0xc _build/nrf_delay.o
 .group         0x0000000000000000        0xc _build/nrf_delay.o
 .group         0x0000000000000000        0xc _build/nrf_delay.o
 .group         0x0000000000000000        0xc _build/nrf_delay.o
 .group         0x0000000000000000        0xc _build/nrf_delay.o
 .group         0x0000000000000000        0xc _build/nrf_delay.o
 .group         0x0000000000000000        0xc _build/nrf_delay.o
 .group         0x0000000000000000        0xc _build/nrf_delay.o
 .group         0x0000000000000000        0xc _build/nrf_delay.o
 .group         0x0000000000000000        0xc _build/nrf_delay.o
 .group         0x0000000000000000        0xc _build/nrf_delay.o
 .group         0x0000000000000000        0xc _build/nrf_delay.o
 .group         0x0000000000000000        0xc _build/nrf_delay.o
 .group         0x0000000000000000        0xc _build/nrf_delay.o
 .group         0x0000000000000000        0xc _build/nrf_delay.o
 .group         0x0000000000000000        0xc _build/nrf_delay.o
 .group         0x0000000000000000        0xc _build/nrf_delay.o
 .group         0x0000000000000000        0xc _build/nrf_delay.o
 .group         0x0000000000000000        0xc _build/nrf_delay.o
 .group         0x0000000000000000        0xc _build/nrf_delay.o
 .group         0x0000000000000000        0xc _build/nrf_delay.o
 .group         0x0000000000000000        0xc _build/nrf_delay.o
 .group         0x0000000000000000        0xc _build/nrf_delay.o
 .group         0x0000000000000000        0xc _build/nrf_delay.o
 .group         0x0000000000000000        0xc _build/nrf_delay.o
 .group         0x0000000000000000        0xc _build/nrf_delay.o
 .group         0x0000000000000000        0xc _build/nrf_delay.o
 .text          0x0000000000000000        0x0 _build/nrf_delay.o
 .data          0x0000000000000000        0x0 _build/nrf_delay.o
 .bss           0x0000000000000000        0x0 _build/nrf_delay.o
 .debug_macro   0x0000000000000000      0xab4 _build/nrf_delay.o
 .debug_macro   0x0000000000000000       0x22 _build/nrf_delay.o
 .debug_macro   0x0000000000000000       0x6a _build/nrf_delay.o
 .debug_macro   0x0000000000000000       0x1c _build/nrf_delay.o
 .debug_macro   0x0000000000000000       0x2d _build/nrf_delay.o
 .debug_macro   0x0000000000000000       0xef _build/nrf_delay.o
 .debug_macro   0x0000000000000000      0x1df _build/nrf_delay.o
 .debug_macro   0x0000000000000000       0x50 _build/nrf_delay.o
 .debug_macro   0x0000000000000000      0xe66 _build/nrf_delay.o
 .debug_macro   0x0000000000000000      0x3a0 _build/nrf_delay.o
 .debug_macro   0x0000000000000000    0x10245 _build/nrf_delay.o
 .debug_macro   0x0000000000000000     0x12c7 _build/nrf_delay.o
 .debug_macro   0x0000000000000000       0x7c _build/nrf_delay.o
 .data          0x0000000000000000        0x0 _build/gcc_startup_nrf52.o
 .bss           0x0000000000000000        0x0 _build/gcc_startup_nrf52.o
 .text          0x0000000000000000        0x0 /Users/anita/opt/gcc-arm-none-eabi-7-2017-q4-major/bin/../lib/gcc/arm-none-eabi/7.2.1/thumb/v7e-m/fpv4-sp/hard/crtend.o
 .data          0x0000000000000000        0x0 /Users/anita/opt/gcc-arm-none-eabi-7-2017-q4-major/bin/../lib/gcc/arm-none-eabi/7.2.1/thumb/v7e-m/fpv4-sp/hard/crtend.o
 .bss           0x0000000000000000        0x0 /Users/anita/opt/gcc-arm-none-eabi-7-2017-q4-major/bin/../lib/gcc/arm-none-eabi/7.2.1/thumb/v7e-m/fpv4-sp/hard/crtend.o
 .text          0x0000000000000000        0x0 /Users/anita/opt/gcc-arm-none-eabi-7-2017-q4-major/bin/../lib/gcc/arm-none-eabi/7.2.1/thumb/v7e-m/fpv4-sp/hard/crtn.o
 .data          0x0000000000000000        0x0 /Users/anita/opt/gcc-arm-none-eabi-7-2017-q4-major/bin/../lib/gcc/arm-none-eabi/7.2.1/thumb/v7e-m/fpv4-sp/hard/crtn.o
 .bss           0x0000000000000000        0x0 /Users/anita/opt/gcc-arm-none-eabi-7-2017-q4-major/bin/../lib/gcc/arm-none-eabi/7.2.1/thumb/v7e-m/fpv4-sp/hard/crtn.o

Memory Configuration

Name             Origin             Length             Attributes
FLASH            0x0000000000000000 0x0000000000080000 xr
RAM              0x0000000020000000 0x0000000000010000 xrw
*default*        0x0000000000000000 0xffffffffffffffff

Linker script and memory map


.text           0x0000000000000000      0xbfc
 *(.isr_vector)
 .isr_vector    0x0000000000000000      0x400 _build/gcc_startup_nrf52.o
                0x0000000000000000                __isr_vector
 *(.text*)
 .text          0x0000000000000400       0x40 /Users/anita/opt/gcc-arm-none-eabi-7-2017-q4-major/bin/../lib/gcc/arm-none-eabi/7.2.1/thumb/v7e-m/fpv4-sp/hard/crtbegin.o
 .text          0x0000000000000440       0x74 /Users/anita/opt/gcc-arm-none-eabi-7-2017-q4-major/bin/../lib/gcc/arm-none-eabi/7.2.1/../../../../arm-none-eabi/lib/thumb/v7e-m/fpv4-sp/hard/crt0.o
                0x0000000000000440                _mainCRTStartup
                0x0000000000000440                _start
 .text.exit     0x00000000000004b4       0x28 /Users/anita/opt/gcc-arm-none-eabi-7-2017-q4-major/bin/../lib/gcc/arm-none-eabi/7.2.1/../../../../arm-none-eabi/lib/thumb/v7e-m/fpv4-sp/hard/libc_nano.a(lib_a-exit.o)
                0x00000000000004b4                exit
 .text.__libc_init_array
                0x00000000000004dc       0x48 /Users/anita/opt/gcc-arm-none-eabi-7-2017-q4-major/bin/../lib/gcc/arm-none-eabi/7.2.1/../../../../arm-none-eabi/lib/thumb/v7e-m/fpv4-sp/hard/libc_nano.a(lib_a-init.o)
                0x00000000000004dc                __libc_init_array
 .text.memset   0x0000000000000524       0x10 /Users/anita/opt/gcc-arm-none-eabi-7-2017-q4-major/bin/../lib/gcc/arm-none-eabi/7.2.1/../../../../arm-none-eabi/lib/thumb/v7e-m/fpv4-sp/hard/libc_nano.a(lib_a-memset.o)
                0x0000000000000524                memset
 .text._exit    0x0000000000000534        0x4 /Users/anita/opt/gcc-arm-none-eabi-7-2017-q4-major/bin/../lib/gcc/arm-none-eabi/7.2.1/../../../../arm-none-eabi/lib/thumb/v7e-m/fpv4-sp/hard/libnosys.a(_exit.o)
                0x0000000000000534                _exit
 .text.NVIC_SystemReset
                0x0000000000000538       0x28 _build/system_nrf52.o
 .text.SystemCoreClockUpdate
                0x0000000000000560       0x1c _build/system_nrf52.o
                0x0000000000000560                SystemCoreClockUpdate
 .text.SystemInit
                0x000000000000057c      0x258 _build/system_nrf52.o
                0x000000000000057c                SystemInit
 .text.errata_16
                0x00000000000007d4       0x44 _build/system_nrf52.o
 .text.errata_31
                0x0000000000000818       0x64 _build/system_nrf52.o
 .text.errata_32
                0x000000000000087c       0x44 _build/system_nrf52.o
 .text.errata_36
                0x00000000000008c0       0x64 _build/system_nrf52.o
 .text.errata_37
                0x0000000000000924       0x44 _build/system_nrf52.o
 .text.errata_57
                0x0000000000000968       0x44 _build/system_nrf52.o
 .text.errata_66
                0x00000000000009ac       0x44 _build/system_nrf52.o
 .text.nrf_gpio_cfg
                0x00000000000009f0       0x4e _build/main.o
 .text.nrf_gpio_cfg_output
                0x0000000000000a3e       0x24 _build/main.o
 *fill*         0x0000000000000a62        0x2 
 .text.main     0x0000000000000a64       0x94 _build/main.o
                0x0000000000000a64                main
 .text.nrf_delay_ms
                0x0000000000000af8       0xa4 _build/nrf_delay.o
                0x0000000000000af8                nrf_delay_ms
 .text          0x0000000000000b9c       0x3c _build/gcc_startup_nrf52.o
                0x0000000000000b9c                Reset_Handler
                0x0000000000000bc4                NMI_Handler
                0x0000000000000bc6                HardFault_Handler
                0x0000000000000bc8                MemoryManagement_Handler
                0x0000000000000bca                BusFault_Handler
                0x0000000000000bcc                UsageFault_Handler
                0x0000000000000bce                SVC_Handler
                0x0000000000000bd0                DebugMonitor_Handler
                0x0000000000000bd2                PendSV_Handler
                0x0000000000000bd4                SysTick_Handler
                0x0000000000000bd6                QDEC_IRQHandler
                0x0000000000000bd6                TIMER3_IRQHandler
                0x0000000000000bd6                FPU_IRQHandler
                0x0000000000000bd6                SPIM0_SPIS0_TWIM0_TWIS0_SPI0_TWI0_IRQHandler
                0x0000000000000bd6                UARTE0_UART0_IRQHandler
                0x0000000000000bd6                TIMER4_IRQHandler
                0x0000000000000bd6                I2S_IRQHandler
                0x0000000000000bd6                SWI4_EGU4_IRQHandler
                0x0000000000000bd6                TIMER0_IRQHandler
                0x0000000000000bd6                TIMER1_IRQHandler
                0x0000000000000bd6                PWM2_IRQHandler
                0x0000000000000bd6                ECB_IRQHandler
                0x0000000000000bd6                SPIM1_SPIS1_TWIM1_TWIS1_SPI1_TWI1_IRQHandler
                0x0000000000000bd6                Default_Handler
                0x0000000000000bd6                SAADC_IRQHandler
                0x0000000000000bd6                CCM_AAR_IRQHandler
                0x0000000000000bd6                WDT_IRQHandler
                0x0000000000000bd6                SWI5_EGU5_IRQHandler
                0x0000000000000bd6                RNG_IRQHandler
                0x0000000000000bd6                RTC2_IRQHandler
                0x0000000000000bd6                PWM0_IRQHandler
                0x0000000000000bd6                SWI3_EGU3_IRQHandler
                0x0000000000000bd6                RTC1_IRQHandler
                0x0000000000000bd6                SWI1_EGU1_IRQHandler
                0x0000000000000bd6                SPIM2_SPIS2_SPI2_IRQHandler
                0x0000000000000bd6                NFCT_IRQHandler
                0x0000000000000bd6                MWU_IRQHandler
                0x0000000000000bd6                TIMER2_IRQHandler
                0x0000000000000bd6                COMP_LPCOMP_IRQHandler
                0x0000000000000bd6                RTC0_IRQHandler
                0x0000000000000bd6                SWI0_EGU0_IRQHandler
                0x0000000000000bd6                SWI2_EGU2_IRQHandler
                0x0000000000000bd6                GPIOTE_IRQHandler
                0x0000000000000bd6                PWM1_IRQHandler
                0x0000000000000bd6                POWER_CLOCK_IRQHandler
                0x0000000000000bd6                RADIO_IRQHandler
                0x0000000000000bd6                PDM_IRQHandler
                0x0000000000000bd6                TEMP_IRQHandler
 *(.init)
 .init          0x0000000000000bd8        0x4 /Users/anita/opt/gcc-arm-none-eabi-7-2017-q4-major/bin/../lib/gcc/arm-none-eabi/7.2.1/thumb/v7e-m/fpv4-sp/hard/crti.o
                0x0000000000000bd8                _init
 .init          0x0000000000000bdc        0x8 /Users/anita/opt/gcc-arm-none-eabi-7-2017-q4-major/bin/../lib/gcc/arm-none-eabi/7.2.1/thumb/v7e-m/fpv4-sp/hard/crtn.o
 *(.fini)
 .fini          0x0000000000000be4        0x4 /Users/anita/opt/gcc-arm-none-eabi-7-2017-q4-major/bin/../lib/gcc/arm-none-eabi/7.2.1/thumb/v7e-m/fpv4-sp/hard/crti.o
                0x0000000000000be4                _fini
 .fini          0x0000000000000be8        0x8 /Users/anita/opt/gcc-arm-none-eabi-7-2017-q4-major/bin/../lib/gcc/arm-none-eabi/7.2.1/thumb/v7e-m/fpv4-sp/hard/crtn.o
 *crtbegin.o(.ctors)
 *crtbegin?.o(.ctors)
 *(EXCLUDE_FILE(*crtend.o *crtend?.o) .ctors)
 *(SORT_BY_NAME(.ctors.*))
 *(.ctors)
 *crtbegin.o(.dtors)
 *crtbegin?.o(.dtors)
 *(EXCLUDE_FILE(*crtend.o *crtend?.o) .dtors)
 *(SORT_BY_NAME(.dtors.*))
 *(.dtors)
 *(.rodata*)
 .rodata._global_impure_ptr
                0x0000000000000bf0        0x4 /Users/anita/opt/gcc-arm-none-eabi-7-2017-q4-major/bin/../lib/gcc/arm-none-eabi/7.2.1/../../../../arm-none-eabi/lib/thumb/v7e-m/fpv4-sp/hard/libc_nano.a(lib_a-impure.o)
                0x0000000000000bf0                _global_impure_ptr
 .rodata.leds_list
                0x0000000000000bf4        0x4 _build/main.o
                0x0000000000000bf4                leds_list
 *(.eh_frame*)
 .eh_frame      0x0000000000000bf8        0x0 /Users/anita/opt/gcc-arm-none-eabi-7-2017-q4-major/bin/../lib/gcc/arm-none-eabi/7.2.1/thumb/v7e-m/fpv4-sp/hard/crtbegin.o
 .eh_frame      0x0000000000000bf8        0x4 /Users/anita/opt/gcc-arm-none-eabi-7-2017-q4-major/bin/../lib/gcc/arm-none-eabi/7.2.1/thumb/v7e-m/fpv4-sp/hard/crtend.o

.glue_7         0x0000000000000bfc        0x0
 .glue_7        0x0000000000000bfc        0x0 linker stubs

.glue_7t        0x0000000000000bfc        0x0
 .glue_7t       0x0000000000000bfc        0x0 linker stubs

.vfp11_veneer   0x0000000000000bfc        0x0
 .vfp11_veneer  0x0000000000000bfc        0x0 linker stubs

.v4_bx          0x0000000000000bfc        0x0
 .v4_bx         0x0000000000000bfc        0x0 linker stubs

.iplt           0x0000000000000bfc        0x0
 .iplt          0x0000000000000bfc        0x0 /Users/anita/opt/gcc-arm-none-eabi-7-2017-q4-major/bin/../lib/gcc/arm-none-eabi/7.2.1/thumb/v7e-m/fpv4-sp/hard/crtbegin.o

.ARM.extab
 *(.ARM.extab* .gnu.linkonce.armextab.*)
                0x0000000000000bfc                __exidx_start = .

.ARM.exidx      0x0000000000000bfc        0x8
 *(.ARM.exidx* .gnu.linkonce.armexidx.*)
 .ARM.exidx     0x0000000000000bfc        0x8 /Users/anita/opt/gcc-arm-none-eabi-7-2017-q4-major/bin/../lib/gcc/arm-none-eabi/7.2.1/../../../../arm-none-eabi/lib/thumb/v7e-m/fpv4-sp/hard/crt0.o
                0x0000000000000c04                __exidx_end = .
                0x0000000000000c04                __etext = .

.rel.dyn        0x0000000000000c04        0x0
 .rel.iplt      0x0000000000000c04        0x0 /Users/anita/opt/gcc-arm-none-eabi-7-2017-q4-major/bin/../lib/gcc/arm-none-eabi/7.2.1/thumb/v7e-m/fpv4-sp/hard/crtbegin.o

.data           0x0000000020000000       0x6c load address 0x0000000000000c04
                0x0000000020000000                __data_start__ = .
 *(vtable)
 *(.data*)
 .data.impure_data
                0x0000000020000000       0x60 /Users/anita/opt/gcc-arm-none-eabi-7-2017-q4-major/bin/../lib/gcc/arm-none-eabi/7.2.1/../../../../arm-none-eabi/lib/thumb/v7e-m/fpv4-sp/hard/libc_nano.a(lib_a-impure.o)
 .data.SystemCoreClock
                0x0000000020000060        0x4 _build/system_nrf52.o
                0x0000000020000060                SystemCoreClock
                0x0000000020000064                . = ALIGN (0x4)
                0x0000000020000064                PROVIDE (__preinit_array_start, .)
 *(.preinit_array)
                0x0000000020000064                PROVIDE (__preinit_array_end, .)
                0x0000000020000064                . = ALIGN (0x4)
                0x0000000020000064                PROVIDE (__init_array_start, .)
 *(SORT_BY_NAME(.init_array.*))
 *(.init_array)
 .init_array    0x0000000020000064        0x4 /Users/anita/opt/gcc-arm-none-eabi-7-2017-q4-major/bin/../lib/gcc/arm-none-eabi/7.2.1/thumb/v7e-m/fpv4-sp/hard/crtbegin.o
                0x0000000020000068                PROVIDE (__init_array_end, .)
                0x0000000020000068                . = ALIGN (0x4)
                [!provide]                        PROVIDE (__fini_array_start, .)
 *(SORT_BY_NAME(.fini_array.*))
 *(.fini_array)
 .fini_array    0x0000000020000068        0x4 /Users/anita/opt/gcc-arm-none-eabi-7-2017-q4-major/bin/../lib/gcc/arm-none-eabi/7.2.1/thumb/v7e-m/fpv4-sp/hard/crtbegin.o
                [!provide]                        PROVIDE (__fini_array_end, .)
 *(.jcr*)
                0x000000002000006c                . = ALIGN (0x4)
                0x000000002000006c                __data_end__ = .
LOAD /Users/anita/opt/gcc-arm-none-eabi-7-2017-q4-major/bin/../lib/gcc/arm-none-eabi/7.2.1/thumb/v7e-m/fpv4-sp/hard/crti.o
LOAD /Users/anita/opt/gcc-arm-none-eabi-7-2017-q4-major/bin/../lib/gcc/arm-none-eabi/7.2.1/thumb/v7e-m/fpv4-sp/hard/crtbegin.o
LOAD /Users/anita/opt/gcc-arm-none-eabi-7-2017-q4-major/bin/../lib/gcc/arm-none-eabi/7.2.1/../../../../arm-none-eabi/lib/thumb/v7e-m/fpv4-sp/hard/crt0.o
LOAD /Users/anita/opt/gcc-arm-none-eabi-7-2017-q4-major/bin/../lib/gcc/arm-none-eabi/7.2.1/../../../../arm-none-eabi/lib/thumb/v7e-m/fpv4-sp/hard/libc_nano.a
LOAD /Users/anita/opt/gcc-arm-none-eabi-7-2017-q4-major/bin/../lib/gcc/arm-none-eabi/7.2.1/../../../../arm-none-eabi/lib/thumb/v7e-m/fpv4-sp/hard/libnosys.a
LOAD _build/system_nrf52.o
LOAD _build/main.o
LOAD _build/nrf_delay.o
LOAD _build/gcc_startup_nrf52.o
LOAD /Users/anita/opt/gcc-arm-none-eabi-7-2017-q4-major/bin/../lib/gcc/arm-none-eabi/7.2.1/../../../../arm-none-eabi/lib/thumb/v7e-m/fpv4-sp/hard/libm.a
START GROUP
LOAD /Users/anita/opt/gcc-arm-none-eabi-7-2017-q4-major/bin/../lib/gcc/arm-none-eabi/7.2.1/thumb/v7e-m/fpv4-sp/hard/libgcc.a
LOAD /Users/anita/opt/gcc-arm-none-eabi-7-2017-q4-major/bin/../lib/gcc/arm-none-eabi/7.2.1/../../../../arm-none-eabi/lib/thumb/v7e-m/fpv4-sp/hard/libc_nano.a
END GROUP
START GROUP
LOAD /Users/anita/opt/gcc-arm-none-eabi-7-2017-q4-major/bin/../lib/gcc/arm-none-eabi/7.2.1/thumb/v7e-m/fpv4-sp/hard/libgcc.a
LOAD /Users/anita/opt/gcc-arm-none-eabi-7-2017-q4-major/bin/../lib/gcc/arm-none-eabi/7.2.1/../../../../arm-none-eabi/lib/thumb/v7e-m/fpv4-sp/hard/libc_nano.a
END GROUP
LOAD /Users/anita/opt/gcc-arm-none-eabi-7-2017-q4-major/bin/../lib/gcc/arm-none-eabi/7.2.1/thumb/v7e-m/fpv4-sp/hard/crtend.o
LOAD /Users/anita/opt/gcc-arm-none-eabi-7-2017-q4-major/bin/../lib/gcc/arm-none-eabi/7.2.1/thumb/v7e-m/fpv4-sp/hard/crtn.o
START GROUP
LOAD /Users/anita/opt/gcc-arm-none-eabi-7-2017-q4-major/bin/../lib/gcc/arm-none-eabi/7.2.1/thumb/v7e-m/fpv4-sp/hard/libgcc.a
LOAD /Users/anita/opt/gcc-arm-none-eabi-7-2017-q4-major/bin/../lib/gcc/arm-none-eabi/7.2.1/../../../../arm-none-eabi/lib/thumb/v7e-m/fpv4-sp/hard/libc.a
LOAD /Users/anita/opt/gcc-arm-none-eabi-7-2017-q4-major/bin/../lib/gcc/arm-none-eabi/7.2.1/../../../../arm-none-eabi/lib/thumb/v7e-m/fpv4-sp/hard/libnosys.a
END GROUP

.igot.plt       0x000000002000006c        0x0 load address 0x0000000000000c70
 .igot.plt      0x000000002000006c        0x0 /Users/anita/opt/gcc-arm-none-eabi-7-2017-q4-major/bin/../lib/gcc/arm-none-eabi/7.2.1/thumb/v7e-m/fpv4-sp/hard/crtbegin.o

.fs_data        0x000000002000006c        0x0
                [!provide]                        PROVIDE (__start_fs_data, .)
 *(.fs_data)
                [!provide]                        PROVIDE (__stop_fs_data, .)

.bss            0x000000002000006c       0x1c load address 0x0000000000000c70
                0x000000002000006c                . = ALIGN (0x4)
                0x000000002000006c                __bss_start__ = .
 *(.bss*)
 .bss           0x000000002000006c       0x1c /Users/anita/opt/gcc-arm-none-eabi-7-2017-q4-major/bin/../lib/gcc/arm-none-eabi/7.2.1/thumb/v7e-m/fpv4-sp/hard/crtbegin.o
 *(COMMON)
                0x0000000020000088                . = ALIGN (0x4)
                0x0000000020000088                __bss_end__ = .

.heap           0x0000000020000088     0x2000
                0x0000000020000088                __end__ = .
                [!provide]                        PROVIDE (end, .)
 *(.heap*)
 .heap          0x0000000020000088     0x2000 _build/gcc_startup_nrf52.o
                0x0000000020000088                __HeapBase
                0x0000000020002088                __HeapLimit = .

.stack_dummy    0x0000000020000088     0x2000
 *(.stack*)
 .stack         0x0000000020000088     0x2000 _build/gcc_startup_nrf52.o
                0x0000000020010000                __StackTop = (ORIGIN (RAM) + LENGTH (RAM))
                0x000000002000e000                __StackLimit = (__StackTop - SIZEOF (.stack_dummy))
                0x0000000020010000                PROVIDE (__stack, __StackTop)
                0x0000000000000001                ASSERT ((__StackLimit >= __HeapLimit), region RAM overflowed with stack)
OUTPUT(_build/nrf52832_xxaa.out elf32-littlearm)

.ARM.attributes
                0x0000000000000000       0x30
 .ARM.attributes
                0x0000000000000000       0x22 /Users/anita/opt/gcc-arm-none-eabi-7-2017-q4-major/bin/../lib/gcc/arm-none-eabi/7.2.1/thumb/v7e-m/fpv4-sp/hard/crti.o
 .ARM.attributes
                0x0000000000000022       0x34 /Users/anita/opt/gcc-arm-none-eabi-7-2017-q4-major/bin/../lib/gcc/arm-none-eabi/7.2.1/thumb/v7e-m/fpv4-sp/hard/crtbegin.o
 .ARM.attributes
                0x0000000000000056       0x20 /Users/anita/opt/gcc-arm-none-eabi-7-2017-q4-major/bin/../lib/gcc/arm-none-eabi/7.2.1/../../../../arm-none-eabi/lib/thumb/v7e-m/fpv4-sp/hard/crt0.o
 .ARM.attributes
                0x0000000000000076       0x34 /Users/anita/opt/gcc-arm-none-eabi-7-2017-q4-major/bin/../lib/gcc/arm-none-eabi/7.2.1/../../../../arm-none-eabi/lib/thumb/v7e-m/fpv4-sp/hard/libc_nano.a(lib_a-exit.o)
 .ARM.attributes
                0x00000000000000aa       0x34 /Users/anita/opt/gcc-arm-none-eabi-7-2017-q4-major/bin/../lib/gcc/arm-none-eabi/7.2.1/../../../../arm-none-eabi/lib/thumb/v7e-m/fpv4-sp/hard/libc_nano.a(lib_a-impure.o)
 .ARM.attributes
                0x00000000000000de       0x34 /Users/anita/opt/gcc-arm-none-eabi-7-2017-q4-major/bin/../lib/gcc/arm-none-eabi/7.2.1/../../../../arm-none-eabi/lib/thumb/v7e-m/fpv4-sp/hard/libc_nano.a(lib_a-init.o)
 .ARM.attributes
                0x0000000000000112       0x34 /Users/anita/opt/gcc-arm-none-eabi-7-2017-q4-major/bin/../lib/gcc/arm-none-eabi/7.2.1/../../../../arm-none-eabi/lib/thumb/v7e-m/fpv4-sp/hard/libc_nano.a(lib_a-memset.o)
 .ARM.attributes
                0x0000000000000146       0x34 /Users/anita/opt/gcc-arm-none-eabi-7-2017-q4-major/bin/../lib/gcc/arm-none-eabi/7.2.1/../../../../arm-none-eabi/lib/thumb/v7e-m/fpv4-sp/hard/libnosys.a(_exit.o)
 .ARM.attributes
                0x000000000000017a       0x39 _build/system_nrf52.o
 .ARM.attributes
                0x00000000000001b3       0x39 _build/main.o
 .ARM.attributes
                0x00000000000001ec       0x39 _build/nrf_delay.o
 .ARM.attributes
                0x0000000000000225       0x1c _build/gcc_startup_nrf52.o
 .ARM.attributes
                0x0000000000000241       0x34 /Users/anita/opt/gcc-arm-none-eabi-7-2017-q4-major/bin/../lib/gcc/arm-none-eabi/7.2.1/thumb/v7e-m/fpv4-sp/hard/crtend.o
 .ARM.attributes
                0x0000000000000275       0x22 /Users/anita/opt/gcc-arm-none-eabi-7-2017-q4-major/bin/../lib/gcc/arm-none-eabi/7.2.1/thumb/v7e-m/fpv4-sp/hard/crtn.o

.comment        0x0000000000000000       0x7e
 .comment       0x0000000000000000       0x7e _build/system_nrf52.o
                                         0x7f (size before relaxing)
 .comment       0x000000000000007e       0x7f _build/main.o
 .comment       0x000000000000007e       0x7f _build/nrf_delay.o

.debug_frame    0x0000000000000000      0x28c
 .debug_frame   0x0000000000000000       0x28 /Users/anita/opt/gcc-arm-none-eabi-7-2017-q4-major/bin/../lib/gcc/arm-none-eabi/7.2.1/../../../../arm-none-eabi/lib/thumb/v7e-m/fpv4-sp/hard/libc_nano.a(lib_a-exit.o)
 .debug_frame   0x0000000000000028       0x2c /Users/anita/opt/gcc-arm-none-eabi-7-2017-q4-major/bin/../lib/gcc/arm-none-eabi/7.2.1/../../../../arm-none-eabi/lib/thumb/v7e-m/fpv4-sp/hard/libc_nano.a(lib_a-init.o)
 .debug_frame   0x0000000000000054       0x20 /Users/anita/opt/gcc-arm-none-eabi-7-2017-q4-major/bin/../lib/gcc/arm-none-eabi/7.2.1/../../../../arm-none-eabi/lib/thumb/v7e-m/fpv4-sp/hard/libc_nano.a(lib_a-memset.o)
 .debug_frame   0x0000000000000074       0x20 /Users/anita/opt/gcc-arm-none-eabi-7-2017-q4-major/bin/../lib/gcc/arm-none-eabi/7.2.1/../../../../arm-none-eabi/lib/thumb/v7e-m/fpv4-sp/hard/libnosys.a(_exit.o)
 .debug_frame   0x0000000000000094      0x144 _build/system_nrf52.o
 .debug_frame   0x00000000000001d8       0x7c _build/main.o
 .debug_frame   0x0000000000000254       0x38 _build/nrf_delay.o

.debug_info     0x0000000000000000     0x1aa7
 .debug_info    0x0000000000000000      0xd72 _build/system_nrf52.o
 .debug_info    0x0000000000000d72      0x3ea _build/main.o
 .debug_info    0x000000000000115c      0x94b _build/nrf_delay.o

.debug_abbrev   0x0000000000000000      0x587
 .debug_abbrev  0x0000000000000000      0x1e1 _build/system_nrf52.o
 .debug_abbrev  0x00000000000001e1      0x191 _build/main.o
 .debug_abbrev  0x0000000000000372      0x215 _build/nrf_delay.o

.debug_aranges  0x0000000000000000       0xb8
 .debug_aranges
                0x0000000000000000       0x68 _build/system_nrf52.o
 .debug_aranges
                0x0000000000000068       0x30 _build/main.o
 .debug_aranges
                0x0000000000000098       0x20 _build/nrf_delay.o

.debug_ranges   0x0000000000000000       0x88
 .debug_ranges  0x0000000000000000       0x58 _build/system_nrf52.o
 .debug_ranges  0x0000000000000058       0x20 _build/main.o
 .debug_ranges  0x0000000000000078       0x10 _build/nrf_delay.o

.debug_macro    0x0000000000000000    0x14c3a
 .debug_macro   0x0000000000000000       0xf5 _build/system_nrf52.o
 .debug_macro   0x00000000000000f5      0xab4 _build/system_nrf52.o
 .debug_macro   0x0000000000000ba9       0x22 _build/system_nrf52.o
 .debug_macro   0x0000000000000bcb       0x87 _build/system_nrf52.o
 .debug_macro   0x0000000000000c52       0x51 _build/system_nrf52.o
 .debug_macro   0x0000000000000ca3       0xef _build/system_nrf52.o
 .debug_macro   0x0000000000000d92       0x6a _build/system_nrf52.o
 .debug_macro   0x0000000000000dfc      0x1df _build/system_nrf52.o
 .debug_macro   0x0000000000000fdb       0x22 _build/system_nrf52.o
 .debug_macro   0x0000000000000ffd       0x1c _build/system_nrf52.o
 .debug_macro   0x0000000000001019       0x2d _build/system_nrf52.o
 .debug_macro   0x0000000000001046       0x3b _build/system_nrf52.o
 .debug_macro   0x0000000000001081       0x50 _build/system_nrf52.o
 .debug_macro   0x00000000000010d1      0xe66 _build/system_nrf52.o
 .debug_macro   0x0000000000001f37      0x3a0 _build/system_nrf52.o
 .debug_macro   0x00000000000022d7    0x10245 _build/system_nrf52.o
 .debug_macro   0x000000000001251c     0x12c7 _build/system_nrf52.o
 .debug_macro   0x00000000000137e3       0x7c _build/system_nrf52.o
 .debug_macro   0x000000000001385f       0x1c _build/system_nrf52.o
 .debug_macro   0x000000000001387b      0x116 _build/main.o
 .debug_macro   0x0000000000013991       0x10 _build/main.o
 .debug_macro   0x00000000000139a1      0x280 _build/main.o
 .debug_macro   0x0000000000013c21       0x22 _build/main.o
 .debug_macro   0x0000000000013c43      0x24b _build/nrf_delay.o
 .debug_macro   0x0000000000013e8e       0x52 _build/nrf_delay.o
 .debug_macro   0x0000000000013ee0       0x17 _build/nrf_delay.o
 .debug_macro   0x0000000000013ef7       0x8d _build/nrf_delay.o
 .debug_macro   0x0000000000013f84       0x35 _build/nrf_delay.o
 .debug_macro   0x0000000000013fb9       0x9c _build/nrf_delay.o
 .debug_macro   0x0000000000014055       0x16 _build/nrf_delay.o
 .debug_macro   0x000000000001406b       0x57 _build/nrf_delay.o
 .debug_macro   0x00000000000140c2       0x97 _build/nrf_delay.o
 .debug_macro   0x0000000000014159      0x353 _build/nrf_delay.o
 .debug_macro   0x00000000000144ac       0xf6 _build/nrf_delay.o
 .debug_macro   0x00000000000145a2       0x10 _build/nrf_delay.o
 .debug_macro   0x00000000000145b2       0x58 _build/nrf_delay.o
 .debug_macro   0x000000000001460a       0x1f _build/nrf_delay.o
 .debug_macro   0x0000000000014629       0x43 _build/nrf_delay.o
 .debug_macro   0x000000000001466c       0x20 _build/nrf_delay.o
 .debug_macro   0x000000000001468c      0x18e _build/nrf_delay.o
 .debug_macro   0x000000000001481a       0x10 _build/nrf_delay.o
 .debug_macro   0x000000000001482a       0x1c _build/nrf_delay.o
 .debug_macro   0x0000000000014846       0x52 _build/nrf_delay.o
 .debug_macro   0x0000000000014898       0x40 _build/nrf_delay.o
 .debug_macro   0x00000000000148d8       0x10 _build/nrf_delay.o
 .debug_macro   0x00000000000148e8       0x40 _build/nrf_delay.o
 .debug_macro   0x0000000000014928       0xd7 _build/nrf_delay.o
 .debug_macro   0x00000000000149ff       0x1c _build/nrf_delay.o
 .debug_macro   0x0000000000014a1b       0x3d _build/nrf_delay.o
 .debug_macro   0x0000000000014a58       0x16 _build/nrf_delay.o
 .debug_macro   0x0000000000014a6e      0x16f _build/nrf_delay.o
 .debug_macro   0x0000000000014bdd       0x28 _build/nrf_delay.o
 .debug_macro   0x0000000000014c05       0x35 _build/nrf_delay.o

.debug_line     0x0000000000000000      0xe86
 .debug_line    0x0000000000000000      0x4ed _build/system_nrf52.o
 .debug_line    0x00000000000004ed      0x4c4 _build/main.o
 .debug_line    0x00000000000009b1      0x4d5 _build/nrf_delay.o

.debug_str      0x0000000000000000    0x717dc
 .debug_str     0x0000000000000000    0x6c6f3 _build/system_nrf52.o
                                      0x6d151 (size before relaxing)
 .debug_str     0x000000000006c6f3      0xe4c _build/main.o
                                      0x6db3c (size before relaxing)
 .debug_str     0x000000000006d53f     0x429d _build/nrf_delay.o
                                      0x70fd7 (size before relaxing)
