Archive member included to satisfy reference by file (symbol)

/Users/anita/opt/gcc-arm-none-eabi-7-2017-q4-major/bin/../lib/gcc/arm-none-eabi/7.2.1/../../../../arm-none-eabi/lib/thumb/v7e-m/fpv4-sp/hard/libc_nano.a(lib_a-exit.o)
                              /Users/anita/opt/gcc-arm-none-eabi-7-2017-q4-major/bin/../lib/gcc/arm-none-eabi/7.2.1/../../../../arm-none-eabi/lib/thumb/v7e-m/fpv4-sp/hard/crt0.o (exit)
/Users/anita/opt/gcc-arm-none-eabi-7-2017-q4-major/bin/../lib/gcc/arm-none-eabi/7.2.1/../../../../arm-none-eabi/lib/thumb/v7e-m/fpv4-sp/hard/libc_nano.a(lib_a-impure.o)
                              /Users/anita/opt/gcc-arm-none-eabi-7-2017-q4-major/bin/../lib/gcc/arm-none-eabi/7.2.1/../../../../arm-none-eabi/lib/thumb/v7e-m/fpv4-sp/hard/libc_nano.a(lib_a-exit.o) (_global_impure_ptr)
/Users/anita/opt/gcc-arm-none-eabi-7-2017-q4-major/bin/../lib/gcc/arm-none-eabi/7.2.1/../../../../arm-none-eabi/lib/thumb/v7e-m/fpv4-sp/hard/libc_nano.a(lib_a-init.o)
                              /Users/anita/opt/gcc-arm-none-eabi-7-2017-q4-major/bin/../lib/gcc/arm-none-eabi/7.2.1/../../../../arm-none-eabi/lib/thumb/v7e-m/fpv4-sp/hard/crt0.o (__libc_init_array)
/Users/anita/opt/gcc-arm-none-eabi-7-2017-q4-major/bin/../lib/gcc/arm-none-eabi/7.2.1/../../../../arm-none-eabi/lib/thumb/v7e-m/fpv4-sp/hard/libc_nano.a(lib_a-memset.o)
                              /Users/anita/opt/gcc-arm-none-eabi-7-2017-q4-major/bin/../lib/gcc/arm-none-eabi/7.2.1/../../../../arm-none-eabi/lib/thumb/v7e-m/fpv4-sp/hard/crt0.o (memset)
/Users/anita/opt/gcc-arm-none-eabi-7-2017-q4-major/bin/../lib/gcc/arm-none-eabi/7.2.1/../../../../arm-none-eabi/lib/thumb/v7e-m/fpv4-sp/hard/libnosys.a(_exit.o)
                              /Users/anita/opt/gcc-arm-none-eabi-7-2017-q4-major/bin/../lib/gcc/arm-none-eabi/7.2.1/../../../../arm-none-eabi/lib/thumb/v7e-m/fpv4-sp/hard/libc_nano.a(lib_a-exit.o) (_exit)

Discarded input sections

 .text          0x0000000000000000        0x0 /Users/anita/opt/gcc-arm-none-eabi-7-2017-q4-major/bin/../lib/gcc/arm-none-eabi/7.2.1/thumb/v7e-m/fpv4-sp/hard/crti.o
 .data          0x0000000000000000        0x0 /Users/anita/opt/gcc-arm-none-eabi-7-2017-q4-major/bin/../lib/gcc/arm-none-eabi/7.2.1/thumb/v7e-m/fpv4-sp/hard/crti.o
 .bss           0x0000000000000000        0x0 /Users/anita/opt/gcc-arm-none-eabi-7-2017-q4-major/bin/../lib/gcc/arm-none-eabi/7.2.1/thumb/v7e-m/fpv4-sp/hard/crti.o
 .data          0x0000000000000000        0x4 /Users/anita/opt/gcc-arm-none-eabi-7-2017-q4-major/bin/../lib/gcc/arm-none-eabi/7.2.1/thumb/v7e-m/fpv4-sp/hard/crtbegin.o
 .data          0x0000000000000000        0x0 /Users/anita/opt/gcc-arm-none-eabi-7-2017-q4-major/bin/../lib/gcc/arm-none-eabi/7.2.1/../../../../arm-none-eabi/lib/thumb/v7e-m/fpv4-sp/hard/crt0.o
 .bss           0x0000000000000000        0x0 /Users/anita/opt/gcc-arm-none-eabi-7-2017-q4-major/bin/../lib/gcc/arm-none-eabi/7.2.1/../../../../arm-none-eabi/lib/thumb/v7e-m/fpv4-sp/hard/crt0.o
 .ARM.extab     0x0000000000000000        0x0 /Users/anita/opt/gcc-arm-none-eabi-7-2017-q4-major/bin/../lib/gcc/arm-none-eabi/7.2.1/../../../../arm-none-eabi/lib/thumb/v7e-m/fpv4-sp/hard/crt0.o
 .text          0x0000000000000000        0x0 /Users/anita/opt/gcc-arm-none-eabi-7-2017-q4-major/bin/../lib/gcc/arm-none-eabi/7.2.1/../../../../arm-none-eabi/lib/thumb/v7e-m/fpv4-sp/hard/libc_nano.a(lib_a-exit.o)
 .data          0x0000000000000000        0x0 /Users/anita/opt/gcc-arm-none-eabi-7-2017-q4-major/bin/../lib/gcc/arm-none-eabi/7.2.1/../../../../arm-none-eabi/lib/thumb/v7e-m/fpv4-sp/hard/libc_nano.a(lib_a-exit.o)
 .bss           0x0000000000000000        0x0 /Users/anita/opt/gcc-arm-none-eabi-7-2017-q4-major/bin/../lib/gcc/arm-none-eabi/7.2.1/../../../../arm-none-eabi/lib/thumb/v7e-m/fpv4-sp/hard/libc_nano.a(lib_a-exit.o)
 .text          0x0000000000000000        0x0 /Users/anita/opt/gcc-arm-none-eabi-7-2017-q4-major/bin/../lib/gcc/arm-none-eabi/7.2.1/../../../../arm-none-eabi/lib/thumb/v7e-m/fpv4-sp/hard/libc_nano.a(lib_a-impure.o)
 .data          0x0000000000000000        0x0 /Users/anita/opt/gcc-arm-none-eabi-7-2017-q4-major/bin/../lib/gcc/arm-none-eabi/7.2.1/../../../../arm-none-eabi/lib/thumb/v7e-m/fpv4-sp/hard/libc_nano.a(lib_a-impure.o)
 .bss           0x0000000000000000        0x0 /Users/anita/opt/gcc-arm-none-eabi-7-2017-q4-major/bin/../lib/gcc/arm-none-eabi/7.2.1/../../../../arm-none-eabi/lib/thumb/v7e-m/fpv4-sp/hard/libc_nano.a(lib_a-impure.o)
 .data._impure_ptr
                0x0000000000000000        0x4 /Users/anita/opt/gcc-arm-none-eabi-7-2017-q4-major/bin/../lib/gcc/arm-none-eabi/7.2.1/../../../../arm-none-eabi/lib/thumb/v7e-m/fpv4-sp/hard/libc_nano.a(lib_a-impure.o)
 .text          0x0000000000000000        0x0 /Users/anita/opt/gcc-arm-none-eabi-7-2017-q4-major/bin/../lib/gcc/arm-none-eabi/7.2.1/../../../../arm-none-eabi/lib/thumb/v7e-m/fpv4-sp/hard/libc_nano.a(lib_a-init.o)
 .data          0x0000000000000000        0x0 /Users/anita/opt/gcc-arm-none-eabi-7-2017-q4-major/bin/../lib/gcc/arm-none-eabi/7.2.1/../../../../arm-none-eabi/lib/thumb/v7e-m/fpv4-sp/hard/libc_nano.a(lib_a-init.o)
 .bss           0x0000000000000000        0x0 /Users/anita/opt/gcc-arm-none-eabi-7-2017-q4-major/bin/../lib/gcc/arm-none-eabi/7.2.1/../../../../arm-none-eabi/lib/thumb/v7e-m/fpv4-sp/hard/libc_nano.a(lib_a-init.o)
 .text          0x0000000000000000        0x0 /Users/anita/opt/gcc-arm-none-eabi-7-2017-q4-major/bin/../lib/gcc/arm-none-eabi/7.2.1/../../../../arm-none-eabi/lib/thumb/v7e-m/fpv4-sp/hard/libc_nano.a(lib_a-memset.o)
 .data          0x0000000000000000        0x0 /Users/anita/opt/gcc-arm-none-eabi-7-2017-q4-major/bin/../lib/gcc/arm-none-eabi/7.2.1/../../../../arm-none-eabi/lib/thumb/v7e-m/fpv4-sp/hard/libc_nano.a(lib_a-memset.o)
 .bss           0x0000000000000000        0x0 /Users/anita/opt/gcc-arm-none-eabi-7-2017-q4-major/bin/../lib/gcc/arm-none-eabi/7.2.1/../../../../arm-none-eabi/lib/thumb/v7e-m/fpv4-sp/hard/libc_nano.a(lib_a-memset.o)
 .text          0x0000000000000000        0x0 /Users/anita/opt/gcc-arm-none-eabi-7-2017-q4-major/bin/../lib/gcc/arm-none-eabi/7.2.1/../../../../arm-none-eabi/lib/thumb/v7e-m/fpv4-sp/hard/libnosys.a(_exit.o)
 .data          0x0000000000000000        0x0 /Users/anita/opt/gcc-arm-none-eabi-7-2017-q4-major/bin/../lib/gcc/arm-none-eabi/7.2.1/../../../../arm-none-eabi/lib/thumb/v7e-m/fpv4-sp/hard/libnosys.a(_exit.o)
 .bss           0x0000000000000000        0x0 /Users/anita/opt/gcc-arm-none-eabi-7-2017-q4-major/bin/../lib/gcc/arm-none-eabi/7.2.1/../../../../arm-none-eabi/lib/thumb/v7e-m/fpv4-sp/hard/libnosys.a(_exit.o)
 .group         0x0000000000000000        0xc _build/system_nrf52.o
 .group         0x0000000000000000        0xc _build/system_nrf52.o
 .group         0x0000000000000000        0xc _build/system_nrf52.o
 .group         0x0000000000000000        0xc _build/system_nrf52.o
 .group         0x0000000000000000        0xc _build/system_nrf52.o
 .group         0x0000000000000000        0xc _build/system_nrf52.o
 .group         0x0000000000000000        0xc _build/system_nrf52.o
 .group         0x0000000000000000        0xc _build/system_nrf52.o
 .group         0x0000000000000000        0xc _build/system_nrf52.o
 .group         0x0000000000000000        0xc _build/system_nrf52.o
 .group         0x0000000000000000        0xc _build/system_nrf52.o
 .group         0x0000000000000000        0xc _build/system_nrf52.o
 .group         0x0000000000000000        0xc _build/system_nrf52.o
 .group         0x0000000000000000        0xc _build/system_nrf52.o
 .group         0x0000000000000000        0xc _build/system_nrf52.o
 .group         0x0000000000000000        0xc _build/system_nrf52.o
 .group         0x0000000000000000        0xc _build/system_nrf52.o
 .group         0x0000000000000000        0xc _build/system_nrf52.o
 .text          0x0000000000000000        0x0 _build/system_nrf52.o
 .data          0x0000000000000000        0x0 _build/system_nrf52.o
 .bss           0x0000000000000000        0x0 _build/system_nrf52.o
 .text.SystemCoreClockUpdate
                0x0000000000000000       0x10 _build/system_nrf52.o
 .group         0x0000000000000000        0xc _build/main.o
 .group         0x0000000000000000        0xc _build/main.o
 .group         0x0000000000000000        0xc _build/main.o
 .group         0x0000000000000000        0xc _build/main.o
 .group         0x0000000000000000        0xc _build/main.o
 .group         0x0000000000000000        0xc _build/main.o
 .group         0x0000000000000000        0xc _build/main.o
 .group         0x0000000000000000        0xc _build/main.o
 .group         0x0000000000000000        0xc _build/main.o
 .group         0x0000000000000000        0xc _build/main.o
 .group         0x0000000000000000        0xc _build/main.o
 .group         0x0000000000000000        0xc _build/main.o
 .group         0x0000000000000000        0xc _build/main.o
 .group         0x0000000000000000        0xc _build/main.o
 .group         0x0000000000000000        0xc _build/main.o
 .group         0x0000000000000000        0xc _build/main.o
 .group         0x0000000000000000        0xc _build/main.o
 .group         0x0000000000000000        0xc _build/main.o
 .group         0x0000000000000000        0xc _build/main.o
 .group         0x0000000000000000        0xc _build/main.o
 .group         0x0000000000000000        0xc _build/main.o
 .text          0x0000000000000000        0x0 _build/main.o
 .data          0x0000000000000000        0x0 _build/main.o
 .bss           0x0000000000000000        0x0 _build/main.o
 .debug_macro   0x0000000000000000      0xb62 _build/main.o
 .debug_macro   0x0000000000000000       0x22 _build/main.o
 .debug_macro   0x0000000000000000       0x22 _build/main.o
 .debug_macro   0x0000000000000000       0x87 _build/main.o
 .debug_macro   0x0000000000000000       0x51 _build/main.o
 .debug_macro   0x0000000000000000       0xef _build/main.o
 .debug_macro   0x0000000000000000       0x6a _build/main.o
 .debug_macro   0x0000000000000000      0x1df _build/main.o
 .debug_macro   0x0000000000000000       0x1c _build/main.o
 .debug_macro   0x0000000000000000       0x2d _build/main.o
 .debug_macro   0x0000000000000000       0x3b _build/main.o
 .debug_macro   0x0000000000000000       0x50 _build/main.o
 .debug_macro   0x0000000000000000      0xe66 _build/main.o
 .debug_macro   0x0000000000000000      0x3a0 _build/main.o
 .debug_macro   0x0000000000000000    0x10245 _build/main.o
 .debug_macro   0x0000000000000000     0x12c7 _build/main.o
 .debug_macro   0x0000000000000000       0x7c _build/main.o
 .debug_macro   0x0000000000000000       0x1c _build/main.o
 .group         0x0000000000000000        0xc _build/nrf_delay.o
 .group         0x0000000000000000        0xc _build/nrf_delay.o
 .group         0x0000000000000000        0xc _build/nrf_delay.o
 .group         0x0000000000000000        0xc _build/nrf_delay.o
 .group         0x0000000000000000        0xc _build/nrf_delay.o
 .group         0x0000000000000000        0xc _build/nrf_delay.o
 .group         0x0000000000000000        0xc _build/nrf_delay.o
 .group         0x0000000000000000        0xc _build/nrf_delay.o
 .group         0x0000000000000000        0xc _build/nrf_delay.o
 .group         0x0000000000000000        0xc _build/nrf_delay.o
 .group         0x0000000000000000        0xc _build/nrf_delay.o
 .group         0x0000000000000000        0xc _build/nrf_delay.o
 .group         0x0000000000000000        0xc _build/nrf_delay.o
 .group         0x0000000000000000        0xc _build/nrf_delay.o
 .group         0x0000000000000000        0xc _build/nrf_delay.o
 .group         0x0000000000000000        0xc _build/nrf_delay.o
 .group         0x0000000000000000        0xc _build/nrf_delay.o
 .group         0x0000000000000000        0xc _build/nrf_delay.o
 .group         0x0000000000000000        0xc _build/nrf_delay.o
 .group         0x0000000000000000        0xc _build/nrf_delay.o
 .group         0x0000000000000000        0xc _build/nrf_delay.o
 .group         0x0000000000000000        0xc _build/nrf_delay.o
 .group         0x0000000000000000        0xc _build/nrf_delay.o
 .group         0x0000000000000000        0xc _build/nrf_delay.o
 .group         0x0000000000000000        0xc _build/nrf_delay.o
 .group         0x0000000000000000        0xc _build/nrf_delay.o
 .group         0x0000000000000000        0xc _build/nrf_delay.o
 .group         0x0000000000000000        0xc _build/nrf_delay.o
 .group         0x0000000000000000        0xc _build/nrf_delay.o
 .group         0x0000000000000000        0xc _build/nrf_delay.o
 .group         0x0000000000000000        0xc _build/nrf_delay.o
 .group         0x0000000000000000        0xc _build/nrf_delay.o
 .group         0x0000000000000000        0xc _build/nrf_delay.o
 .group         0x0000000000000000        0xc _build/nrf_delay.o
 .group         0x0000000000000000        0xc _build/nrf_delay.o
 .group         0x0000000000000000        0xc _build/nrf_delay.o
 .group         0x0000000000000000        0xc _build/nrf_delay.o
 .group         0x0000000000000000        0xc _build/nrf_delay.o
 .group         0x0000000000000000        0xc _build/nrf_delay.o
 .group         0x0000000000000000        0xc _build/nrf_delay.o
 .group         0x0000000000000000        0xc _build/nrf_delay.o
 .group         0x0000000000000000        0xc _build/nrf_delay.o
 .text          0x0000000000000000        0x0 _build/nrf_delay.o
 .data          0x0000000000000000        0x0 _build/nrf_delay.o
 .bss           0x0000000000000000        0x0 _build/nrf_delay.o
 .debug_macro   0x0000000000000000      0xb62 _build/nrf_delay.o
 .debug_macro   0x0000000000000000       0x22 _build/nrf_delay.o
 .debug_macro   0x0000000000000000       0x6a _build/nrf_delay.o
 .debug_macro   0x0000000000000000       0x1c _build/nrf_delay.o
 .debug_macro   0x0000000000000000       0x2d _build/nrf_delay.o
 .debug_macro   0x0000000000000000       0xef _build/nrf_delay.o
 .debug_macro   0x0000000000000000      0x1df _build/nrf_delay.o
 .debug_macro   0x0000000000000000       0x50 _build/nrf_delay.o
 .debug_macro   0x0000000000000000      0xe66 _build/nrf_delay.o
 .debug_macro   0x0000000000000000      0x3a0 _build/nrf_delay.o
 .debug_macro   0x0000000000000000    0x10245 _build/nrf_delay.o
 .debug_macro   0x0000000000000000     0x12c7 _build/nrf_delay.o
 .debug_macro   0x0000000000000000       0x7c _build/nrf_delay.o
 .data          0x0000000000000000        0x0 _build/gcc_startup_nrf52.o
 .bss           0x0000000000000000        0x0 _build/gcc_startup_nrf52.o
 .text          0x0000000000000000        0x0 /Users/anita/opt/gcc-arm-none-eabi-7-2017-q4-major/bin/../lib/gcc/arm-none-eabi/7.2.1/thumb/v7e-m/fpv4-sp/hard/crtend.o
 .data          0x0000000000000000        0x0 /Users/anita/opt/gcc-arm-none-eabi-7-2017-q4-major/bin/../lib/gcc/arm-none-eabi/7.2.1/thumb/v7e-m/fpv4-sp/hard/crtend.o
 .bss           0x0000000000000000        0x0 /Users/anita/opt/gcc-arm-none-eabi-7-2017-q4-major/bin/../lib/gcc/arm-none-eabi/7.2.1/thumb/v7e-m/fpv4-sp/hard/crtend.o
 .text          0x0000000000000000        0x0 /Users/anita/opt/gcc-arm-none-eabi-7-2017-q4-major/bin/../lib/gcc/arm-none-eabi/7.2.1/thumb/v7e-m/fpv4-sp/hard/crtn.o
 .data          0x0000000000000000        0x0 /Users/anita/opt/gcc-arm-none-eabi-7-2017-q4-major/bin/../lib/gcc/arm-none-eabi/7.2.1/thumb/v7e-m/fpv4-sp/hard/crtn.o
 .bss           0x0000000000000000        0x0 /Users/anita/opt/gcc-arm-none-eabi-7-2017-q4-major/bin/../lib/gcc/arm-none-eabi/7.2.1/thumb/v7e-m/fpv4-sp/hard/crtn.o

Memory Configuration

Name             Origin             Length             Attributes
FLASH            0x0000000000000000 0x0000000000080000 xr
RAM              0x0000000020000000 0x0000000000008000 xrw
*default*        0x0000000000000000 0xffffffffffffffff

Linker script and memory map


.text           0x0000000000000000      0x93c
 *(.isr_vector)
 .isr_vector    0x0000000000000000      0x400 _build/gcc_startup_nrf52.o
                0x0000000000000000                __isr_vector
 *(.text*)
 .text          0x0000000000000400       0x40 /Users/anita/opt/gcc-arm-none-eabi-7-2017-q4-major/bin/../lib/gcc/arm-none-eabi/7.2.1/thumb/v7e-m/fpv4-sp/hard/crtbegin.o
 .text          0x0000000000000440       0x74 /Users/anita/opt/gcc-arm-none-eabi-7-2017-q4-major/bin/../lib/gcc/arm-none-eabi/7.2.1/../../../../arm-none-eabi/lib/thumb/v7e-m/fpv4-sp/hard/crt0.o
                0x0000000000000440                _mainCRTStartup
                0x0000000000000440                _start
 .text.exit     0x00000000000004b4       0x28 /Users/anita/opt/gcc-arm-none-eabi-7-2017-q4-major/bin/../lib/gcc/arm-none-eabi/7.2.1/../../../../arm-none-eabi/lib/thumb/v7e-m/fpv4-sp/hard/libc_nano.a(lib_a-exit.o)
                0x00000000000004b4                exit
 .text.__libc_init_array
                0x00000000000004dc       0x48 /Users/anita/opt/gcc-arm-none-eabi-7-2017-q4-major/bin/../lib/gcc/arm-none-eabi/7.2.1/../../../../arm-none-eabi/lib/thumb/v7e-m/fpv4-sp/hard/libc_nano.a(lib_a-init.o)
                0x00000000000004dc                __libc_init_array
 .text.memset   0x0000000000000524       0x10 /Users/anita/opt/gcc-arm-none-eabi-7-2017-q4-major/bin/../lib/gcc/arm-none-eabi/7.2.1/../../../../arm-none-eabi/lib/thumb/v7e-m/fpv4-sp/hard/libc_nano.a(lib_a-memset.o)
                0x0000000000000524                memset
 .text._exit    0x0000000000000534        0x4 /Users/anita/opt/gcc-arm-none-eabi-7-2017-q4-major/bin/../lib/gcc/arm-none-eabi/7.2.1/../../../../arm-none-eabi/lib/thumb/v7e-m/fpv4-sp/hard/libnosys.a(_exit.o)
                0x0000000000000534                _exit
 .text.SystemInit
                0x0000000000000538      0x2ac _build/system_nrf52.o
                0x0000000000000538                SystemInit
 .text.startup.main
                0x00000000000007e4       0x60 _build/main.o
                0x00000000000007e4                main
 .text.nrf_delay_ms
                0x0000000000000844       0x98 _build/nrf_delay.o
                0x0000000000000844                nrf_delay_ms
 .text          0x00000000000008dc       0x3c _build/gcc_startup_nrf52.o
                0x00000000000008dc                Reset_Handler
                0x0000000000000904                NMI_Handler
                0x0000000000000906                HardFault_Handler
                0x0000000000000908                MemoryManagement_Handler
                0x000000000000090a                BusFault_Handler
                0x000000000000090c                UsageFault_Handler
                0x000000000000090e                SVC_Handler
                0x0000000000000910                DebugMonitor_Handler
                0x0000000000000912                PendSV_Handler
                0x0000000000000914                SysTick_Handler
                0x0000000000000916                QDEC_IRQHandler
                0x0000000000000916                TIMER3_IRQHandler
                0x0000000000000916                FPU_IRQHandler
                0x0000000000000916                SPIM0_SPIS0_TWIM0_TWIS0_SPI0_TWI0_IRQHandler
                0x0000000000000916                UARTE0_UART0_IRQHandler
                0x0000000000000916                TIMER4_IRQHandler
                0x0000000000000916                I2S_IRQHandler
                0x0000000000000916                SWI4_EGU4_IRQHandler
                0x0000000000000916                TIMER0_IRQHandler
                0x0000000000000916                TIMER1_IRQHandler
                0x0000000000000916                PWM2_IRQHandler
                0x0000000000000916                ECB_IRQHandler
                0x0000000000000916                SPIM1_SPIS1_TWIM1_TWIS1_SPI1_TWI1_IRQHandler
                0x0000000000000916                Default_Handler
                0x0000000000000916                SAADC_IRQHandler
                0x0000000000000916                CCM_AAR_IRQHandler
                0x0000000000000916                WDT_IRQHandler
                0x0000000000000916                SWI5_EGU5_IRQHandler
                0x0000000000000916                RNG_IRQHandler
                0x0000000000000916                RTC2_IRQHandler
                0x0000000000000916                PWM0_IRQHandler
                0x0000000000000916                SWI3_EGU3_IRQHandler
                0x0000000000000916                RTC1_IRQHandler
                0x0000000000000916                SWI1_EGU1_IRQHandler
                0x0000000000000916                SPIM2_SPIS2_SPI2_IRQHandler
                0x0000000000000916                NFCT_IRQHandler
                0x0000000000000916                MWU_IRQHandler
                0x0000000000000916                TIMER2_IRQHandler
                0x0000000000000916                COMP_LPCOMP_IRQHandler
                0x0000000000000916                RTC0_IRQHandler
                0x0000000000000916                SWI0_EGU0_IRQHandler
                0x0000000000000916                SWI2_EGU2_IRQHandler
                0x0000000000000916                GPIOTE_IRQHandler
                0x0000000000000916                PWM1_IRQHandler
                0x0000000000000916                POWER_CLOCK_IRQHandler
                0x0000000000000916                RADIO_IRQHandler
                0x0000000000000916                PDM_IRQHandler
                0x0000000000000916                TEMP_IRQHandler
 *(.init)
 .init          0x0000000000000918        0x4 /Users/anita/opt/gcc-arm-none-eabi-7-2017-q4-major/bin/../lib/gcc/arm-none-eabi/7.2.1/thumb/v7e-m/fpv4-sp/hard/crti.o
                0x0000000000000918                _init
 .init          0x000000000000091c        0x8 /Users/anita/opt/gcc-arm-none-eabi-7-2017-q4-major/bin/../lib/gcc/arm-none-eabi/7.2.1/thumb/v7e-m/fpv4-sp/hard/crtn.o
 *(.fini)
 .fini          0x0000000000000924        0x4 /Users/anita/opt/gcc-arm-none-eabi-7-2017-q4-major/bin/../lib/gcc/arm-none-eabi/7.2.1/thumb/v7e-m/fpv4-sp/hard/crti.o
                0x0000000000000924                _fini
 .fini          0x0000000000000928        0x8 /Users/anita/opt/gcc-arm-none-eabi-7-2017-q4-major/bin/../lib/gcc/arm-none-eabi/7.2.1/thumb/v7e-m/fpv4-sp/hard/crtn.o
 *crtbegin.o(.ctors)
 *crtbegin?.o(.ctors)
 *(EXCLUDE_FILE(*crtend.o *crtend?.o) .ctors)
 *(SORT_BY_NAME(.ctors.*))
 *(.ctors)
 *crtbegin.o(.dtors)
 *crtbegin?.o(.dtors)
 *(EXCLUDE_FILE(*crtend.o *crtend?.o) .dtors)
 *(SORT_BY_NAME(.dtors.*))
 *(.dtors)
 *(.rodata*)
 .rodata._global_impure_ptr
                0x0000000000000930        0x4 /Users/anita/opt/gcc-arm-none-eabi-7-2017-q4-major/bin/../lib/gcc/arm-none-eabi/7.2.1/../../../../arm-none-eabi/lib/thumb/v7e-m/fpv4-sp/hard/libc_nano.a(lib_a-impure.o)
                0x0000000000000930                _global_impure_ptr
 .rodata.leds_list
                0x0000000000000934        0x4 _build/main.o
                0x0000000000000934                leds_list
 *(.eh_frame*)
 .eh_frame      0x0000000000000938        0x0 /Users/anita/opt/gcc-arm-none-eabi-7-2017-q4-major/bin/../lib/gcc/arm-none-eabi/7.2.1/thumb/v7e-m/fpv4-sp/hard/crtbegin.o
 .eh_frame      0x0000000000000938        0x4 /Users/anita/opt/gcc-arm-none-eabi-7-2017-q4-major/bin/../lib/gcc/arm-none-eabi/7.2.1/thumb/v7e-m/fpv4-sp/hard/crtend.o

.glue_7         0x000000000000093c        0x0
 .glue_7        0x000000000000093c        0x0 linker stubs

.glue_7t        0x000000000000093c        0x0
 .glue_7t       0x000000000000093c        0x0 linker stubs

.vfp11_veneer   0x000000000000093c        0x0
 .vfp11_veneer  0x000000000000093c        0x0 linker stubs

.v4_bx          0x000000000000093c        0x0
 .v4_bx         0x000000000000093c        0x0 linker stubs

.iplt           0x000000000000093c        0x0
 .iplt          0x000000000000093c        0x0 /Users/anita/opt/gcc-arm-none-eabi-7-2017-q4-major/bin/../lib/gcc/arm-none-eabi/7.2.1/thumb/v7e-m/fpv4-sp/hard/crtbegin.o

.ARM.extab
 *(.ARM.extab* .gnu.linkonce.armextab.*)
                0x000000000000093c                __exidx_start = .

.ARM.exidx      0x000000000000093c        0x8
 *(.ARM.exidx* .gnu.linkonce.armexidx.*)
 .ARM.exidx     0x000000000000093c        0x8 /Users/anita/opt/gcc-arm-none-eabi-7-2017-q4-major/bin/../lib/gcc/arm-none-eabi/7.2.1/../../../../arm-none-eabi/lib/thumb/v7e-m/fpv4-sp/hard/crt0.o
                0x0000000000000944                __exidx_end = .
                0x0000000000000944                __etext = .

.rel.dyn        0x0000000000000944        0x0
 .rel.iplt      0x0000000000000944        0x0 /Users/anita/opt/gcc-arm-none-eabi-7-2017-q4-major/bin/../lib/gcc/arm-none-eabi/7.2.1/thumb/v7e-m/fpv4-sp/hard/crtbegin.o

.data           0x0000000020000000       0x6c load address 0x0000000000000944
                0x0000000020000000                __data_start__ = .
 *(vtable)
 *(.data*)
 .data.impure_data
                0x0000000020000000       0x60 /Users/anita/opt/gcc-arm-none-eabi-7-2017-q4-major/bin/../lib/gcc/arm-none-eabi/7.2.1/../../../../arm-none-eabi/lib/thumb/v7e-m/fpv4-sp/hard/libc_nano.a(lib_a-impure.o)
 .data.SystemCoreClock
                0x0000000020000060        0x4 _build/system_nrf52.o
                0x0000000020000060                SystemCoreClock
                0x0000000020000064                . = ALIGN (0x4)
                0x0000000020000064                PROVIDE (__preinit_array_start, .)
 *(.preinit_array)
                0x0000000020000064                PROVIDE (__preinit_array_end, .)
                0x0000000020000064                . = ALIGN (0x4)
                0x0000000020000064                PROVIDE (__init_array_start, .)
 *(SORT_BY_NAME(.init_array.*))
 *(.init_array)
 .init_array    0x0000000020000064        0x4 /Users/anita/opt/gcc-arm-none-eabi-7-2017-q4-major/bin/../lib/gcc/arm-none-eabi/7.2.1/thumb/v7e-m/fpv4-sp/hard/crtbegin.o
                0x0000000020000068                PROVIDE (__init_array_end, .)
                0x0000000020000068                . = ALIGN (0x4)
                [!provide]                        PROVIDE (__fini_array_start, .)
 *(SORT_BY_NAME(.fini_array.*))
 *(.fini_array)
 .fini_array    0x0000000020000068        0x4 /Users/anita/opt/gcc-arm-none-eabi-7-2017-q4-major/bin/../lib/gcc/arm-none-eabi/7.2.1/thumb/v7e-m/fpv4-sp/hard/crtbegin.o
                [!provide]                        PROVIDE (__fini_array_end, .)
 *(.jcr*)
                0x000000002000006c                . = ALIGN (0x4)
                0x000000002000006c                __data_end__ = .
LOAD /Users/anita/opt/gcc-arm-none-eabi-7-2017-q4-major/bin/../lib/gcc/arm-none-eabi/7.2.1/thumb/v7e-m/fpv4-sp/hard/crti.o
LOAD /Users/anita/opt/gcc-arm-none-eabi-7-2017-q4-major/bin/../lib/gcc/arm-none-eabi/7.2.1/thumb/v7e-m/fpv4-sp/hard/crtbegin.o
LOAD /Users/anita/opt/gcc-arm-none-eabi-7-2017-q4-major/bin/../lib/gcc/arm-none-eabi/7.2.1/../../../../arm-none-eabi/lib/thumb/v7e-m/fpv4-sp/hard/crt0.o
LOAD /Users/anita/opt/gcc-arm-none-eabi-7-2017-q4-major/bin/../lib/gcc/arm-none-eabi/7.2.1/../../../../arm-none-eabi/lib/thumb/v7e-m/fpv4-sp/hard/libc_nano.a
LOAD /Users/anita/opt/gcc-arm-none-eabi-7-2017-q4-major/bin/../lib/gcc/arm-none-eabi/7.2.1/../../../../arm-none-eabi/lib/thumb/v7e-m/fpv4-sp/hard/libnosys.a
LOAD _build/system_nrf52.o
LOAD _build/main.o
LOAD _build/nrf_delay.o
LOAD _build/gcc_startup_nrf52.o
LOAD /Users/anita/opt/gcc-arm-none-eabi-7-2017-q4-major/bin/../lib/gcc/arm-none-eabi/7.2.1/../../../../arm-none-eabi/lib/thumb/v7e-m/fpv4-sp/hard/libm.a
START GROUP
LOAD /Users/anita/opt/gcc-arm-none-eabi-7-2017-q4-major/bin/../lib/gcc/arm-none-eabi/7.2.1/thumb/v7e-m/fpv4-sp/hard/libgcc.a
LOAD /Users/anita/opt/gcc-arm-none-eabi-7-2017-q4-major/bin/../lib/gcc/arm-none-eabi/7.2.1/../../../../arm-none-eabi/lib/thumb/v7e-m/fpv4-sp/hard/libc_nano.a
END GROUP
START GROUP
LOAD /Users/anita/opt/gcc-arm-none-eabi-7-2017-q4-major/bin/../lib/gcc/arm-none-eabi/7.2.1/thumb/v7e-m/fpv4-sp/hard/libgcc.a
LOAD /Users/anita/opt/gcc-arm-none-eabi-7-2017-q4-major/bin/../lib/gcc/arm-none-eabi/7.2.1/../../../../arm-none-eabi/lib/thumb/v7e-m/fpv4-sp/hard/libc_nano.a
END GROUP
LOAD /Users/anita/opt/gcc-arm-none-eabi-7-2017-q4-major/bin/../lib/gcc/arm-none-eabi/7.2.1/thumb/v7e-m/fpv4-sp/hard/crtend.o
LOAD /Users/anita/opt/gcc-arm-none-eabi-7-2017-q4-major/bin/../lib/gcc/arm-none-eabi/7.2.1/thumb/v7e-m/fpv4-sp/hard/crtn.o
START GROUP
LOAD /Users/anita/opt/gcc-arm-none-eabi-7-2017-q4-major/bin/../lib/gcc/arm-none-eabi/7.2.1/thumb/v7e-m/fpv4-sp/hard/libgcc.a
LOAD /Users/anita/opt/gcc-arm-none-eabi-7-2017-q4-major/bin/../lib/gcc/arm-none-eabi/7.2.1/../../../../arm-none-eabi/lib/thumb/v7e-m/fpv4-sp/hard/libc.a
LOAD /Users/anita/opt/gcc-arm-none-eabi-7-2017-q4-major/bin/../lib/gcc/arm-none-eabi/7.2.1/../../../../arm-none-eabi/lib/thumb/v7e-m/fpv4-sp/hard/libnosys.a
END GROUP

.igot.plt       0x000000002000006c        0x0 load address 0x00000000000009b0
 .igot.plt      0x000000002000006c        0x0 /Users/anita/opt/gcc-arm-none-eabi-7-2017-q4-major/bin/../lib/gcc/arm-none-eabi/7.2.1/thumb/v7e-m/fpv4-sp/hard/crtbegin.o

.fs_data        0x000000002000006c        0x0
                [!provide]                        PROVIDE (__start_fs_data, .)
 *(.fs_data)
                [!provide]                        PROVIDE (__stop_fs_data, .)

.bss            0x000000002000006c       0x1c load address 0x00000000000009b0
                0x000000002000006c                . = ALIGN (0x4)
                0x000000002000006c                __bss_start__ = .
 *(.bss*)
 .bss           0x000000002000006c       0x1c /Users/anita/opt/gcc-arm-none-eabi-7-2017-q4-major/bin/../lib/gcc/arm-none-eabi/7.2.1/thumb/v7e-m/fpv4-sp/hard/crtbegin.o
 *(COMMON)
                0x0000000020000088                . = ALIGN (0x4)
                0x0000000020000088                __bss_end__ = .

.heap           0x0000000020000088     0x2000
                0x0000000020000088                __end__ = .
                [!provide]                        PROVIDE (end, .)
 *(.heap*)
 .heap          0x0000000020000088     0x2000 _build/gcc_startup_nrf52.o
                0x0000000020000088                __HeapBase
                0x0000000020002088                __HeapLimit = .

.stack_dummy    0x0000000020000088     0x2000
 *(.stack*)
 .stack         0x0000000020000088     0x2000 _build/gcc_startup_nrf52.o
                0x0000000020008000                __StackTop = (ORIGIN (RAM) + LENGTH (RAM))
                0x0000000020006000                __StackLimit = (__StackTop - SIZEOF (.stack_dummy))
                0x0000000020008000                PROVIDE (__stack, __StackTop)
                0x0000000000000001                ASSERT ((__StackLimit >= __HeapLimit), region RAM overflowed with stack)
OUTPUT(_build/nrf52832_xxaa.out elf32-littlearm)

.ARM.attributes
                0x0000000000000000       0x30
 .ARM.attributes
                0x0000000000000000       0x22 /Users/anita/opt/gcc-arm-none-eabi-7-2017-q4-major/bin/../lib/gcc/arm-none-eabi/7.2.1/thumb/v7e-m/fpv4-sp/hard/crti.o
 .ARM.attributes
                0x0000000000000022       0x34 /Users/anita/opt/gcc-arm-none-eabi-7-2017-q4-major/bin/../lib/gcc/arm-none-eabi/7.2.1/thumb/v7e-m/fpv4-sp/hard/crtbegin.o
 .ARM.attributes
                0x0000000000000056       0x20 /Users/anita/opt/gcc-arm-none-eabi-7-2017-q4-major/bin/../lib/gcc/arm-none-eabi/7.2.1/../../../../arm-none-eabi/lib/thumb/v7e-m/fpv4-sp/hard/crt0.o
 .ARM.attributes
                0x0000000000000076       0x34 /Users/anita/opt/gcc-arm-none-eabi-7-2017-q4-major/bin/../lib/gcc/arm-none-eabi/7.2.1/../../../../arm-none-eabi/lib/thumb/v7e-m/fpv4-sp/hard/libc_nano.a(lib_a-exit.o)
 .ARM.attributes
                0x00000000000000aa       0x34 /Users/anita/opt/gcc-arm-none-eabi-7-2017-q4-major/bin/../lib/gcc/arm-none-eabi/7.2.1/../../../../arm-none-eabi/lib/thumb/v7e-m/fpv4-sp/hard/libc_nano.a(lib_a-impure.o)
 .ARM.attributes
                0x00000000000000de       0x34 /Users/anita/opt/gcc-arm-none-eabi-7-2017-q4-major/bin/../lib/gcc/arm-none-eabi/7.2.1/../../../../arm-none-eabi/lib/thumb/v7e-m/fpv4-sp/hard/libc_nano.a(lib_a-init.o)
 .ARM.attributes
                0x0000000000000112       0x34 /Users/anita/opt/gcc-arm-none-eabi-7-2017-q4-major/bin/../lib/gcc/arm-none-eabi/7.2.1/../../../../arm-none-eabi/lib/thumb/v7e-m/fpv4-sp/hard/libc_nano.a(lib_a-memset.o)
 .ARM.attributes
                0x0000000000000146       0x34 /Users/anita/opt/gcc-arm-none-eabi-7-2017-q4-major/bin/../lib/gcc/arm-none-eabi/7.2.1/../../../../arm-none-eabi/lib/thumb/v7e-m/fpv4-sp/hard/libnosys.a(_exit.o)
 .ARM.attributes
                0x000000000000017a       0x39 _build/system_nrf52.o
 .ARM.attributes
                0x00000000000001b3       0x39 _build/main.o
 .ARM.attributes
                0x00000000000001ec       0x39 _build/nrf_delay.o
 .ARM.attributes
                0x0000000000000225       0x1c _build/gcc_startup_nrf52.o
 .ARM.attributes
                0x0000000000000241       0x34 /Users/anita/opt/gcc-arm-none-eabi-7-2017-q4-major/bin/../lib/gcc/arm-none-eabi/7.2.1/thumb/v7e-m/fpv4-sp/hard/crtend.o
 .ARM.attributes
                0x0000000000000275       0x22 /Users/anita/opt/gcc-arm-none-eabi-7-2017-q4-major/bin/../lib/gcc/arm-none-eabi/7.2.1/thumb/v7e-m/fpv4-sp/hard/crtn.o

.comment        0x0000000000000000       0x7e
 .comment       0x0000000000000000       0x7e _build/system_nrf52.o
                                         0x7f (size before relaxing)
 .comment       0x000000000000007e       0x7f _build/main.o
 .comment       0x000000000000007e       0x7f _build/nrf_delay.o

.debug_frame    0x0000000000000000      0x12c
 .debug_frame   0x0000000000000000       0x28 /Users/anita/opt/gcc-arm-none-eabi-7-2017-q4-major/bin/../lib/gcc/arm-none-eabi/7.2.1/../../../../arm-none-eabi/lib/thumb/v7e-m/fpv4-sp/hard/libc_nano.a(lib_a-exit.o)
 .debug_frame   0x0000000000000028       0x2c /Users/anita/opt/gcc-arm-none-eabi-7-2017-q4-major/bin/../lib/gcc/arm-none-eabi/7.2.1/../../../../arm-none-eabi/lib/thumb/v7e-m/fpv4-sp/hard/libc_nano.a(lib_a-init.o)
 .debug_frame   0x0000000000000054       0x20 /Users/anita/opt/gcc-arm-none-eabi-7-2017-q4-major/bin/../lib/gcc/arm-none-eabi/7.2.1/../../../../arm-none-eabi/lib/thumb/v7e-m/fpv4-sp/hard/libc_nano.a(lib_a-memset.o)
 .debug_frame   0x0000000000000074       0x20 /Users/anita/opt/gcc-arm-none-eabi-7-2017-q4-major/bin/../lib/gcc/arm-none-eabi/7.2.1/../../../../arm-none-eabi/lib/thumb/v7e-m/fpv4-sp/hard/libnosys.a(_exit.o)
 .debug_frame   0x0000000000000094       0x40 _build/system_nrf52.o
 .debug_frame   0x00000000000000d4       0x30 _build/main.o
 .debug_frame   0x0000000000000104       0x28 _build/nrf_delay.o

.debug_info     0x0000000000000000     0x1b46
 .debug_info    0x0000000000000000      0xdb3 _build/system_nrf52.o
 .debug_info    0x0000000000000db3      0x446 _build/main.o
 .debug_info    0x00000000000011f9      0x94d _build/nrf_delay.o

.debug_abbrev   0x0000000000000000      0x5bf
 .debug_abbrev  0x0000000000000000      0x1e2 _build/system_nrf52.o
 .debug_abbrev  0x00000000000001e2      0x1c8 _build/main.o
 .debug_abbrev  0x00000000000003aa      0x215 _build/nrf_delay.o

.debug_aranges  0x0000000000000000       0x68
 .debug_aranges
                0x0000000000000000       0x28 _build/system_nrf52.o
 .debug_aranges
                0x0000000000000028       0x20 _build/main.o
 .debug_aranges
                0x0000000000000048       0x20 _build/nrf_delay.o

.debug_ranges   0x0000000000000000      0x148
 .debug_ranges  0x0000000000000000       0xf0 _build/system_nrf52.o
 .debug_ranges  0x00000000000000f0       0x48 _build/main.o
 .debug_ranges  0x0000000000000138       0x10 _build/nrf_delay.o

.debug_macro    0x0000000000000000    0x14ce7
 .debug_macro   0x0000000000000000       0xf5 _build/system_nrf52.o
 .debug_macro   0x00000000000000f5      0xb62 _build/system_nrf52.o
 .debug_macro   0x0000000000000c57       0x22 _build/system_nrf52.o
 .debug_macro   0x0000000000000c79       0x87 _build/system_nrf52.o
 .debug_macro   0x0000000000000d00       0x51 _build/system_nrf52.o
 .debug_macro   0x0000000000000d51       0xef _build/system_nrf52.o
 .debug_macro   0x0000000000000e40       0x6a _build/system_nrf52.o
 .debug_macro   0x0000000000000eaa      0x1df _build/system_nrf52.o
 .debug_macro   0x0000000000001089       0x22 _build/system_nrf52.o
 .debug_macro   0x00000000000010ab       0x1c _build/system_nrf52.o
 .debug_macro   0x00000000000010c7       0x2d _build/system_nrf52.o
 .debug_macro   0x00000000000010f4       0x3b _build/system_nrf52.o
 .debug_macro   0x000000000000112f       0x50 _build/system_nrf52.o
 .debug_macro   0x000000000000117f      0xe66 _build/system_nrf52.o
 .debug_macro   0x0000000000001fe5      0x3a0 _build/system_nrf52.o
 .debug_macro   0x0000000000002385    0x10245 _build/system_nrf52.o
 .debug_macro   0x00000000000125ca     0x12c7 _build/system_nrf52.o
 .debug_macro   0x0000000000013891       0x7c _build/system_nrf52.o
 .debug_macro   0x000000000001390d       0x1c _build/system_nrf52.o
 .debug_macro   0x0000000000013929      0x116 _build/main.o
 .debug_macro   0x0000000000013a3f       0x10 _build/main.o
 .debug_macro   0x0000000000013a4f      0x27f _build/main.o
 .debug_macro   0x0000000000013cce       0x22 _build/main.o
 .debug_macro   0x0000000000013cf0      0x24b _build/nrf_delay.o
 .debug_macro   0x0000000000013f3b       0x52 _build/nrf_delay.o
 .debug_macro   0x0000000000013f8d       0x17 _build/nrf_delay.o
 .debug_macro   0x0000000000013fa4       0x8d _build/nrf_delay.o
 .debug_macro   0x0000000000014031       0x35 _build/nrf_delay.o
 .debug_macro   0x0000000000014066       0x9c _build/nrf_delay.o
 .debug_macro   0x0000000000014102       0x16 _build/nrf_delay.o
 .debug_macro   0x0000000000014118       0x57 _build/nrf_delay.o
 .debug_macro   0x000000000001416f       0x97 _build/nrf_delay.o
 .debug_macro   0x0000000000014206      0x353 _build/nrf_delay.o
 .debug_macro   0x0000000000014559       0xf6 _build/nrf_delay.o
 .debug_macro   0x000000000001464f       0x10 _build/nrf_delay.o
 .debug_macro   0x000000000001465f       0x58 _build/nrf_delay.o
 .debug_macro   0x00000000000146b7       0x1f _build/nrf_delay.o
 .debug_macro   0x00000000000146d6       0x43 _build/nrf_delay.o
 .debug_macro   0x0000000000014719       0x20 _build/nrf_delay.o
 .debug_macro   0x0000000000014739      0x18e _build/nrf_delay.o
 .debug_macro   0x00000000000148c7       0x10 _build/nrf_delay.o
 .debug_macro   0x00000000000148d7       0x1c _build/nrf_delay.o
 .debug_macro   0x00000000000148f3       0x52 _build/nrf_delay.o
 .debug_macro   0x0000000000014945       0x40 _build/nrf_delay.o
 .debug_macro   0x0000000000014985       0x10 _build/nrf_delay.o
 .debug_macro   0x0000000000014995       0x40 _build/nrf_delay.o
 .debug_macro   0x00000000000149d5       0xd7 _build/nrf_delay.o
 .debug_macro   0x0000000000014aac       0x1c _build/nrf_delay.o
 .debug_macro   0x0000000000014ac8       0x3d _build/nrf_delay.o
 .debug_macro   0x0000000000014b05       0x16 _build/nrf_delay.o
 .debug_macro   0x0000000000014b1b      0x16f _build/nrf_delay.o
 .debug_macro   0x0000000000014c8a       0x28 _build/nrf_delay.o
 .debug_macro   0x0000000000014cb2       0x35 _build/nrf_delay.o

.debug_line     0x0000000000000000      0xe0b
 .debug_line    0x0000000000000000      0x479 _build/system_nrf52.o
 .debug_line    0x0000000000000479      0x4bc _build/main.o
 .debug_line    0x0000000000000935      0x4d6 _build/nrf_delay.o

.debug_str      0x0000000000000000    0x71987
 .debug_str     0x0000000000000000    0x6c89e _build/system_nrf52.o
                                      0x6d2fc (size before relaxing)
 .debug_str     0x000000000006c89e      0xe59 _build/main.o
                                      0x6dcf4 (size before relaxing)
 .debug_str     0x000000000006d6f7     0x4290 _build/nrf_delay.o
                                      0x71182 (size before relaxing)

.debug_loc      0x0000000000000000      0x11f
 .debug_loc     0x0000000000000000       0xe8 _build/main.o
 .debug_loc     0x00000000000000e8       0x37 _build/nrf_delay.o
