Archive member included to satisfy reference by file (symbol)

/Users/anita/opt/gcc-arm-none-eabi-7-2017-q4-major/bin/../lib/gcc/arm-none-eabi/7.2.1/../../../../arm-none-eabi/lib/thumb/v7e-m/fpv4-sp/hard/libc_nano.a(lib_a-exit.o)
                              /Users/anita/opt/gcc-arm-none-eabi-7-2017-q4-major/bin/../lib/gcc/arm-none-eabi/7.2.1/../../../../arm-none-eabi/lib/thumb/v7e-m/fpv4-sp/hard/crt0.o (exit)
/Users/anita/opt/gcc-arm-none-eabi-7-2017-q4-major/bin/../lib/gcc/arm-none-eabi/7.2.1/../../../../arm-none-eabi/lib/thumb/v7e-m/fpv4-sp/hard/libc_nano.a(lib_a-impure.o)
                              /Users/anita/opt/gcc-arm-none-eabi-7-2017-q4-major/bin/../lib/gcc/arm-none-eabi/7.2.1/../../../../arm-none-eabi/lib/thumb/v7e-m/fpv4-sp/hard/libc_nano.a(lib_a-exit.o) (_global_impure_ptr)
/Users/anita/opt/gcc-arm-none-eabi-7-2017-q4-major/bin/../lib/gcc/arm-none-eabi/7.2.1/../../../../arm-none-eabi/lib/thumb/v7e-m/fpv4-sp/hard/libc_nano.a(lib_a-init.o)
                              /Users/anita/opt/gcc-arm-none-eabi-7-2017-q4-major/bin/../lib/gcc/arm-none-eabi/7.2.1/../../../../arm-none-eabi/lib/thumb/v7e-m/fpv4-sp/hard/crt0.o (__libc_init_array)
/Users/anita/opt/gcc-arm-none-eabi-7-2017-q4-major/bin/../lib/gcc/arm-none-eabi/7.2.1/../../../../arm-none-eabi/lib/thumb/v7e-m/fpv4-sp/hard/libc_nano.a(lib_a-memset.o)
                              /Users/anita/opt/gcc-arm-none-eabi-7-2017-q4-major/bin/../lib/gcc/arm-none-eabi/7.2.1/../../../../arm-none-eabi/lib/thumb/v7e-m/fpv4-sp/hard/crt0.o (memset)
/Users/anita/opt/gcc-arm-none-eabi-7-2017-q4-major/bin/../lib/gcc/arm-none-eabi/7.2.1/../../../../arm-none-eabi/lib/thumb/v7e-m/fpv4-sp/hard/libnosys.a(_exit.o)
                              /Users/anita/opt/gcc-arm-none-eabi-7-2017-q4-major/bin/../lib/gcc/arm-none-eabi/7.2.1/../../../../arm-none-eabi/lib/thumb/v7e-m/fpv4-sp/hard/libc_nano.a(lib_a-exit.o) (_exit)
/Users/anita/opt/gcc-arm-none-eabi-7-2017-q4-major/bin/../lib/gcc/arm-none-eabi/7.2.1/../../../../arm-none-eabi/lib/thumb/v7e-m/fpv4-sp/hard/libc_nano.a(lib_a-memcmp.o)
                              _build/device_manager_peripheral.o (memcmp)
/Users/anita/opt/gcc-arm-none-eabi-7-2017-q4-major/bin/../lib/gcc/arm-none-eabi/7.2.1/../../../../arm-none-eabi/lib/thumb/v7e-m/fpv4-sp/hard/libc_nano.a(lib_a-memcpy-stub.o)
                              _build/pstorage.o (memcpy)
/Users/anita/opt/gcc-arm-none-eabi-7-2017-q4-major/bin/../lib/gcc/arm-none-eabi/7.2.1/../../../../arm-none-eabi/lib/thumb/v7e-m/fpv4-sp/hard/libc_nano.a(lib_a-memmove.o)
                              _build/ble_hrs.o (memmove)
/Users/anita/opt/gcc-arm-none-eabi-7-2017-q4-major/bin/../lib/gcc/arm-none-eabi/7.2.1/../../../../arm-none-eabi/lib/thumb/v7e-m/fpv4-sp/hard/libc_nano.a(lib_a-strcpy.o)
                              _build/SEGGER_RTT.o (strcpy)
/Users/anita/opt/gcc-arm-none-eabi-7-2017-q4-major/bin/../lib/gcc/arm-none-eabi/7.2.1/../../../../arm-none-eabi/lib/thumb/v7e-m/fpv4-sp/hard/libc_nano.a(lib_a-strlen.o)
                              _build/main.o (strlen)
/Users/anita/opt/gcc-arm-none-eabi-7-2017-q4-major/bin/../lib/gcc/arm-none-eabi/7.2.1/../../../../arm-none-eabi/lib/thumb/v7e-m/fpv4-sp/hard/libc_nano.a(lib_a-vprintf.o)
                              _build/nrf_log.o (vprintf)
/Users/anita/opt/gcc-arm-none-eabi-7-2017-q4-major/bin/../lib/gcc/arm-none-eabi/7.2.1/../../../../arm-none-eabi/lib/thumb/v7e-m/fpv4-sp/hard/libc_nano.a(lib_a-findfp.o)
                              /Users/anita/opt/gcc-arm-none-eabi-7-2017-q4-major/bin/../lib/gcc/arm-none-eabi/7.2.1/../../../../arm-none-eabi/lib/thumb/v7e-m/fpv4-sp/hard/libc_nano.a(lib_a-vprintf.o) (__sinit)
/Users/anita/opt/gcc-arm-none-eabi-7-2017-q4-major/bin/../lib/gcc/arm-none-eabi/7.2.1/../../../../arm-none-eabi/lib/thumb/v7e-m/fpv4-sp/hard/libc_nano.a(lib_a-fwalk.o)
                              /Users/anita/opt/gcc-arm-none-eabi-7-2017-q4-major/bin/../lib/gcc/arm-none-eabi/7.2.1/../../../../arm-none-eabi/lib/thumb/v7e-m/fpv4-sp/hard/libc_nano.a(lib_a-findfp.o) (_fwalk)
/Users/anita/opt/gcc-arm-none-eabi-7-2017-q4-major/bin/../lib/gcc/arm-none-eabi/7.2.1/../../../../arm-none-eabi/lib/thumb/v7e-m/fpv4-sp/hard/libc_nano.a(lib_a-nano-mallocr.o)
                              /Users/anita/opt/gcc-arm-none-eabi-7-2017-q4-major/bin/../lib/gcc/arm-none-eabi/7.2.1/../../../../arm-none-eabi/lib/thumb/v7e-m/fpv4-sp/hard/libc_nano.a(lib_a-findfp.o) (_malloc_r)
/Users/anita/opt/gcc-arm-none-eabi-7-2017-q4-major/bin/../lib/gcc/arm-none-eabi/7.2.1/../../../../arm-none-eabi/lib/thumb/v7e-m/fpv4-sp/hard/libc_nano.a(lib_a-nano-vfprintf.o)
                              /Users/anita/opt/gcc-arm-none-eabi-7-2017-q4-major/bin/../lib/gcc/arm-none-eabi/7.2.1/../../../../arm-none-eabi/lib/thumb/v7e-m/fpv4-sp/hard/libc_nano.a(lib_a-vprintf.o) (_vfprintf_r)
/Users/anita/opt/gcc-arm-none-eabi-7-2017-q4-major/bin/../lib/gcc/arm-none-eabi/7.2.1/../../../../arm-none-eabi/lib/thumb/v7e-m/fpv4-sp/hard/libc_nano.a(lib_a-nano-vfprintf_i.o)
[...]
Memory Configuration

Name             Origin             Length             Attributes
FLASH            0x000000000001c000 0x0000000000064000 xr
RAM              0x0000000020002080 0x000000000000df80 xrw
*default*        0x0000000000000000 0xffffffffffffffff

Linker script and memory map


.text           0x000000000001c000     0xbd74
 *(.isr_vector)
 .isr_vector    0x000000000001c000      0x400 _build/gcc_startup_nrf52.o
                0x000000000001c000                __isr_vector
 *(.text*)
 .text          0x000000000001c400       0x40 /Users/anita/opt/gcc-arm-none-eabi-7-2017-q4-major/bin/../lib/gcc/arm-none-eabi/7.2.1/thumb/v7e-m/fpv4-sp/hard/crtbegin.o
 .text          0x000000000001c440       0x74 /Users/anita/opt/gcc-arm-none-eabi-7-2017-q4-major/bin/../lib/gcc/arm-none-eabi/7.2.1/../../../../arm-none-eabi/lib/thumb/v7e-m/fpv4-sp/hard/crt0.o
                0x000000000001c440                _mainCRTStartup
                0x000000000001c440                _start
 .text.exit     0x000000000001c4b4       0x28 /Users/anita/opt/gcc-arm-none-eabi-7-2017-q4-major/bin/../lib/gcc/arm-none-eabi/7.2.1/../../../../arm-none-eabi/lib/thumb/v7e-m/fpv4-sp/hard/libc_nano.a(lib_a-exit.o)
                0x000000000001c4b4                exit
 .text.__libc_init_array
                0x000000000001c4dc       0x48 /Users/anita/opt/gcc-arm-none-eabi-7-2017-q4-major/bin/../lib/gcc/arm-none-eabi/7.2.1/../../../../arm-none-eabi/lib/thumb/v7e-m/fpv4-sp/hard/libc_nano.a(lib_a-init.o)
                0x000000000001c4dc                __libc_init_array
 .text.memset   0x000000000001c524       0x10 /Users/anita/opt/gcc-arm-none-eabi-7-2017-q4-major/bin/../lib/gcc/arm-none-eabi/7.2.1/../../../../arm-none-eabi/lib/thumb/v7e-m/fpv4-sp/hard/libc_nano.a(lib_a-memset.o)
                0x000000000001c524                memset
 .text._exit    0x000000000001c534        0x4 /Users/anita/opt/gcc-arm-none-eabi-7-2017-q4-major/bin/../lib/gcc/arm-none-eabi/7.2.1/../../../../arm-none-eabi/lib/thumb/v7e-m/fpv4-sp/hard/libnosys.a(_exit.o)
                0x000000000001c534                _exit
 .text.detection_delay_timeout_handler
                0x000000000001c538       0xd8 _build/app_button.o
 .text.gpiote_event_handler
                0x000000000001c610       0xa0 _build/app_button.o
 .text.app_button_init
                0x000000000001c6b0       0xe4 _build/app_button.o
                0x000000000001c6b0                app_button_init
 .text.app_button_enable
                0x000000000001c794       0x44 _build/app_button.o
                0x000000000001c794                app_button_enable
 .text.app_error_handler_bare
                0x000000000001c7d8       0x2a _build/app_error.o
                0x000000000001c7d8                app_error_handler_bare
 *fill*         0x000000000001c802        0x2 
 .text.NVIC_SystemReset
                0x000000000001c804       0x24 _build/app_error_weak.o
 .text.app_error_fault_handler
                0x000000000001c828       0x16 _build/app_error_weak.o
                0x000000000001c828                app_error_fault_handler
 *fill*         0x000000000001c83e        0x2 
 .text.NVIC_EnableIRQ
                0x000000000001c840       0x2c _build/app_timer.o
 .text.NVIC_DisableIRQ
                0x000000000001c86c       0x30 _build/app_timer.o
 .text.NVIC_SetPendingIRQ
                0x000000000001c89c       0x30 _build/app_timer.o
 .text.NVIC_ClearPendingIRQ
                0x000000000001c8cc       0x30 _build/app_timer.o
 .text.NVIC_SetPriority
                0x000000000001c8fc       0x50 _build/app_timer.o
 .text.NVIC_GetPriority
                0x000000000001c94c       0x48 _build/app_timer.o
 .text.is_word_aligned
                0x000000000001c994       0x1a _build/app_timer.o
 .text.current_int_priority_get
                0x000000000001c9ae       0x38 _build/app_timer.o
 *fill*         0x000000000001c9e6        0x2 
 .text.rtc1_init
                0x000000000001c9e8       0x24 _build/app_timer.o
 .text.rtc1_start
                0x000000000001ca0c       0xc0 _build/app_timer.o
 .text.rtc1_stop
                0x000000000001cacc      0x14c _build/app_timer.o
 .text.rtc1_counter_get
                0x000000000001cc18       0x10 _build/app_timer.o
 .text.ticks_diff_get
                0x000000000001cc28       0x16 _build/app_timer.o
 *fill*         0x000000000001cc3e        0x2 
 .text.rtc1_compare0_set
                0x000000000001cc40       0x18 _build/app_timer.o
 .text.timer_list_insert
                0x000000000001cc58       0xac _build/app_timer.o
 .text.timer_list_remove
                0x000000000001cd04       0x9c _build/app_timer.o
 .text.timer_timeouts_check_sched
                0x000000000001cda0        0xc _build/app_timer.o
 .text.timer_list_handler_sched
                0x000000000001cdac        0xc _build/app_timer.o
 .text.timeout_handler_exec
                0x000000000001cdb8       0x4c _build/app_timer.o
 .text.timer_timeouts_check
                0x000000000001ce04       0xc8 _build/app_timer.o
 .text.elapsed_ticks_acquire
                0x000000000001cecc       0x78 _build/app_timer.o
 .text.list_deletions_handler
                0x000000000001cf44       0xd4 _build/app_timer.o
 .text.expired_timers_handler
                0x000000000001d018       0x94 _build/app_timer.o
 .text.list_insertions_handler
                0x000000000001d0ac      0x188 _build/app_timer.o
 .text.compare_reg_update
                0x000000000001d234      0x12c _build/app_timer.o
 .text.timer_list_handler
                0x000000000001d360       0x84 _build/app_timer.o
 .text.user_op_enque
                0x000000000001d3e4       0x18 _build/app_timer.o
 .text.user_op_alloc
                0x000000000001d3fc       0x58 _build/app_timer.o
 .text.timer_start_op_schedule
                0x000000000001d454       0x80 _build/app_timer.o
 .text.timer_stop_op_schedule
                0x000000000001d4d4       0x60 _build/app_timer.o
 .text.RTC1_IRQHandler
                0x000000000001d534       0x40 _build/app_timer.o
                0x000000000001d534                RTC1_IRQHandler
 .text.SWI0_EGU0_IRQHandler
                0x000000000001d574        0xa _build/app_timer.o
                0x000000000001d574                SWI0_EGU0_IRQHandler
 *fill*         0x000000000001d57e        0x2 
 .text.app_timer_init
                0x000000000001d580       0xfc _build/app_timer.o
                0x000000000001d580                app_timer_init
 .text.app_timer_create
                0x000000000001d67c       0x60 _build/app_timer.o
                0x000000000001d67c                app_timer_create
 .text.user_id_get
                0x000000000001d6dc       0x30 _build/app_timer.o
 .text.app_timer_start
                0x000000000001d70c       0x6c _build/app_timer.o
                0x000000000001d70c                app_timer_start
 .text.app_timer_stop
                0x000000000001d778       0x4c _build/app_timer.o
                0x000000000001d778                app_timer_stop
 .text.bootloader_util_reset
                0x000000000001d7c4       0x44 _build/bootloader_util.o
 .text.bootloader_util_app_start
                0x000000000001d808       0x14 _build/bootloader_util.o
                0x000000000001d808                bootloader_util_app_start
 .text.sd_ble_gatts_sys_attr_get
                0x000000000001d81c        0x8 _build/dfu_app_handler.o
 .text.NVIC_DisableIRQ
                0x000000000001d824       0x30 _build/dfu_app_handler.o
 .text.NVIC_ClearPendingIRQ
                0x000000000001d854       0x30 _build/dfu_app_handler.o
 .text.sd_power_gpregret_set
                0x000000000001d884        0x8 _build/dfu_app_handler.o
 .text.sd_softdevice_disable
                0x000000000001d88c        0x8 _build/dfu_app_handler.o
 .text.sd_softdevice_vector_table_base_set
                0x000000000001d894        0x8 _build/dfu_app_handler.o
 .text.dfu_ble_svc_peer_data_set
                0x000000000001d89c        0x8 _build/dfu_app_handler.o
 .text.dfu_app_reset_prepare
                0x000000000001d8a4        0x4 _build/dfu_app_handler.o
 .text.interrupts_disable
                0x000000000001d8a8       0x44 _build/dfu_app_handler.o
 .text.dfu_app_peer_data_set
                0x000000000001d8ec      0x120 _build/dfu_app_handler.o
 .text.bootloader_start
                0x000000000001da0c       0xa4 _build/dfu_app_handler.o
 .text.dfu_app_on_dfu_evt
                0x000000000001dab0       0x42 _build/dfu_app_handler.o
                0x000000000001dab0                dfu_app_on_dfu_evt
 *fill*         0x000000000001daf2        0x2 
 .text.dfu_app_reset_prepare_set
                0x000000000001daf4       0x14 _build/dfu_app_handler.o
                0x000000000001daf4                dfu_app_reset_prepare_set
 .text.dfu_app_dm_appl_instance_set
                0x000000000001db08       0x34 _build/dfu_app_handler.o
                0x000000000001db08                dfu_app_dm_appl_instance_set
 .text.fs_queued_op_count_get
                0x000000000001db3c       0x24 _build/fstorage.o
                0x000000000001db3c                fs_queued_op_count_get
 .text.sensorsim_init
                0x000000000001db60       0x32 _build/sensorsim.o
                0x000000000001db60                sensorsim_init
 .text.sensorsim_measure
                0x000000000001db92       0x2e _build/sensorsim.o
                0x000000000001db92                sensorsim_measure
 .text.sensorsim_increment
                0x000000000001dbc0       0x3c _build/sensorsim.o
                0x000000000001dbc0                sensorsim_increment
 .text.sensorsim_decrement
                0x000000000001dbfc       0x3c _build/sensorsim.o
                0x000000000001dbfc                sensorsim_decrement
 .text.nrf_delay_ms
                0x000000000001dc38       0x9a _build/nrf_delay.o
                0x000000000001dc38                nrf_delay_ms
 *fill*         0x000000000001dcd2        0x2 
 .text.NVIC_EnableIRQ
                0x000000000001dcd4       0x2c _build/nrf_drv_common.o
 .text.NVIC_ClearPendingIRQ
                0x000000000001dd00       0x30 _build/nrf_drv_common.o
 .text.NVIC_SetPriority
                0x000000000001dd30       0x50 _build/nrf_drv_common.o
 .text.nrf_drv_common_irq_enable
                0x000000000001dd80       0x3e _build/nrf_drv_common.o
                0x000000000001dd80                nrf_drv_common_irq_enable
 .text.nrf_gpiote_event_is_set
                0x000000000001ddbe       0x2a _build/nrf_drv_gpiote.o
 .text.nrf_gpiote_event_clear
                0x000000000001dde8       0x36 _build/nrf_drv_gpiote.o
 .text.nrf_gpiote_event_addr_get
                0x000000000001de1e       0x1a _build/nrf_drv_gpiote.o
 .text.nrf_gpiote_int_enable
                0x000000000001de38       0x18 _build/nrf_drv_gpiote.o
 .text.nrf_gpiote_int_is_enabled
                0x000000000001de50       0x18 _build/nrf_drv_gpiote.o
 .text.nrf_gpiote_event_enable
                0x000000000001de68       0x2c _build/nrf_drv_gpiote.o
 .text.nrf_gpiote_event_configure
                0x000000000001de94       0x64 _build/nrf_drv_gpiote.o
 .text.nrf_gpiote_event_pin_get
                0x000000000001def8       0x20 _build/nrf_drv_gpiote.o
 .text.nrf_gpiote_event_polarity_get
                0x000000000001df18       0x24 _build/nrf_drv_gpiote.o
 .text.nrf_gpio_cfg
                0x000000000001df3c       0x54 _build/nrf_drv_gpiote.o
 .text.nrf_gpio_cfg_input
                0x000000000001df90       0x2c _build/nrf_drv_gpiote.o
 .text.nrf_gpio_cfg_watcher
                0x000000000001dfbc       0x2e _build/nrf_drv_gpiote.o
 .text.nrf_gpio_cfg_sense_set
                0x000000000001dfea       0x54 _build/nrf_drv_gpiote.o
 .text.nrf_gpio_pin_read
                0x000000000001e03e       0x1c _build/nrf_drv_gpiote.o
 .text.nrf_gpio_pins_read
                0x000000000001e05a        0xc _build/nrf_drv_gpiote.o
 .text.nrf_gpio_pin_sense_get
                0x000000000001e066       0x20 _build/nrf_drv_gpiote.o
 *fill*         0x000000000001e086        0x2 
 .text.pin_in_use_by_te
                0x000000000001e088       0x3c _build/nrf_drv_gpiote.o
 .text.pin_in_use_by_port
                0x000000000001e0c4       0x24 _build/nrf_drv_gpiote.o
 .text.pin_in_use_by_gpiote
                0x000000000001e0e8       0x24 _build/nrf_drv_gpiote.o
 .text.pin_in_use_by_te_set
                0x000000000001e10c       0x50 _build/nrf_drv_gpiote.o
 .text.pin_in_use_clear
                0x000000000001e15c       0x1c _build/nrf_drv_gpiote.o
 .text.channel_port_get
                0x000000000001e178       0x1c _build/nrf_drv_gpiote.o
 .text.channel_handler_get
                0x000000000001e194       0x18 _build/nrf_drv_gpiote.o
 .text.channel_port_alloc
                0x000000000001e1ac       0x7c _build/nrf_drv_gpiote.o
 .text.channel_free
                0x000000000001e228       0x38 _build/nrf_drv_gpiote.o
 .text.nrf_drv_gpiote_init
                0x000000000001e260       0x80 _build/nrf_drv_gpiote.o
                0x000000000001e260                nrf_drv_gpiote_init
 .text.nrf_drv_gpiote_is_init
                0x000000000001e2e0       0x18 _build/nrf_drv_gpiote.o
                0x000000000001e2e0                nrf_drv_gpiote_is_init
 .text.nrf_drv_gpiote_in_init
                0x000000000001e2f8       0xb4 _build/nrf_drv_gpiote.o
                0x000000000001e2f8                nrf_drv_gpiote_in_init
 .text.nrf_drv_gpiote_in_event_enable
                0x000000000001e3ac       0xf0 _build/nrf_drv_gpiote.o
                0x000000000001e3ac                nrf_drv_gpiote_in_event_enable
 .text.nrf_drv_gpiote_in_is_set
                0x000000000001e49c       0x20 _build/nrf_drv_gpiote.o
                0x000000000001e49c                nrf_drv_gpiote_in_is_set
 .text.GPIOTE_IRQHandler
                0x000000000001e4bc      0x240 _build/nrf_drv_gpiote.o
                0x000000000001e4bc                GPIOTE_IRQHandler
 .text.nrf_uart_event_clear
                0x000000000001e6fc       0x1c _build/nrf_drv_uart.o
 .text.nrf_uart_event_check
                0x000000000001e718       0x24 _build/nrf_drv_uart.o
 .text.nrf_uart_int_enable_check
                0x000000000001e73c       0x20 _build/nrf_drv_uart.o
 .text.nrf_uart_int_disable
                0x000000000001e75c       0x14 _build/nrf_drv_uart.o
 .text.nrf_uart_errorsrc_get_and_clear
                0x000000000001e770       0x1c _build/nrf_drv_uart.o
 .text.nrf_uart_rxd_get
                0x000000000001e78c       0x12 _build/nrf_drv_uart.o
 .text.nrf_uart_txd_set
                0x000000000001e79e       0x1a _build/nrf_drv_uart.o
 .text.nrf_uart_task_trigger
                0x000000000001e7b8       0x1c _build/nrf_drv_uart.o
 .text.nrf_uarte_event_clear
                0x000000000001e7d4       0x1c _build/nrf_drv_uart.o
 .text.nrf_uarte_event_check
                0x000000000001e7f0       0x24 _build/nrf_drv_uart.o
 .text.nrf_uarte_shorts_disable
                0x000000000001e814       0x1e _build/nrf_drv_uart.o
 .text.nrf_uarte_errorsrc_get_and_clear
                0x000000000001e832       0x1c _build/nrf_drv_uart.o
 .text.nrf_uarte_tx_amount_get
                0x000000000001e84e       0x10 _build/nrf_drv_uart.o
 .text.nrf_uarte_rx_amount_get
                0x000000000001e85e       0x10 _build/nrf_drv_uart.o
 *fill*         0x000000000001e86e        0x2 
 .text.tx_byte  0x000000000001e870       0x4c _build/nrf_drv_uart.o
 .text.rx_byte  0x000000000001e8bc       0x54 _build/nrf_drv_uart.o
 .text.rx_done_event
                0x000000000001e910       0x38 _build/nrf_drv_uart.o
 .text.tx_done_event
                0x000000000001e948       0x40 _build/nrf_drv_uart.o
 .text.uart_irq_handler
                0x000000000001e988      0x1cc _build/nrf_drv_uart.o
 .text.uarte_irq_handler
                0x000000000001eb54      0x160 _build/nrf_drv_uart.o
 .text.UARTE0_UART0_IRQHandler
                0x000000000001ecb4       0x1c _build/nrf_drv_uart.o
                0x000000000001ecb4                UARTE0_UART0_IRQHandler
 .text.pstorage_flash_page_size
                0x000000000001ecd0        0xc _build/pstorage.o
 .text.pstorage_flash_page_end
                0x000000000001ecdc       0x32 _build/pstorage.o
 .text.is_word_aligned
                0x000000000001ed0e       0x1a _build/pstorage.o
 .text.sd_flash_write
                0x000000000001ed28        0x8 _build/pstorage.o
 .text.sd_flash_page_erase
                0x000000000001ed30        0x8 _build/pstorage.o
 .text.command_queue_element_consume
                0x000000000001ed38       0x3c _build/pstorage.o
 .text.command_end_procedure_run
                0x000000000001ed74       0x30 _build/pstorage.o
 .text.state_idle_entry_run
                0x000000000001eda4       0x20 _build/pstorage.o
 .text.app_notify_error_state_transit
                0x000000000001edc4       0x34 _build/pstorage.o
 .text.flash_api_err_code_process
                0x000000000001edf8       0x34 _build/pstorage.o
 .text.flash_write
                0x000000000001ee2c       0x24 _build/pstorage.o
 .text.store_cmd_flash_write_execute
                0x000000000001ee50       0xa8 _build/pstorage.o
 .text.state_store_entry_run
                0x000000000001eef8        0xa _build/pstorage.o
 *fill*         0x000000000001ef02        0x2 
 .text.state_data_erase_swap_entry_run
                0x000000000001ef04       0xb4 _build/pstorage.o
 .text.flash_page_erase
                0x000000000001efb8       0x1c _build/pstorage.o
 .text.state_data_erase_entry_run
                0x000000000001efd4       0x14 _build/pstorage.o
 .text.state_entry_action_run
                0x000000000001efe8       0x44 _build/pstorage.o
 .text.sm_state_change
                0x000000000001f02c       0x24 _build/pstorage.o
 .text.state_swap_erase_entry_run
                0x000000000001f050       0x28 _build/pstorage.o
 .text.state_write_data_swap_entry_run
                0x000000000001f078       0x44 _build/pstorage.o
 .text.state_erase_data_page_entry_run
                0x000000000001f0bc       0x14 _build/pstorage.o
 .text.state_restore_tail_entry_run
                0x000000000001f0d0       0x88 _build/pstorage.o
 .text.state_restore_head_entry_run
                0x000000000001f158       0x40 _build/pstorage.o
 .text.swap_sub_state_entry_action_run
                0x000000000001f198       0x1c _build/pstorage.o
 .text.swap_sub_state_state_change
                0x000000000001f1b4       0x24 _build/pstorage.o
 .text.cmd_queue_element_init
                0x000000000001f1d8       0x88 _build/pstorage.o
 .text.cmd_queue_init
                0x000000000001f260       0x34 _build/pstorage.o
 .text.cmd_queue_enqueue
                0x000000000001f294       0xe0 _build/pstorage.o
 .text.cmd_queue_dequeue
                0x000000000001f374       0x18 _build/pstorage.o
 .text.app_notify
                0x000000000001f38c       0x50 _build/pstorage.o
 .text.is_tail_data_page_swap_required
                0x000000000001f3dc       0x74 _build/pstorage.o
 .text.clear_post_processing_run
                0x000000000001f450       0x38 _build/pstorage.o
 .text.swap_sub_sm_exit_action_run
                0x000000000001f488        0xa _build/pstorage.o
 *fill*         0x000000000001f492        0x2 
 .text.is_page_erase_required
                0x000000000001f494       0x80 _build/pstorage.o
 .text.swap_sub_state_err_busy_process
                0x000000000001f514       0x24 _build/pstorage.o
 .text.head_restore_state_run
                0x000000000001f538       0x74 _build/pstorage.o
 .text.tail_restore_state_run
                0x000000000001f5ac       0x20 _build/pstorage.o
 .text.data_page_erase_state_run
                0x000000000001f5cc       0x88 _build/pstorage.o
 .text.data_to_swap_write_state_run
                0x000000000001f654       0x3c _build/pstorage.o
 .text.swap_erase_state_run
                0x000000000001f690       0x24 _build/pstorage.o
 .text.swap_sub_state_sm_run
                0x000000000001f6b4       0x1c _build/pstorage.o
 .text.main_state_err_busy_process
                0x000000000001f6d0       0x24 _build/pstorage.o
 .text.erase_sub_state_sm_run
                0x000000000001f6f4       0x50 _build/pstorage.o
 .text.store_sub_state_sm_run
                0x000000000001f744       0x64 _build/pstorage.o
 .text.flash_operation_success_run
                0x000000000001f7a8       0x30 _build/pstorage.o
 .text.flash_operation_failure_run
                0x000000000001f7d8       0x4c _build/pstorage.o
 .text.pstorage_sys_event_handler
                0x000000000001f824       0x54 _build/pstorage.o
                0x000000000001f824                pstorage_sys_event_handler
 .text.tail_word_size_calculate
                0x000000000001f878       0x88 _build/pstorage.o
 .text.clear_operation_execute
                0x000000000001f900      0x188 _build/pstorage.o
 .text.store_operation_execute
                0x000000000001fa88        0xc _build/pstorage.o
 .text.update_operation_execute
                0x000000000001fa94        0xa _build/pstorage.o
 *fill*         0x000000000001fa9e        0x2 
 .text.cmd_process
                0x000000000001faa0       0x58 _build/pstorage.o
 .text.pstorage_init
                0x000000000001faf8       0xc4 _build/pstorage.o
                0x000000000001faf8                pstorage_init
 .text.pstorage_register
                0x000000000001fbbc      0x184 _build/pstorage.o
                0x000000000001fbbc                pstorage_register
 .text.pstorage_block_identifier_get
                0x000000000001fd40       0xec _build/pstorage.o
                0x000000000001fd40                pstorage_block_identifier_get
 .text.pstorage_store
                0x000000000001fe2c      0x164 _build/pstorage.o
                0x000000000001fe2c                pstorage_store
 .text.pstorage_update
                0x000000000001ff90      0x164 _build/pstorage.o
                0x000000000001ff90                pstorage_update
 .text.pstorage_load
                0x00000000000200f4      0x188 _build/pstorage.o
                0x00000000000200f4                pstorage_load
 .text.pstorage_clear
                0x000000000002027c      0x1ac _build/pstorage.o
                0x000000000002027c                pstorage_clear
 .text.pstorage_access_status_get
                0x0000000000020428       0x38 _build/pstorage.o
                0x0000000000020428                pstorage_access_status_get
 .text.bsp_button_is_pressed
                0x0000000000020460       0x50 _build/bsp.o
                0x0000000000020460                bsp_button_is_pressed
 .text.bsp_button_event_handler
                0x00000000000204b0      0x14c _build/bsp.o
 .text.button_timer_handler
                0x00000000000205fc       0x1a _build/bsp.o
 *fill*         0x0000000000020616        0x2 
 .text.bsp_led_indication
                0x0000000000020618      0x6b4 _build/bsp.o
 .text.leds_timer_handler
                0x0000000000020ccc       0x2c _build/bsp.o
 .text.alert_timer_handler
                0x0000000000020cf8       0x32 _build/bsp.o
 *fill*         0x0000000000020d2a        0x2 
 .text.bsp_indication_set
                0x0000000000020d2c       0x34 _build/bsp.o
                0x0000000000020d2c                bsp_indication_set
 .text.bsp_init
                0x0000000000020d60      0x104 _build/bsp.o
                0x0000000000020d60                bsp_init
 .text.bsp_event_to_button_action_assign
                0x0000000000020e64       0xa4 _build/bsp.o
                0x0000000000020e64                bsp_event_to_button_action_assign
 .text.bsp_wakeup_buttons_set
                0x0000000000020f08       0x7c _build/bsp.o
                0x0000000000020f08                bsp_wakeup_buttons_set
 .text.connection_buttons_configure
                0x0000000000020f84       0x62 _build/bsp_btn_ble.o
 .text.advertising_buttons_configure
                0x0000000000020fe6       0x62 _build/bsp_btn_ble.o
 .text.startup_event_extract
                0x0000000000021048       0x66 _build/bsp_btn_ble.o
 .text.bsp_btn_ble_sleep_mode_prepare
                0x00000000000210ae       0x26 _build/bsp_btn_ble.o
                0x00000000000210ae                bsp_btn_ble_sleep_mode_prepare
 .text.bsp_btn_ble_on_ble_evt
                0x00000000000210d4       0x84 _build/bsp_btn_ble.o
                0x00000000000210d4                bsp_btn_ble_on_ble_evt
 .text.bsp_btn_ble_init
                0x0000000000021158       0x4c _build/bsp_btn_ble.o
                0x0000000000021158                bsp_btn_ble_init
 .text.sd_ble_gap_adv_stop
                0x00000000000211a4        0x8 _build/main.o
 .text.sd_ble_gap_disconnect
                0x00000000000211ac        0x8 _build/main.o
 .text.sd_ble_gap_appearance_set
                0x00000000000211b4        0x8 _build/main.o
 .text.sd_ble_gap_ppcp_set
                0x00000000000211bc        0x8 _build/main.o
 .text.sd_ble_gap_device_name_set
                0x00000000000211c4        0x8 _build/main.o
 .text.sd_ble_gatts_service_changed
                0x00000000000211cc        0x8 _build/main.o
 .text.sd_power_system_off
                0x00000000000211d4        0x8 _build/main.o
 .text.sd_app_evt_wait
                0x00000000000211dc        0x8 _build/main.o
 .text.battery_level_update
                0x00000000000211e4       0x5c _build/main.o
 .text.battery_level_meas_timeout_handler
                0x0000000000021240       0x12 _build/main.o
 *fill*         0x0000000000021252        0x2 
 .text.heart_rate_meas_timeout_handler
                0x0000000000021254       0x94 _build/main.o
 .text.rr_interval_timeout_handler
                0x00000000000212e8       0x40 _build/main.o
 .text.sensor_contact_detected_timeout_handler
                0x0000000000021328       0x40 _build/main.o
 .text.timers_init
                0x0000000000021368       0xc0 _build/main.o
 .text.gap_params_init
                0x0000000000021428       0xb0 _build/main.o
 .text.advertising_stop
                0x00000000000214d8       0x3a _build/main.o
 *fill*         0x0000000000021512        0x2 
 .text.app_context_load
                0x0000000000021514       0xb0 _build/main.o
 .text.reset_prepare
                0x00000000000215c4       0x78 _build/main.o
 .text.services_init
                0x000000000002163c      0x23c _build/main.o
 .text.sensor_simulator_init
                0x0000000000021878       0x84 _build/main.o
 .text.application_timers_start
                0x00000000000218fc       0x9c _build/main.o
 .text.on_conn_params_evt
                0x0000000000021998       0x38 _build/main.o
 .text.conn_params_error_handler
                0x00000000000219d0       0x14 _build/main.o
 .text.conn_params_init
                0x00000000000219e4       0x6c _build/main.o
 .text.sleep_mode_enter
                0x0000000000021a50       0x50 _build/main.o
 .text.on_adv_evt
                0x0000000000021aa0       0x42 _build/main.o
 *fill*         0x0000000000021ae2        0x2 
 .text.on_ble_evt
                0x0000000000021ae4       0x4c _build/main.o
 .text.ble_evt_dispatch
                0x0000000000021b30       0x50 _build/main.o
 .text.sys_evt_dispatch
                0x0000000000021b80       0x1a _build/main.o
 *fill*         0x0000000000021b9a        0x2 
 .text.ble_stack_init
                0x0000000000021b9c       0xd4 _build/main.o
 .text.bsp_event_handler
                0x0000000000021c70       0x78 _build/main.o
                0x0000000000021c70                bsp_event_handler
 .text.device_manager_evt_handler
                0x0000000000021ce8       0x32 _build/main.o
 *fill*         0x0000000000021d1a        0x2 
 .text.device_manager_init
                0x0000000000021d1c       0xdc _build/main.o
 .text.advertising_init
                0x0000000000021df8       0x7c _build/main.o
 .text.buttons_leds_init
                0x0000000000021e74       0x60 _build/main.o
 .text.power_manage
                0x0000000000021ed4       0x22 _build/main.o
 .text.main     0x0000000000021ef6       0x56 _build/main.o
                0x0000000000021ef6                main
 .text.sd_ble_gap_address_get
                0x0000000000021f4c        0x8 _build/ble_advdata.o
 .text.sd_ble_gap_adv_data_set
                0x0000000000021f54        0x8 _build/ble_advdata.o
 .text.sd_ble_gap_appearance_get
                0x0000000000021f5c        0x8 _build/ble_advdata.o
 .text.sd_ble_gap_device_name_get
                0x0000000000021f64        0x8 _build/ble_advdata.o
 .text.sd_ble_uuid_encode
                0x0000000000021f6c        0x8 _build/ble_advdata.o
 .text.uint16_encode
                0x0000000000021f74       0x2c _build/ble_advdata.o
 .text.tk_value_encode
                0x0000000000021fa0       0x9a _build/ble_advdata.o
 *fill*         0x000000000002203a        0x2 
 .text.le_role_encode
                0x000000000002203c       0xd4 _build/ble_advdata.o
 .text.ble_device_addr_encode
                0x0000000000022110       0xc8 _build/ble_advdata.o
 .text.name_encode
                0x00000000000221d8      0x13e _build/ble_advdata.o
 .text.appearance_encode
                0x0000000000022316       0x9c _build/ble_advdata.o
 .text.flags_encode
                0x00000000000223b2       0x7e _build/ble_advdata.o
 .text.sec_mgr_oob_flags_encode
                0x0000000000022430       0x7e _build/ble_advdata.o
 .text.tx_power_level_encode
                0x00000000000224ae       0x7e _build/ble_advdata.o
 .text.uuid_list_sized_encode
                0x000000000002252c      0x150 _build/ble_advdata.o
 .text.uuid_list_encode
                0x000000000002267c       0x66 _build/ble_advdata.o
 .text.conn_int_check
                0x00000000000226e2       0x78 _build/ble_advdata.o
 .text.conn_int_encode
                0x000000000002275a       0xc0 _build/ble_advdata.o
 .text.manuf_specific_data_encode
                0x000000000002281a       0xe0 _build/ble_advdata.o
 .text.service_data_encode
                0x00000000000228fa      0x108 _build/ble_advdata.o
 .text.adv_data_encode
                0x0000000000022a02      0x244 _build/ble_advdata.o
                0x0000000000022a02                adv_data_encode
 .text.advdata_check
                0x0000000000022c46       0x1c _build/ble_advdata.o
 .text.srdata_check
                0x0000000000022c62       0x18 _build/ble_advdata.o
 .text.ble_advdata_set
                0x0000000000022c7a       0xb4 _build/ble_advdata.o
                0x0000000000022c7a                ble_advdata_set
 .text.sd_ble_gap_adv_start
                0x0000000000022d2e        0x8 _build/ble_advertising.o
 .text.sd_ble_gap_adv_stop
                0x0000000000022d36        0x8 _build/ble_advertising.o
 .text.whitelist_has_entries
                0x0000000000022d3e       0x20 _build/ble_advertising.o
 *fill*         0x0000000000022d5e        0x2 
 .text.ble_advertising_peer_address_clear
                0x0000000000022d60       0x14 _build/ble_advertising.o
 .text.peer_address_exists
                0x0000000000022d74       0x2e _build/ble_advertising.o
 *fill*         0x0000000000022da2        0x2 
 .text.ble_advertising_init
                0x0000000000022da4      0x204 _build/ble_advertising.o
                0x0000000000022da4                ble_advertising_init
 .text.flash_access_in_progress
                0x0000000000022fa8       0x52 _build/ble_advertising.o
 *fill*         0x0000000000022ffa        0x2 
 .text.ble_advertising_start
                0x0000000000022ffc      0x328 _build/ble_advertising.o
                0x0000000000022ffc                ble_advertising_start
 .text.ble_advertising_on_ble_evt
                0x0000000000023324      0x144 _build/ble_advertising.o
                0x0000000000023324                ble_advertising_on_ble_evt
 .text.ble_advertising_on_sys_evt
                0x0000000000023468       0x60 _build/ble_advertising.o
                0x0000000000023468                ble_advertising_on_sys_evt
 .text.ble_advertising_restart_without_whitelist
                0x00000000000234c8       0x94 _build/ble_advertising.o
                0x00000000000234c8                ble_advertising_restart_without_whitelist
 .text.sd_ble_gatts_service_add
                0x000000000002355c        0x8 _build/ble_bas.o
 .text.sd_ble_gatts_characteristic_add
                0x0000000000023564        0x8 _build/ble_bas.o
 .text.sd_ble_gatts_descriptor_add
                0x000000000002356c        0x8 _build/ble_bas.o
 .text.sd_ble_gatts_value_set
                0x0000000000023574        0x8 _build/ble_bas.o
 .text.sd_ble_gatts_hvx
                0x000000000002357c        0x8 _build/ble_bas.o
 .text.uint16_decode
                0x0000000000023584       0x20 _build/ble_bas.o
 .text.ble_srv_is_notification_enabled
                0x00000000000235a4       0x2c _build/ble_bas.o
 .text.on_connect
                0x00000000000235d0       0x14 _build/ble_bas.o
 .text.on_disconnect
                0x00000000000235e4       0x14 _build/ble_bas.o
 .text.on_write
                0x00000000000235f8       0x64 _build/ble_bas.o
 .text.ble_bas_on_ble_evt
                0x000000000002365c       0x4c _build/ble_bas.o
                0x000000000002365c                ble_bas_on_ble_evt
 .text.battery_level_char_add
                0x00000000000236a8      0x228 _build/ble_bas.o
 .text.ble_bas_init
                0x00000000000238d0       0x70 _build/ble_bas.o
                0x00000000000238d0                ble_bas_init
 .text.ble_bas_battery_level_update
                0x0000000000023940       0xc8 _build/ble_bas.o
                0x0000000000023940                ble_bas_battery_level_update
 .text.sd_ble_gap_conn_param_update
                0x0000000000023a08        0x8 _build/ble_conn_params.o
 .text.sd_ble_gap_disconnect
                0x0000000000023a10        0x8 _build/ble_conn_params.o
 .text.sd_ble_gap_ppcp_set
                0x0000000000023a18        0x8 _build/ble_conn_params.o
 .text.sd_ble_gap_ppcp_get
                0x0000000000023a20        0x8 _build/ble_conn_params.o
 .text.uint16_decode
                0x0000000000023a28       0x20 _build/ble_conn_params.o
 .text.ble_srv_is_notification_enabled
                0x0000000000023a48       0x2c _build/ble_conn_params.o
 .text.is_conn_params_ok
                0x0000000000023a74       0x2c _build/ble_conn_params.o
 .text.update_timeout_handler
                0x0000000000023aa0       0xb4 _build/ble_conn_params.o
 .text.ble_conn_params_init
                0x0000000000023b54       0x94 _build/ble_conn_params.o
                0x0000000000023b54                ble_conn_params_init
 .text.ble_conn_params_stop
                0x0000000000023be8       0x14 _build/ble_conn_params.o
                0x0000000000023be8                ble_conn_params_stop
 .text.conn_params_negotiation
                0x0000000000023bfc       0xb0 _build/ble_conn_params.o
 .text.on_connect
                0x0000000000023cac       0x48 _build/ble_conn_params.o
 .text.on_disconnect
                0x0000000000023cf4       0x4c _build/ble_conn_params.o
 .text.on_write
                0x0000000000023d40       0x68 _build/ble_conn_params.o
 .text.on_conn_params_update
                0x0000000000023da8       0x24 _build/ble_conn_params.o
 .text.ble_conn_params_on_ble_evt
                0x0000000000023dcc       0x4a _build/ble_conn_params.o
                0x0000000000023dcc                ble_conn_params_on_ble_evt
 .text.sd_ble_gatts_service_add
                0x0000000000023e16        0x8 _build/ble_dfu.o
 .text.sd_ble_gatts_characteristic_add
                0x0000000000023e1e        0x8 _build/ble_dfu.o
 .text.sd_ble_gatts_value_get
                0x0000000000023e26        0x8 _build/ble_dfu.o
 .text.sd_ble_gatts_hvx
                0x0000000000023e2e        0x8 _build/ble_dfu.o
 .text.sd_ble_gatts_rw_authorize_reply
                0x0000000000023e36        0x8 _build/ble_dfu.o
 .text.sd_ble_uuid_vs_add
                0x0000000000023e3e        0x8 _build/ble_dfu.o
 .text.uint16_decode
                0x0000000000023e46       0x20 _build/ble_dfu.o
 .text.ble_srv_is_notification_enabled
                0x0000000000023e66       0x2c _build/ble_dfu.o
 .text.dfu_pkt_char_add
                0x0000000000023e92       0xf8 _build/ble_dfu.o
 .text.dfu_rev_char_add
                0x0000000000023f8a       0xfa _build/ble_dfu.o
 .text.dfu_ctrl_pt_add
                0x0000000000024084      0x104 _build/ble_dfu.o
 .text.on_connect
                0x0000000000024188       0x14 _build/ble_dfu.o
 .text.is_cccd_configured
                0x000000000002419c       0x60 _build/ble_dfu.o
 .text.on_ctrl_pt_write
                0x00000000000241fc      0x1f4 _build/ble_dfu.o
 .text.on_rw_authorize_req
                0x00000000000243f0       0x66 _build/ble_dfu.o
 .text.on_write
                0x0000000000024456       0x3e _build/ble_dfu.o
 .text.on_disconnect
                0x0000000000024494       0x14 _build/ble_dfu.o
 .text.ble_dfu_init
                0x00000000000244a8       0xdc _build/ble_dfu.o
                0x00000000000244a8                ble_dfu_init
 .text.ble_dfu_on_ble_evt
                0x0000000000024584       0x68 _build/ble_dfu.o
                0x0000000000024584                ble_dfu_on_ble_evt
 .text.ble_dfu_response_send
                0x00000000000245ec       0xcc _build/ble_dfu.o
                0x00000000000245ec                ble_dfu_response_send
 .text.uint16_encode
                0x00000000000246b8       0x2c _build/ble_dis.o
 .text.sd_ble_gatts_service_add
                0x00000000000246e4        0x8 _build/ble_dis.o
 .text.sd_ble_gatts_characteristic_add
                0x00000000000246ec        0x8 _build/ble_dis.o
 .text.sys_id_encode
                0x00000000000246f4       0xea _build/ble_dis.o
 .text.pnp_id_encode
                0x00000000000247de       0xdc _build/ble_dis.o
 *fill*         0x00000000000248ba        0x2 
 .text.char_add
                0x00000000000248bc      0x11c _build/ble_dis.o
 .text.ble_dis_init
                0x00000000000249d8      0x228 _build/ble_dis.o
                0x00000000000249d8                ble_dis_init
 .text.sd_ble_gatts_service_add
                0x0000000000024c00        0x8 _build/ble_hrs.o
 .text.sd_ble_gatts_characteristic_add
                0x0000000000024c08        0x8 _build/ble_hrs.o
 .text.sd_ble_gatts_hvx
                0x0000000000024c10        0x8 _build/ble_hrs.o
 .text.uint16_encode
                0x0000000000024c18       0x2c _build/ble_hrs.o
 .text.uint16_decode
                0x0000000000024c44       0x20 _build/ble_hrs.o
 .text.ble_srv_is_notification_enabled
                0x0000000000024c64       0x2c _build/ble_hrs.o
 .text.on_connect
                0x0000000000024c90       0x14 _build/ble_hrs.o
 .text.on_disconnect
                0x0000000000024ca4       0x14 _build/ble_hrs.o
 .text.on_hrm_cccd_write
                0x0000000000024cb8       0x4a _build/ble_hrs.o
 .text.on_write
                0x0000000000024d02       0x2a _build/ble_hrs.o
 .text.ble_hrs_on_ble_evt
                0x0000000000024d2c       0x40 _build/ble_hrs.o
                0x0000000000024d2c                ble_hrs_on_ble_evt
 .text.hrm_encode
                0x0000000000024d6c      0x146 _build/ble_hrs.o
 .text.heart_rate_measurement_char_add
                0x0000000000024eb2      0x120 _build/ble_hrs.o
 .text.body_sensor_location_char_add
                0x0000000000024fd2       0xd6 _build/ble_hrs.o
 .text.ble_hrs_init
                0x00000000000250a8       0x92 _build/ble_hrs.o
                0x00000000000250a8                ble_hrs_init
 .text.ble_hrs_heart_rate_measurement_send
                0x000000000002513a       0x94 _build/ble_hrs.o
                0x000000000002513a                ble_hrs_heart_rate_measurement_send
 .text.ble_hrs_rr_interval_add
                0x00000000000251ce       0x5e _build/ble_hrs.o
                0x00000000000251ce                ble_hrs_rr_interval_add
 .text.ble_hrs_sensor_contact_detected_update
                0x000000000002522c       0x1a _build/ble_hrs.o
                0x000000000002522c                ble_hrs_sensor_contact_detected_update
 .text.ble_srv_report_ref_encode
                0x0000000000025246       0x62 _build/ble_srv_common.o
                0x0000000000025246                ble_srv_report_ref_encode
 .text.ble_srv_ascii_to_utf8
                0x00000000000252a8       0x24 _build/ble_srv_common.o
                0x00000000000252a8                ble_srv_ascii_to_utf8
 .text.sd_ble_gap_sec_params_reply
                0x00000000000252cc        0x8 _build/device_manager_peripheral.o
 .text.sd_ble_gap_sec_info_reply
                0x00000000000252d4        0x8 _build/device_manager_peripheral.o
 .text.sd_ble_gatts_service_changed
                0x00000000000252dc        0x8 _build/device_manager_peripheral.o
 .text.sd_ble_gatts_sys_attr_set
                0x00000000000252e4        0x8 _build/device_manager_peripheral.o
 .text.sd_ble_gatts_sys_attr_get
                0x00000000000252ec        0x8 _build/device_manager_peripheral.o
 .text.update_status_bit_reset
                0x00000000000252f4       0x24 _build/device_manager_peripheral.o
 .text.update_status_bit_is_set
                0x0000000000025318       0x28 _build/device_manager_peripheral.o
 .text.application_instance_init
                0x0000000000025340       0x48 _build/device_manager_peripheral.o
 .text.connection_instance_init
                0x0000000000025388       0x68 _build/device_manager_peripheral.o
 .text.peer_instance_init
                0x00000000000253f0       0x98 _build/device_manager_peripheral.o
 .text.connection_instance_find
                0x0000000000025488       0x88 _build/device_manager_peripheral.o
 .text.device_instance_allocate
                0x0000000000025510       0xd0 _build/device_manager_peripheral.o
 .text.device_instance_free
                0x00000000000255e0       0x44 _build/device_manager_peripheral.o
 .text.device_instance_find
                0x0000000000025624       0x84 _build/device_manager_peripheral.o
 .text.app_evt_notify
                0x00000000000256a8       0x28 _build/device_manager_peripheral.o
 .text.connection_instance_allocate
                0x00000000000256d0       0x44 _build/device_manager_peripheral.o
 .text.connection_instance_free
                0x0000000000025714       0x34 _build/device_manager_peripheral.o
 .text.storage_operation_dummy_handler
                0x0000000000025748       0x1e _build/device_manager_peripheral.o
 *fill*         0x0000000000025766        0x2 
 .text.device_context_store
                0x0000000000025768      0x13c _build/device_manager_peripheral.o
 .text.no_service_context_store
                0x00000000000258a4        0xe _build/device_manager_peripheral.o
 *fill*         0x00000000000258b2        0x2 
 .text.gatts_context_store
                0x00000000000258b4      0x14c _build/device_manager_peripheral.o
 .text.gattc_context_store
                0x0000000000025a00        0xe _build/device_manager_peripheral.o
 .text.gattsc_context_store
                0x0000000000025a0e       0x2c _build/device_manager_peripheral.o
 .text.no_service_context_load
                0x0000000000025a3a        0xe _build/device_manager_peripheral.o
 .text.gatts_context_load
                0x0000000000025a48       0x70 _build/device_manager_peripheral.o
 .text.gattc_context_load
                0x0000000000025ab8        0xe _build/device_manager_peripheral.o
 .text.gattsc_context_load
                0x0000000000025ac6       0x2c _build/device_manager_peripheral.o
 .text.no_service_context_apply
                0x0000000000025af2        0xc _build/device_manager_peripheral.o
 *fill*         0x0000000000025afe        0x2 
 .text.gatts_context_apply
                0x0000000000025b00      0x17c _build/device_manager_peripheral.o
 .text.gattc_context_apply
                0x0000000000025c7c        0xc _build/device_manager_peripheral.o
 .text.gattsc_context_apply
                0x0000000000025c88       0x26 _build/device_manager_peripheral.o
 *fill*         0x0000000000025cae        0x2 
 .text.dm_pstorage_cb_handler
                0x0000000000025cb0      0x2d8 _build/device_manager_peripheral.o
 .text.dm_init  0x0000000000025f88      0x138 _build/device_manager_peripheral.o
                0x0000000000025f88                dm_init
 .text.dm_register
                0x00000000000260c0       0xc8 _build/device_manager_peripheral.o
                0x00000000000260c0                dm_register
 .text.dm_application_context_set
                0x0000000000026188      0x160 _build/device_manager_peripheral.o
                0x0000000000026188                dm_application_context_set
 .text.dm_application_context_get
                0x00000000000262e8      0x124 _build/device_manager_peripheral.o
                0x00000000000262e8                dm_application_context_get
 .text.dm_application_context_delete
                0x000000000002640c       0xe8 _build/device_manager_peripheral.o
                0x000000000002640c                dm_application_context_delete
 .text.dm_application_instance_set
                0x00000000000264f4       0x70 _build/device_manager_peripheral.o
                0x00000000000264f4                dm_application_instance_set
 .text.dm_handle_initialize
                0x0000000000026564       0x30 _build/device_manager_peripheral.o
                0x0000000000026564                dm_handle_initialize
 .text.dm_peer_addr_get
                0x0000000000026594      0x114 _build/device_manager_peripheral.o
                0x0000000000026594                dm_peer_addr_get
 .text.dm_distributed_keys_get
                0x00000000000266a8      0x148 _build/device_manager_peripheral.o
                0x00000000000266a8                dm_distributed_keys_get
 .text.bond_data_load
                0x00000000000267f0       0x6c _build/device_manager_peripheral.o
                0x00000000000267f0                bond_data_load
 .text.dm_ble_evt_handler
                0x000000000002685c      0x988 _build/device_manager_peripheral.o
                0x000000000002685c                dm_ble_evt_handler
 .text.dm_handle_get
                0x00000000000271e4       0xa8 _build/device_manager_peripheral.o
                0x00000000000271e4                dm_handle_get
 .text.NVIC_SystemReset
                0x000000000002728c       0x24 _build/system_nrf52.o
 .text.SystemCoreClockUpdate
                0x00000000000272b0       0x14 _build/system_nrf52.o
                0x00000000000272b0                SystemCoreClockUpdate
 .text.SystemInit
                0x00000000000272c4      0x258 _build/system_nrf52.o
                0x00000000000272c4                SystemInit
 .text.errata_16
                0x000000000002751c       0x38 _build/system_nrf52.o
 .text.errata_31
                0x0000000000027554       0x58 _build/system_nrf52.o
 .text.errata_32
                0x00000000000275ac       0x38 _build/system_nrf52.o
 .text.errata_36
                0x00000000000275e4       0x58 _build/system_nrf52.o
 .text.errata_37
                0x000000000002763c       0x38 _build/system_nrf52.o
 .text.errata_57
                0x0000000000027674       0x38 _build/system_nrf52.o
 .text.errata_66
                0x00000000000276ac       0x38 _build/system_nrf52.o
 .text.NVIC_EnableIRQ
                0x00000000000276e4       0x2c _build/softdevice_handler.o
 .text.NVIC_GetPriority
                0x0000000000027710       0x48 _build/softdevice_handler.o
 .text.sd_evt_get
                0x0000000000027758        0x8 _build/softdevice_handler.o
 .text.sd_softdevice_enable
                0x0000000000027760        0x8 _build/softdevice_handler.o
 .text.is_word_aligned
                0x0000000000027768       0x1a _build/softdevice_handler.o
 .text.sd_ble_enable
                0x0000000000027782        0x8 _build/softdevice_handler.o
 .text.sd_ble_evt_get
                0x000000000002778a        0x8 _build/softdevice_handler.o
 *fill*         0x0000000000027792        0x2 
 .text.__sd_nvic_app_accessible_irq
                0x0000000000027794       0x58 _build/softdevice_handler.o
 .text.__sd_nvic_is_app_accessible_priority
                0x00000000000277ec       0x32 _build/softdevice_handler.o
 *fill*         0x000000000002781e        0x2 
 .text.sd_nvic_EnableIRQ
                0x0000000000027820       0x8c _build/softdevice_handler.o
 .text.softdevice_fault_handler
                0x00000000000278ac       0x1c _build/softdevice_handler.o
                0x00000000000278ac                softdevice_fault_handler
 .text.intern_softdevice_events_execute
                0x00000000000278c8       0xf4 _build/softdevice_handler.o
                0x00000000000278c8                intern_softdevice_events_execute
 .text.softdevice_handler_init
                0x00000000000279bc       0x84 _build/softdevice_handler.o
                0x00000000000279bc                softdevice_handler_init
 .text.softdevice_ble_evt_handler_set
                0x0000000000027a40       0x20 _build/softdevice_handler.o
                0x0000000000027a40                softdevice_ble_evt_handler_set
 .text.softdevice_sys_evt_handler_set
                0x0000000000027a60       0x20 _build/softdevice_handler.o
                0x0000000000027a60                softdevice_sys_evt_handler_set
 .text.SWI2_EGU2_IRQHandler
                0x0000000000027a80       0x38 _build/softdevice_handler.o
                0x0000000000027a80                SWI2_EGU2_IRQHandler
 .text.softdevice_enable_get_default_config
                0x0000000000027ab8       0x5a _build/softdevice_handler.o
                0x0000000000027ab8                softdevice_enable_get_default_config
 *fill*         0x0000000000027b12        0x2 
 .text.sd_check_ram_start
                0x0000000000027b14       0x20 _build/softdevice_handler.o
                0x0000000000027b14                sd_check_ram_start
 .text.softdevice_enable
                0x0000000000027b34       0x28 _build/softdevice_handler.o
                0x0000000000027b34                softdevice_enable
 .text          0x0000000000027b5c       0x3c _build/gcc_startup_nrf52.o
                0x0000000000027b5c                Reset_Handler
                0x0000000000027b84                NMI_Handler
                0x0000000000027b86                HardFault_Handler
                0x0000000000027b88                MemoryManagement_Handler
                0x0000000000027b8a                BusFault_Handler
                0x0000000000027b8c                UsageFault_Handler
                0x0000000000027b8e                SVC_Handler
                0x0000000000027b90                DebugMonitor_Handler
                0x0000000000027b92                PendSV_Handler
                0x0000000000027b94                SysTick_Handler
                0x0000000000027b96                SPIM0_SPIS0_TWIM0_TWIS0_SPI0_TWI0_IRQHandler
                0x0000000000027b96                TIMER4_IRQHandler
                0x0000000000027b96                I2S_IRQHandler
                0x0000000000027b96                SWI4_EGU4_IRQHandler
                0x0000000000027b96                TIMER0_IRQHandler
                0x0000000000027b96                TIMER1_IRQHandler
                0x0000000000027b96                PWM2_IRQHandler
                0x0000000000027b96                ECB_IRQHandler
                0x0000000000027b96                SPIM1_SPIS1_TWIM1_TWIS1_SPI1_TWI1_IRQHandler
                0x0000000000027b96                Default_Handler
                0x0000000000027b96                SAADC_IRQHandler
                0x0000000000027b96                CCM_AAR_IRQHandler
                0x0000000000027b96                WDT_IRQHandler
                0x0000000000027b96                SWI5_EGU5_IRQHandler
                0x0000000000027b96                RNG_IRQHandler
                0x0000000000027b96                RTC2_IRQHandler
                0x0000000000027b96                PWM0_IRQHandler
                0x0000000000027b96                SWI3_EGU3_IRQHandler
                0x0000000000027b96                SWI1_EGU1_IRQHandler
                0x0000000000027b96                SPIM2_SPIS2_SPI2_IRQHandler
                0x0000000000027b96                NFCT_IRQHandler
                0x0000000000027b96                MWU_IRQHandler
                0x0000000000027b96                TIMER2_IRQHandler
                0x0000000000027b96                COMP_LPCOMP_IRQHandler
                0x0000000000027b96                RTC0_IRQHandler
                0x0000000000027b96                PWM1_IRQHandler
                0x0000000000027b96                POWER_CLOCK_IRQHandler
                0x0000000000027b96                RADIO_IRQHandler
                0x0000000000027b96                PDM_IRQHandler
                0x0000000000027b96                TEMP_IRQHandler
                0x0000000000027b96                QDEC_IRQHandler
                0x0000000000027b96                TIMER3_IRQHandler
                0x0000000000027b96                FPU_IRQHandler
 .text.memcmp   0x0000000000027b98       0x1e /Users/anita/opt/gcc-arm-none-eabi-7-2017-q4-major/bin/../lib/gcc/arm-none-eabi/7.2.1/../../../../arm-none-eabi/lib/thumb/v7e-m/fpv4-sp/hard/libc_nano.a(lib_a-memcmp.o)
                0x0000000000027b98                memcmp
 .text.memcpy   0x0000000000027bb6       0x16 /Users/anita/opt/gcc-arm-none-eabi-7-2017-q4-major/bin/../lib/gcc/arm-none-eabi/7.2.1/../../../../arm-none-eabi/lib/thumb/v7e-m/fpv4-sp/hard/libc_nano.a(lib_a-memcpy-stub.o)
                0x0000000000027bb6                memcpy
 .text.memmove  0x0000000000027bcc       0x32 /Users/anita/opt/gcc-arm-none-eabi-7-2017-q4-major/bin/../lib/gcc/arm-none-eabi/7.2.1/../../../../arm-none-eabi/lib/thumb/v7e-m/fpv4-sp/hard/libc_nano.a(lib_a-memmove.o)
                0x0000000000027bcc                memmove
 .text          0x0000000000027bfe       0x10 /Users/anita/opt/gcc-arm-none-eabi-7-2017-q4-major/bin/../lib/gcc/arm-none-eabi/7.2.1/../../../../arm-none-eabi/lib/thumb/v7e-m/fpv4-sp/hard/libc_nano.a(lib_a-strlen.o)
                0x0000000000027bfe                strlen
 *(.init)
 *fill*         0x0000000000027c0e        0x2 
 .init          0x0000000000027c10        0x4 /Users/anita/opt/gcc-arm-none-eabi-7-2017-q4-major/bin/../lib/gcc/arm-none-eabi/7.2.1/thumb/v7e-m/fpv4-sp/hard/crti.o
                0x0000000000027c10                _init
 .init          0x0000000000027c14        0x8 /Users/anita/opt/gcc-arm-none-eabi-7-2017-q4-major/bin/../lib/gcc/arm-none-eabi/7.2.1/thumb/v7e-m/fpv4-sp/hard/crtn.o
 *(.fini)
 .fini          0x0000000000027c1c        0x4 /Users/anita/opt/gcc-arm-none-eabi-7-2017-q4-major/bin/../lib/gcc/arm-none-eabi/7.2.1/thumb/v7e-m/fpv4-sp/hard/crti.o
                0x0000000000027c1c                _fini
 .fini          0x0000000000027c20        0x8 /Users/anita/opt/gcc-arm-none-eabi-7-2017-q4-major/bin/../lib/gcc/arm-none-eabi/7.2.1/thumb/v7e-m/fpv4-sp/hard/crtn.o
 *crtbegin.o(.ctors)
 *crtbegin?.o(.ctors)
 *(EXCLUDE_FILE(*crtend.o *crtend?.o) .ctors)
 *(SORT_BY_NAME(.ctors.*))
 *(.ctors)
 *crtbegin.o(.dtors)
 *crtbegin?.o(.dtors)
 *(EXCLUDE_FILE(*crtend.o *crtend?.o) .dtors)
 *(SORT_BY_NAME(.dtors.*))
 *(.dtors)
 *(.rodata*)
 .rodata._global_impure_ptr
                0x0000000000027c28        0x4 /Users/anita/opt/gcc-arm-none-eabi-7-2017-q4-major/bin/../lib/gcc/arm-none-eabi/7.2.1/../../../../arm-none-eabi/lib/thumb/v7e-m/fpv4-sp/hard/libc_nano.a(lib_a-impure.o)
                0x0000000000027c28                _global_impure_ptr
 .rodata.m_detection_delay_timer_id
                0x0000000000027c2c        0x4 _build/app_button.o
 .rodata.swap_sub_state_sm_lut.9238
                0x0000000000027c30       0x14 _build/pstorage.o
 .rodata.swap_sub_state_sm_lut.9313
                0x0000000000027c44       0x14 _build/pstorage.o
 .rodata.m_leds_timer_id
                0x0000000000027c58        0x4 _build/bsp.o
 .rodata.m_alert_timer_id
                0x0000000000027c5c        0x4 _build/bsp.o
 .rodata.m_button_timer_id
                0x0000000000027c60        0x4 _build/bsp.o
 .rodata.m_buttons_list
                0x0000000000027c64       0x10 _build/bsp.o
 .rodata.app_buttons
                0x0000000000027c74       0x20 _build/bsp.o
 .rodata.m_battery_timer_id
                0x0000000000027c94        0x4 _build/main.o
 .rodata.m_heart_rate_timer_id
                0x0000000000027c98        0x4 _build/main.o
 .rodata.m_rr_interval_timer_id
                0x0000000000027c9c        0x4 _build/main.o
 .rodata.m_sensor_contact_timer_id
                0x0000000000027ca0        0x4 _build/main.o
 .rodata        0x0000000000027ca4       0x24 _build/main.o
 .rodata.m_conn_params_timer_id
                0x0000000000027cc8        0x4 _build/ble_conn_params.o
 .rodata        0x0000000000027ccc       0x10 _build/ble_dfu.o
 .rodata.m_service_context_store
                0x0000000000027cdc       0x10 _build/device_manager_peripheral.o
                0x0000000000027cdc                m_service_context_store
 .rodata.m_service_context_load
                0x0000000000027cec       0x10 _build/device_manager_peripheral.o
                0x0000000000027cec                m_service_context_load
 .rodata.m_service_context_apply
                0x0000000000027cfc       0x10 _build/device_manager_peripheral.o
                0x0000000000027cfc                m_service_context_apply
 .rodata.m_context_init_len
                0x0000000000027d0c        0x4 _build/device_manager_peripheral.o
                0x0000000000027d0c                m_context_init_len
 .rodata.__sf_fake_stderr
                0x0000000000027d10       0x20 /Users/anita/opt/gcc-arm-none-eabi-7-2017-q4-major/bin/../lib/gcc/arm-none-eabi/7.2.1/../../../../arm-none-eabi/lib/thumb/v7e-m/fpv4-sp/hard/libc_nano.a(lib_a-findfp.o)
                0x0000000000027d10                __sf_fake_stderr
 .rodata.__sf_fake_stdin
                0x0000000000027d30       0x20 /Users/anita/opt/gcc-arm-none-eabi-7-2017-q4-major/bin/../lib/gcc/arm-none-eabi/7.2.1/../../../../arm-none-eabi/lib/thumb/v7e-m/fpv4-sp/hard/libc_nano.a(lib_a-findfp.o)
                0x0000000000027d30                __sf_fake_stdin
 .rodata.__sf_fake_stdout
                0x0000000000027d50       0x20 /Users/anita/opt/gcc-arm-none-eabi-7-2017-q4-major/bin/../lib/gcc/arm-none-eabi/7.2.1/../../../../arm-none-eabi/lib/thumb/v7e-m/fpv4-sp/hard/libc_nano.a(lib_a-findfp.o)
                0x0000000000027d50                __sf_fake_stdout
 *(.eh_frame*)
 .eh_frame      0x0000000000027d70        0x0 /Users/anita/opt/gcc-arm-none-eabi-7-2017-q4-major/bin/../lib/gcc/arm-none-eabi/7.2.1/thumb/v7e-m/fpv4-sp/hard/crtbegin.o
 .eh_frame      0x0000000000027d70        0x4 /Users/anita/opt/gcc-arm-none-eabi-7-2017-q4-major/bin/../lib/gcc/arm-none-eabi/7.2.1/thumb/v7e-m/fpv4-sp/hard/crtend.o

.glue_7         0x0000000000027d74        0x0
 .glue_7        0x0000000000027d74        0x0 linker stubs

.glue_7t        0x0000000000027d74        0x0
 .glue_7t       0x0000000000027d74        0x0 linker stubs

.vfp11_veneer   0x0000000000027d74        0x0
 .vfp11_veneer  0x0000000000027d74        0x0 linker stubs

.v4_bx          0x0000000000027d74        0x0
 .v4_bx         0x0000000000027d74        0x0 linker stubs

.iplt           0x0000000000027d74        0x0
 .iplt          0x0000000000027d74        0x0 /Users/anita/opt/gcc-arm-none-eabi-7-2017-q4-major/bin/../lib/gcc/arm-none-eabi/7.2.1/thumb/v7e-m/fpv4-sp/hard/crtbegin.o

.ARM.extab
 *(.ARM.extab* .gnu.linkonce.armextab.*)
                0x0000000000027d74                __exidx_start = .

.ARM.exidx      0x0000000000027d74        0x8
 *(.ARM.exidx* .gnu.linkonce.armexidx.*)
 .ARM.exidx     0x0000000000027d74        0x8 /Users/anita/opt/gcc-arm-none-eabi-7-2017-q4-major/bin/../lib/gcc/arm-none-eabi/7.2.1/../../../../arm-none-eabi/lib/thumb/v7e-m/fpv4-sp/hard/crt0.o
                0x0000000000027d7c                __exidx_end = .
                0x0000000000027d7c                __etext = .

.rel.dyn        0x0000000000027d7c        0x0
 .rel.iplt      0x0000000000027d7c        0x0 /Users/anita/opt/gcc-arm-none-eabi-7-2017-q4-major/bin/../lib/gcc/arm-none-eabi/7.2.1/thumb/v7e-m/fpv4-sp/hard/crtbegin.o

.data           0x0000000020002080       0x84 load address 0x0000000000027d7c
                0x0000000020002080                __data_start__ = .
 *(vtable)
 *(.data*)
 .data.impure_data
                0x0000000020002080       0x60 /Users/anita/opt/gcc-arm-none-eabi-7-2017-q4-major/bin/../lib/gcc/arm-none-eabi/7.2.1/../../../../arm-none-eabi/lib/thumb/v7e-m/fpv4-sp/hard/libc_nano.a(lib_a-impure.o)
 .data.m_reset_prepare
                0x00000000200020e0        0x4 _build/dfu_app_handler.o
 .data.m_conn_handle
                0x00000000200020e4        0x2 _build/main.o
 .data.m_rr_interval_enabled
                0x00000000200020e6        0x1 _build/main.o
 *fill*         0x00000000200020e7        0x1 
 .data.m_adv_uuids
                0x00000000200020e8        0xc _build/main.o
 .data.current_slave_link_conn_handle.9099
                0x00000000200020f4        0x2 _build/ble_advertising.o
 *fill*         0x00000000200020f6        0x2 
 .data.SystemCoreClock
                0x00000000200020f8        0x4 _build/system_nrf52.o
                0x00000000200020f8                SystemCoreClock
                0x00000000200020fc                . = ALIGN (0x4)
                0x00000000200020fc                PROVIDE (__preinit_array_start, .)
 *(.preinit_array)
                0x00000000200020fc                PROVIDE (__preinit_array_end, .)
                0x00000000200020fc                . = ALIGN (0x4)
                0x00000000200020fc                PROVIDE (__init_array_start, .)
 *(SORT_BY_NAME(.init_array.*))
 *(.init_array)
 .init_array    0x00000000200020fc        0x4 /Users/anita/opt/gcc-arm-none-eabi-7-2017-q4-major/bin/../lib/gcc/arm-none-eabi/7.2.1/thumb/v7e-m/fpv4-sp/hard/crtbegin.o
                0x0000000020002100                PROVIDE (__init_array_end, .)
                0x0000000020002100                . = ALIGN (0x4)
                [!provide]                        PROVIDE (__fini_array_start, .)
 *(SORT_BY_NAME(.fini_array.*))
 *(.fini_array)
 .fini_array    0x0000000020002100        0x4 /Users/anita/opt/gcc-arm-none-eabi-7-2017-q4-major/bin/../lib/gcc/arm-none-eabi/7.2.1/thumb/v7e-m/fpv4-sp/hard/crtbegin.o
                [!provide]                        PROVIDE (__fini_array_end, .)
 *(.jcr*)
                0x0000000020002104                . = ALIGN (0x4)
                0x0000000020002104                __data_end__ = .
LOAD /Users/anita/opt/gcc-arm-none-eabi-7-2017-q4-major/bin/../lib/gcc/arm-none-eabi/7.2.1/thumb/v7e-m/fpv4-sp/hard/crti.o
LOAD /Users/anita/opt/gcc-arm-none-eabi-7-2017-q4-major/bin/../lib/gcc/arm-none-eabi/7.2.1/thumb/v7e-m/fpv4-sp/hard/crtbegin.o
LOAD /Users/anita/opt/gcc-arm-none-eabi-7-2017-q4-major/bin/../lib/gcc/arm-none-eabi/7.2.1/../../../../arm-none-eabi/lib/thumb/v7e-m/fpv4-sp/hard/crt0.o
LOAD /Users/anita/opt/gcc-arm-none-eabi-7-2017-q4-major/bin/../lib/gcc/arm-none-eabi/7.2.1/../../../../arm-none-eabi/lib/thumb/v7e-m/fpv4-sp/hard/libc_nano.a
LOAD /Users/anita/opt/gcc-arm-none-eabi-7-2017-q4-major/bin/../lib/gcc/arm-none-eabi/7.2.1/../../../../arm-none-eabi/lib/thumb/v7e-m/fpv4-sp/hard/libnosys.a
LOAD _build/app_button.o
LOAD _build/app_error.o
LOAD _build/app_error_weak.o
LOAD _build/app_fifo.o
LOAD _build/app_timer.o
LOAD _build/app_trace.o
LOAD _build/app_util_platform.o
LOAD _build/bootloader_util.o
LOAD _build/dfu_app_handler.o
LOAD _build/fstorage.o
LOAD _build/nrf_assert.o
LOAD _build/nrf_log.o
LOAD _build/retarget.o
LOAD _build/sensorsim.o
LOAD _build/app_uart_fifo.o
LOAD _build/nrf_delay.o
LOAD _build/nrf_drv_common.o
LOAD _build/nrf_drv_gpiote.o
LOAD _build/nrf_drv_uart.o
LOAD _build/pstorage.o
LOAD _build/bsp.o
LOAD _build/bsp_btn_ble.o
LOAD _build/main.o
LOAD _build/RTT_Syscalls_GCC.o
LOAD _build/SEGGER_RTT.o
LOAD _build/SEGGER_RTT_printf.o
LOAD _build/ble_advdata.o
LOAD _build/ble_advertising.o
LOAD _build/ble_bas.o
LOAD _build/ble_conn_params.o
LOAD _build/ble_dfu.o
LOAD _build/ble_dis.o
LOAD _build/ble_hrs.o
LOAD _build/ble_srv_common.o
LOAD _build/device_manager_peripheral.o
LOAD _build/system_nrf52.o
LOAD _build/softdevice_handler.o
LOAD _build/gcc_startup_nrf52.o
LOAD /Users/anita/opt/gcc-arm-none-eabi-7-2017-q4-major/bin/../lib/gcc/arm-none-eabi/7.2.1/../../../../arm-none-eabi/lib/thumb/v7e-m/fpv4-sp/hard/libm.a
START GROUP
LOAD /Users/anita/opt/gcc-arm-none-eabi-7-2017-q4-major/bin/../lib/gcc/arm-none-eabi/7.2.1/thumb/v7e-m/fpv4-sp/hard/libgcc.a
LOAD /Users/anita/opt/gcc-arm-none-eabi-7-2017-q4-major/bin/../lib/gcc/arm-none-eabi/7.2.1/../../../../arm-none-eabi/lib/thumb/v7e-m/fpv4-sp/hard/libc_nano.a
END GROUP
START GROUP
LOAD /Users/anita/opt/gcc-arm-none-eabi-7-2017-q4-major/bin/../lib/gcc/arm-none-eabi/7.2.1/thumb/v7e-m/fpv4-sp/hard/libgcc.a
LOAD /Users/anita/opt/gcc-arm-none-eabi-7-2017-q4-major/bin/../lib/gcc/arm-none-eabi/7.2.1/../../../../arm-none-eabi/lib/thumb/v7e-m/fpv4-sp/hard/libc_nano.a
END GROUP
LOAD /Users/anita/opt/gcc-arm-none-eabi-7-2017-q4-major/bin/../lib/gcc/arm-none-eabi/7.2.1/thumb/v7e-m/fpv4-sp/hard/crtend.o
LOAD /Users/anita/opt/gcc-arm-none-eabi-7-2017-q4-major/bin/../lib/gcc/arm-none-eabi/7.2.1/thumb/v7e-m/fpv4-sp/hard/crtn.o
START GROUP
LOAD /Users/anita/opt/gcc-arm-none-eabi-7-2017-q4-major/bin/../lib/gcc/arm-none-eabi/7.2.1/thumb/v7e-m/fpv4-sp/hard/libgcc.a
LOAD /Users/anita/opt/gcc-arm-none-eabi-7-2017-q4-major/bin/../lib/gcc/arm-none-eabi/7.2.1/../../../../arm-none-eabi/lib/thumb/v7e-m/fpv4-sp/hard/libc.a
LOAD /Users/anita/opt/gcc-arm-none-eabi-7-2017-q4-major/bin/../lib/gcc/arm-none-eabi/7.2.1/../../../../arm-none-eabi/lib/thumb/v7e-m/fpv4-sp/hard/libnosys.a
END GROUP

.igot.plt       0x0000000020002104        0x0 load address 0x0000000000027e00
 .igot.plt      0x0000000020002104        0x0 /Users/anita/opt/gcc-arm-none-eabi-7-2017-q4-major/bin/../lib/gcc/arm-none-eabi/7.2.1/thumb/v7e-m/fpv4-sp/hard/crtbegin.o

.fs_data        0x0000000020002104        0x0
                0x0000000020002104                PROVIDE (__start_fs_data, .)
 *(.fs_data)
                0x0000000020002104                PROVIDE (__stop_fs_data, .)

.bss            0x0000000020002104      0xb8c load address 0x0000000000027e00
                0x0000000020002104                . = ALIGN (0x4)
                0x0000000020002104                __bss_start__ = .
 *(.bss*)
 .bss           0x0000000020002104       0x1c /Users/anita/opt/gcc-arm-none-eabi-7-2017-q4-major/bin/../lib/gcc/arm-none-eabi/7.2.1/thumb/v7e-m/fpv4-sp/hard/crtbegin.o
 .bss.mp_buttons
                0x0000000020002120        0x4 _build/app_button.o
 .bss.m_button_count
                0x0000000020002124        0x1 _build/app_button.o
 *fill*         0x0000000020002125        0x3 
 .bss.m_detection_delay
                0x0000000020002128        0x4 _build/app_button.o
 .bss.m_detection_delay_timer_id_data
                0x000000002000212c       0x20 _build/app_button.o
 .bss.m_pin_state
                0x000000002000214c        0x4 _build/app_button.o
 .bss.m_pin_transition
                0x0000000020002150        0x4 _build/app_button.o
 .bss.m_user_array_size
                0x0000000020002154        0x1 _build/app_timer.o
 *fill*         0x0000000020002155        0x3 
 .bss.mp_users  0x0000000020002158        0x4 _build/app_timer.o
 .bss.mp_timer_id_head
                0x000000002000215c        0x4 _build/app_timer.o
 .bss.m_ticks_latest
                0x0000000020002160        0x4 _build/app_timer.o
 .bss.m_ticks_elapsed
                0x0000000020002164        0x8 _build/app_timer.o
 .bss.m_ticks_elapsed_q_read_ind
                0x000000002000216c        0x1 _build/app_timer.o
 .bss.m_ticks_elapsed_q_write_ind
                0x000000002000216d        0x1 _build/app_timer.o
 *fill*         0x000000002000216e        0x2 
 .bss.m_evt_schedule_func
                0x0000000020002170        0x4 _build/app_timer.o
 .bss.m_rtc1_running
                0x0000000020002174        0x1 _build/app_timer.o
 .bss.m_rtc1_reset
                0x0000000020002175        0x1 _build/app_timer.o
 *fill*         0x0000000020002176        0x2 
 .bss.m_peer_data
                0x0000000020002178       0x3c _build/dfu_app_handler.o
 .bss.m_dm_handle
                0x00000000200021b4        0x4 _build/dfu_app_handler.o
 .bss.m_queue   0x00000000200021b8       0x58 _build/fstorage.o
 .bss.m_cb      0x0000000020002210       0x58 _build/nrf_drv_gpiote.o
 .bss.m_cb      0x0000000020002268       0x20 _build/nrf_drv_uart.o
 .bss.m_cmd_queue
                0x0000000020002288      0x25c _build/pstorage.o
 .bss.m_next_app_instance
                0x00000000200024e4        0x2 _build/pstorage.o
 *fill*         0x00000000200024e6        0x2 
 .bss.m_next_page_addr
                0x00000000200024e8        0x4 _build/pstorage.o
 .bss.m_state   0x00000000200024ec        0x1 _build/pstorage.o
 .bss.m_swap_sub_state
                0x00000000200024ed        0x1 _build/pstorage.o
 *fill*         0x00000000200024ee        0x2 
 .bss.m_head_word_size
                0x00000000200024f0        0x4 _build/pstorage.o
 .bss.m_tail_word_size
                0x00000000200024f4        0x4 _build/pstorage.o
 .bss.m_current_page_id
                0x00000000200024f8        0x4 _build/pstorage.o
 .bss.m_num_of_command_retries
                0x00000000200024fc        0x4 _build/pstorage.o
 .bss.m_app_table
                0x0000000020002500       0x18 _build/pstorage.o
 .bss.m_num_of_bytes_written
                0x0000000020002518        0x4 _build/pstorage.o
 .bss.m_app_data_size
                0x000000002000251c        0x4 _build/pstorage.o
 .bss.m_flags   0x0000000020002520        0x4 _build/pstorage.o
 .bss.m_stable_state
                0x0000000020002524        0x1 _build/bsp.o
 *fill*         0x0000000020002525        0x3 
 .bss.m_app_ticks_per_100ms
                0x0000000020002528        0x4 _build/bsp.o
 .bss.m_indication_type
                0x000000002000252c        0x4 _build/bsp.o
 .bss.m_alert_mask
                0x0000000020002530        0x4 _build/bsp.o
 .bss.m_leds_timer_id_data
                0x0000000020002534       0x20 _build/bsp.o
 .bss.m_alert_timer_id_data
                0x0000000020002554       0x20 _build/bsp.o
 .bss.m_registered_callback
                0x0000000020002574        0x4 _build/bsp.o
 .bss.m_events_list
                0x0000000020002578        0xc _build/bsp.o
 .bss.m_button_timer_id_data
                0x0000000020002584       0x20 _build/bsp.o
 .bss.current_long_push_pin_no.8548
                0x00000000200025a4        0x1 _build/bsp.o
 *fill*         0x00000000200025a5        0x3 
 .bss.release_event_at_push.8549
                0x00000000200025a8        0x4 _build/bsp.o
 .bss.m_error_handler
                0x00000000200025ac        0x4 _build/bsp_btn_ble.o
 .bss.m_num_connections
                0x00000000200025b0        0x4 _build/bsp_btn_ble.o
 .bss.m_bas     0x00000000200025b4       0x18 _build/main.o
 .bss.m_hrs     0x00000000200025cc       0x50 _build/main.o
 .bss.m_battery_sim_cfg
                0x000000002000261c       0x10 _build/main.o
 .bss.m_battery_sim_state
                0x000000002000262c        0x8 _build/main.o
 .bss.m_heart_rate_sim_cfg
                0x0000000020002634       0x10 _build/main.o
 .bss.m_heart_rate_sim_state
                0x0000000020002644        0x8 _build/main.o
 .bss.m_rr_interval_sim_cfg
                0x000000002000264c       0x10 _build/main.o
 .bss.m_rr_interval_sim_state
                0x000000002000265c        0x8 _build/main.o
 .bss.m_battery_timer_id_data
                0x0000000020002664       0x20 _build/main.o
 .bss.m_heart_rate_timer_id_data
                0x0000000020002684       0x20 _build/main.o
 .bss.m_rr_interval_timer_id_data
                0x00000000200026a4       0x20 _build/main.o
 .bss.m_sensor_contact_timer_id_data
                0x00000000200026c4       0x20 _build/main.o
 .bss.m_app_handle
                0x00000000200026e4        0x1 _build/main.o
 *fill*         0x00000000200026e5        0x3 
 .bss.m_dfus    0x00000000200026e8       0x30 _build/main.o
 .bss.cnt.11213
                0x0000000020002718        0x4 _build/main.o
 .bss.sensor_contact_detected.11223
                0x000000002000271c        0x1 _build/main.o
 *fill*         0x000000002000271d        0x3 
 .bss.APP_TIMER_BUF.11228
                0x0000000020002720      0x1c8 _build/main.o
 .bss.context_data.11254
                0x00000000200028e8        0x4 _build/main.o
 .bss.BLE_EVT_BUFFER.11338
                0x00000000200028ec       0x48 _build/main.o
 .bss.m_advertising_start_pending
                0x0000000020002934        0x1 _build/ble_advertising.o
 *fill*         0x0000000020002935        0x3 
 .bss.m_peer_address
                0x0000000020002938        0x7 _build/ble_advertising.o
 *fill*         0x000000002000293f        0x1 
 .bss.m_advdata
                0x0000000020002940       0x38 _build/ble_advertising.o
 .bss.m_adv_evt
                0x0000000020002978        0x1 _build/ble_advertising.o
 *fill*         0x0000000020002979        0x3 
 .bss.m_evt_handler
                0x000000002000297c        0x4 _build/ble_advertising.o
 .bss.m_error_handler
                0x0000000020002980        0x4 _build/ble_advertising.o
 .bss.m_adv_mode_current
                0x0000000020002984        0x1 _build/ble_advertising.o
 *fill*         0x0000000020002985        0x3 
 .bss.m_adv_modes_config
                0x0000000020002988       0x24 _build/ble_advertising.o
 .bss.m_whitelist
                0x00000000200029ac       0x10 _build/ble_advertising.o
 .bss.mp_whitelist_addr
                0x00000000200029bc       0x20 _build/ble_advertising.o
 .bss.mp_whitelist_irk
                0x00000000200029dc       0x20 _build/ble_advertising.o
 .bss.m_whitelist_temporarily_disabled
                0x00000000200029fc        0x1 _build/ble_advertising.o
 .bss.m_whitelist_reply_expected
                0x00000000200029fd        0x1 _build/ble_advertising.o
 .bss.m_peer_addr_reply_expected
                0x00000000200029fe        0x1 _build/ble_advertising.o
 *fill*         0x00000000200029ff        0x1 
 .bss.m_manuf_specific_data
                0x0000000020002a00        0xc _build/ble_advertising.o
 .bss.m_manuf_data_array
                0x0000000020002a0c       0x1f _build/ble_advertising.o
 *fill*         0x0000000020002a2b        0x1 
 .bss.m_service_data
                0x0000000020002a2c        0xc _build/ble_advertising.o
 .bss.m_service_data_array
                0x0000000020002a38       0x1f _build/ble_advertising.o
 *fill*         0x0000000020002a57        0x1 
 .bss.m_slave_conn_int
                0x0000000020002a58        0x4 _build/ble_advertising.o
 .bss.m_tx_power_level
                0x0000000020002a5c        0x1 _build/ble_advertising.o
 *fill*         0x0000000020002a5d        0x3 
 .bss.m_conn_params_config
                0x0000000020002a60       0x1c _build/ble_conn_params.o
 .bss.m_preferred_conn_params
                0x0000000020002a7c        0x8 _build/ble_conn_params.o
 .bss.m_update_count
                0x0000000020002a84        0x1 _build/ble_conn_params.o
 *fill*         0x0000000020002a85        0x1 
 .bss.m_conn_handle
                0x0000000020002a86        0x2 _build/ble_conn_params.o
 .bss.m_current_conn_params
                0x0000000020002a88        0x8 _build/ble_conn_params.o
 .bss.m_conn_params_timer_id_data
                0x0000000020002a90       0x20 _build/ble_conn_params.o
 .bss.m_change_param
                0x0000000020002ab0        0x1 _build/ble_conn_params.o
 .bss.m_is_dfu_service_initialized
                0x0000000020002ab1        0x1 _build/ble_dfu.o
 *fill*         0x0000000020002ab2        0x2 
 .bss.m_notif_buffer
                0x0000000020002ab4        0x7 _build/ble_dfu.o
 *fill*         0x0000000020002abb        0x1 
 .bss.service_handle
                0x0000000020002abc        0x2 _build/ble_dis.o
 *fill*         0x0000000020002abe        0x2 
 .bss.manufact_name_handles
                0x0000000020002ac0        0x8 _build/ble_dis.o
 .bss.model_num_handles
                0x0000000020002ac8        0x8 _build/ble_dis.o
 .bss.serial_num_handles
                0x0000000020002ad0        0x8 _build/ble_dis.o
 .bss.hw_rev_handles
                0x0000000020002ad8        0x8 _build/ble_dis.o
 .bss.fw_rev_handles
                0x0000000020002ae0        0x8 _build/ble_dis.o
 .bss.sw_rev_handles
                0x0000000020002ae8        0x8 _build/ble_dis.o
 .bss.sys_id_handles
                0x0000000020002af0        0x8 _build/ble_dis.o
 .bss.reg_cert_data_list_handles
                0x0000000020002af8        0x8 _build/ble_dis.o
 .bss.pnp_id_handles
                0x0000000020002b00        0x8 _build/ble_dis.o
 .bss.m_app_context_table
                0x0000000020002b08       0x1c _build/device_manager_peripheral.o
 .bss.m_peer_table
                0x0000000020002b24       0xc4 _build/device_manager_peripheral.o
 .bss.m_bond_table
                0x0000000020002be8       0x1c _build/device_manager_peripheral.o
 .bss.m_gatts_table
                0x0000000020002c04       0x24 _build/device_manager_peripheral.o
 .bss.m_connection_table
                0x0000000020002c28        0xc _build/device_manager_peripheral.o
 .bss.m_application_table
                0x0000000020002c34        0xc _build/device_manager_peripheral.o
 .bss.m_storage_handle
                0x0000000020002c40        0x8 _build/device_manager_peripheral.o
 .bss.m_peer_addr_update
                0x0000000020002c48        0x4 _build/device_manager_peripheral.o
 .bss.m_local_id_info
                0x0000000020002c4c       0x17 _build/device_manager_peripheral.o
 .bss.m_module_initialized
                0x0000000020002c63        0x1 _build/device_manager_peripheral.o
 .bss.m_irk_index_table
                0x0000000020002c64        0x7 _build/device_manager_peripheral.o
 *fill*         0x0000000020002c6b        0x1 
 .bss.m_evt_schedule_func
                0x0000000020002c6c        0x4 _build/softdevice_handler.o
 .bss.m_softdevice_enabled
                0x0000000020002c70        0x1 _build/softdevice_handler.o
 *fill*         0x0000000020002c71        0x3 
 .bss.mp_ble_evt_buffer
                0x0000000020002c74        0x4 _build/softdevice_handler.o
 .bss.m_ble_evt_buffer_size
                0x0000000020002c78        0x2 _build/softdevice_handler.o
 *fill*         0x0000000020002c7a        0x2 
 .bss.m_ble_evt_handler
                0x0000000020002c7c        0x4 _build/softdevice_handler.o
 .bss.m_sys_evt_handler
                0x0000000020002c80        0x4 _build/softdevice_handler.o
 *(COMMON)
 COMMON         0x0000000020002c84        0xc _build/softdevice_handler.o
                0x0000000020002c84                nrf_nvic_state
                0x0000000020002c90                . = ALIGN (0x4)
                0x0000000020002c90                __bss_end__ = .

.heap           0x0000000020002c90     0x2000
                0x0000000020002c90                __end__ = .
                0x0000000020002c90                PROVIDE (end, .)
 *(.heap*)
 .heap          0x0000000020002c90     0x2000 _build/gcc_startup_nrf52.o
                0x0000000020002c90                __HeapBase
                0x0000000020004c90                __HeapLimit = .

.stack_dummy    0x0000000020002c90     0x2000
 *(.stack*)
 .stack         0x0000000020002c90     0x2000 _build/gcc_startup_nrf52.o
                0x0000000020010000                __StackTop = (ORIGIN (RAM) + LENGTH (RAM))
                0x000000002000e000                __StackLimit = (__StackTop - SIZEOF (.stack_dummy))
                0x0000000020010000                PROVIDE (__stack, __StackTop)
                0x0000000000000001                ASSERT ((__StackLimit >= __HeapLimit), region RAM overflowed with stack)
OUTPUT(_build/s132_pca10040.out elf32-littlearm)

.ARM.attributes
                0x0000000000000000       0x30
 .ARM.attributes
                0x0000000000000000       0x22 /Users/anita/opt/gcc-arm-none-eabi-7-2017-q4-major/bin/../lib/gcc/arm-none-eabi/7.2.1/thumb/v7e-m/fpv4-sp/hard/crti.o
 .ARM.attributes
                0x0000000000000022       0x34 /Users/anita/opt/gcc-arm-none-eabi-7-2017-q4-major/bin/../lib/gcc/arm-none-eabi/7.2.1/thumb/v7e-m/fpv4-sp/hard/crtbegin.o
 .ARM.attributes
                0x0000000000000056       0x20 /Users/anita/opt/gcc-arm-none-eabi-7-2017-q4-major/bin/../lib/gcc/arm-none-eabi/7.2.1/../../../../arm-none-eabi/lib/thumb/v7e-m/fpv4-sp/hard/crt0.o
 .ARM.attributes
                0x0000000000000076       0x34 /Users/anita/opt/gcc-arm-none-eabi-7-2017-q4-major/bin/../lib/gcc/arm-none-eabi/7.2.1/../../../../arm-none-eabi/lib/thumb/v7e-m/fpv4-sp/hard/libc_nano.a(lib_a-exit.o)
 .ARM.attributes
                0x00000000000000aa       0x34 /Users/anita/opt/gcc-arm-none-eabi-7-2017-q4-major/bin/../lib/gcc/arm-none-eabi/7.2.1/../../../../arm-none-eabi/lib/thumb/v7e-m/fpv4-sp/hard/libc_nano.a(lib_a-impure.o)
 .ARM.attributes
                0x00000000000000de       0x34 /Users/anita/opt/gcc-arm-none-eabi-7-2017-q4-major/bin/../lib/gcc/arm-none-eabi/7.2.1/../../../../arm-none-eabi/lib/thumb/v7e-m/fpv4-sp/hard/libc_nano.a(lib_a-init.o)
 .ARM.attributes
                0x0000000000000112       0x34 /Users/anita/opt/gcc-arm-none-eabi-7-2017-q4-major/bin/../lib/gcc/arm-none-eabi/7.2.1/../../../../arm-none-eabi/lib/thumb/v7e-m/fpv4-sp/hard/libc_nano.a(lib_a-memset.o)
 .ARM.attributes
                0x0000000000000146       0x34 /Users/anita/opt/gcc-arm-none-eabi-7-2017-q4-major/bin/../lib/gcc/arm-none-eabi/7.2.1/../../../../arm-none-eabi/lib/thumb/v7e-m/fpv4-sp/hard/libnosys.a(_exit.o)
 .ARM.attributes
                0x000000000000017a       0x39 _build/app_button.o
 .ARM.attributes
                0x00000000000001b3       0x39 _build/app_error.o
 .ARM.attributes
                0x00000000000001ec       0x39 _build/app_error_weak.o
 .ARM.attributes
                0x0000000000000225       0x39 _build/app_timer.o
 .ARM.attributes
                0x000000000000025e       0x39 _build/bootloader_util.o
 .ARM.attributes
                0x0000000000000297       0x39 _build/dfu_app_handler.o
 .ARM.attributes
                0x00000000000002d0       0x39 _build/fstorage.o
 .ARM.attributes
                0x0000000000000309       0x39 _build/sensorsim.o
 .ARM.attributes
                0x0000000000000342       0x39 _build/nrf_delay.o
 .ARM.attributes
                0x000000000000037b       0x39 _build/nrf_drv_common.o
 .ARM.attributes
                0x00000000000003b4       0x39 _build/nrf_drv_gpiote.o
 .ARM.attributes
                0x00000000000003ed       0x39 _build/nrf_drv_uart.o
 .ARM.attributes
                0x0000000000000426       0x39 _build/pstorage.o
 .ARM.attributes
                0x000000000000045f       0x39 _build/bsp.o
 .ARM.attributes
                0x0000000000000498       0x39 _build/bsp_btn_ble.o
 .ARM.attributes
                0x00000000000004d1       0x39 _build/main.o
 .ARM.attributes
                0x000000000000050a       0x39 _build/ble_advdata.o
 .ARM.attributes
                0x0000000000000543       0x39 _build/ble_advertising.o
 .ARM.attributes
                0x000000000000057c       0x39 _build/ble_bas.o
 .ARM.attributes
                0x00000000000005b5       0x39 _build/ble_conn_params.o
 .ARM.attributes
                0x00000000000005ee       0x39 _build/ble_dfu.o
 .ARM.attributes
                0x0000000000000627       0x39 _build/ble_dis.o
 .ARM.attributes
                0x0000000000000660       0x39 _build/ble_hrs.o
 .ARM.attributes
                0x0000000000000699       0x39 _build/ble_srv_common.o
 .ARM.attributes
                0x00000000000006d2       0x39 _build/device_manager_peripheral.o
 .ARM.attributes
                0x000000000000070b       0x39 _build/system_nrf52.o
 .ARM.attributes
                0x0000000000000744       0x39 _build/softdevice_handler.o
 .ARM.attributes
                0x000000000000077d       0x1c _build/gcc_startup_nrf52.o
 .ARM.attributes
                0x0000000000000799       0x34 /Users/anita/opt/gcc-arm-none-eabi-7-2017-q4-major/bin/../lib/gcc/arm-none-eabi/7.2.1/../../../../arm-none-eabi/lib/thumb/v7e-m/fpv4-sp/hard/libc_nano.a(lib_a-memcmp.o)
 .ARM.attributes
                0x00000000000007cd       0x34 /Users/anita/opt/gcc-arm-none-eabi-7-2017-q4-major/bin/../lib/gcc/arm-none-eabi/7.2.1/../../../../arm-none-eabi/lib/thumb/v7e-m/fpv4-sp/hard/libc_nano.a(lib_a-memcpy-stub.o)
 .ARM.attributes
                0x0000000000000801       0x34 /Users/anita/opt/gcc-arm-none-eabi-7-2017-q4-major/bin/../lib/gcc/arm-none-eabi/7.2.1/../../../../arm-none-eabi/lib/thumb/v7e-m/fpv4-sp/hard/libc_nano.a(lib_a-memmove.o)
 .ARM.attributes
                0x0000000000000835       0x1b /Users/anita/opt/gcc-arm-none-eabi-7-2017-q4-major/bin/../lib/gcc/arm-none-eabi/7.2.1/../../../../arm-none-eabi/lib/thumb/v7e-m/fpv4-sp/hard/libc_nano.a(lib_a-strlen.o)
 .ARM.attributes
                0x0000000000000850       0x34 /Users/anita/opt/gcc-arm-none-eabi-7-2017-q4-major/bin/../lib/gcc/arm-none-eabi/7.2.1/../../../../arm-none-eabi/lib/thumb/v7e-m/fpv4-sp/hard/libc_nano.a(lib_a-findfp.o)
 .ARM.attributes
                0x0000000000000884       0x34 /Users/anita/opt/gcc-arm-none-eabi-7-2017-q4-major/bin/../lib/gcc/arm-none-eabi/7.2.1/thumb/v7e-m/fpv4-sp/hard/crtend.o
 .ARM.attributes
                0x00000000000008b8       0x22 /Users/anita/opt/gcc-arm-none-eabi-7-2017-q4-major/bin/../lib/gcc/arm-none-eabi/7.2.1/thumb/v7e-m/fpv4-sp/hard/crtn.o

.comment        0x0000000000000000       0x7e
 .comment       0x0000000000000000       0x7e _build/app_button.o
                                         0x7f (size before relaxing)
 .comment       0x000000000000007e       0x7f _build/app_error.o
 .comment       0x000000000000007e       0x7f _build/app_error_weak.o
 .comment       0x000000000000007e       0x7f _build/app_timer.o
 .comment       0x000000000000007e       0x7f _build/bootloader_util.o
 .comment       0x000000000000007e       0x7f _build/dfu_app_handler.o
 .comment       0x000000000000007e       0x7f _build/fstorage.o
 .comment       0x000000000000007e       0x7f _build/sensorsim.o
 .comment       0x000000000000007e       0x7f _build/nrf_delay.o
 .comment       0x000000000000007e       0x7f _build/nrf_drv_common.o
 .comment       0x000000000000007e       0x7f _build/nrf_drv_gpiote.o
 .comment       0x000000000000007e       0x7f _build/nrf_drv_uart.o
 .comment       0x000000000000007e       0x7f _build/pstorage.o
 .comment       0x000000000000007e       0x7f _build/bsp.o
 .comment       0x000000000000007e       0x7f _build/bsp_btn_ble.o
 .comment       0x000000000000007e       0x7f _build/main.o
 .comment       0x000000000000007e       0x7f _build/ble_advdata.o
 .comment       0x000000000000007e       0x7f _build/ble_advertising.o
 .comment       0x000000000000007e       0x7f _build/ble_bas.o
 .comment       0x000000000000007e       0x7f _build/ble_conn_params.o
 .comment       0x000000000000007e       0x7f _build/ble_dfu.o
 .comment       0x000000000000007e       0x7f _build/ble_dis.o
 .comment       0x000000000000007e       0x7f _build/ble_hrs.o
 .comment       0x000000000000007e       0x7f _build/ble_srv_common.o
 .comment       0x000000000000007e       0x7f _build/device_manager_peripheral.o
 .comment       0x000000000000007e       0x7f _build/system_nrf52.o
 .comment       0x000000000000007e       0x7f _build/softdevice_handler.o

.debug_frame    0x0000000000000000     0x89ac
 .debug_frame   0x0000000000000000       0x28 /Users/anita/opt/gcc-arm-none-eabi-7-2017-q4-major/bin/../lib/gcc/arm-none-eabi/7.2.1/../../../../arm-none-eabi/lib/thumb/v7e-m/fpv4-sp/hard/libc_nano.a(lib_a-exit.o)
 .debug_frame   0x0000000000000028       0x2c /Users/anita/opt/gcc-arm-none-eabi-7-2017-q4-major/bin/../lib/gcc/arm-none-eabi/7.2.1/../../../../arm-none-eabi/lib/thumb/v7e-m/fpv4-sp/hard/libc_nano.a(lib_a-init.o)
 .debug_frame   0x0000000000000054       0x20 /Users/anita/opt/gcc-arm-none-eabi-7-2017-q4-major/bin/../lib/gcc/arm-none-eabi/7.2.1/../../../../arm-none-eabi/lib/thumb/v7e-m/fpv4-sp/hard/libc_nano.a(lib_a-memset.o)
 .debug_frame   0x0000000000000074       0x20 /Users/anita/opt/gcc-arm-none-eabi-7-2017-q4-major/bin/../lib/gcc/arm-none-eabi/7.2.1/../../../../arm-none-eabi/lib/thumb/v7e-m/fpv4-sp/hard/libnosys.a(_exit.o)
 .debug_frame   0x0000000000000094       0xb8 _build/app_button.o
 .debug_frame   0x000000000000014c       0x60 _build/app_error.o
 .debug_frame   0x00000000000001ac       0x3c _build/app_error_weak.o
 .debug_frame   0x00000000000001e8      0x6d0 _build/app_timer.o
 .debug_frame   0x00000000000008b8       0x54 _build/bootloader_util.o
 .debug_frame   0x000000000000090c      0x818 _build/dfu_app_handler.o
 .debug_frame   0x0000000000001124      0x454 _build/fstorage.o
 .debug_frame   0x0000000000001578       0x74 _build/sensorsim.o
 .debug_frame   0x00000000000015ec       0x28 _build/nrf_delay.o
 .debug_frame   0x0000000000001614      0x314 _build/nrf_drv_common.o
 .debug_frame   0x0000000000001928      0x8f4 _build/nrf_drv_gpiote.o
 .debug_frame   0x000000000000221c      0xa88 _build/nrf_drv_uart.o
 .debug_frame   0x0000000000002ca4      0x8d0 _build/pstorage.o
 .debug_frame   0x0000000000003574      0x180 _build/bsp.o
 .debug_frame   0x00000000000036f4      0x4e8 _build/bsp_btn_ble.o
 .debug_frame   0x0000000000003bdc      0xa64 _build/main.o
 .debug_frame   0x0000000000004640      0x634 _build/ble_advdata.o
 .debug_frame   0x0000000000004c74      0x808 _build/ble_advertising.o
 .debug_frame   0x000000000000547c      0x534 _build/ble_bas.o
 .debug_frame   0x00000000000059b0      0x5a4 _build/ble_conn_params.o
 .debug_frame   0x0000000000005f54      0x610 _build/ble_dfu.o
 .debug_frame   0x0000000000006564      0x4cc _build/ble_dis.o
 .debug_frame   0x0000000000006a30      0x61c _build/ble_hrs.o
 .debug_frame   0x000000000000704c      0x4cc _build/ble_srv_common.o
 .debug_frame   0x0000000000007518      0x974 _build/device_manager_peripheral.o
 .debug_frame   0x0000000000007e8c       0xb8 _build/system_nrf52.o
 .debug_frame   0x0000000000007f44      0x8d0 _build/softdevice_handler.o
 .debug_frame   0x0000000000008814       0x2c /Users/anita/opt/gcc-arm-none-eabi-7-2017-q4-major/bin/../lib/gcc/arm-none-eabi/7.2.1/../../../../arm-none-eabi/lib/thumb/v7e-m/fpv4-sp/hard/libc_nano.a(lib_a-memcmp.o)
 .debug_frame   0x0000000000008840       0x28 /Users/anita/opt/gcc-arm-none-eabi-7-2017-q4-major/bin/../lib/gcc/arm-none-eabi/7.2.1/../../../../arm-none-eabi/lib/thumb/v7e-m/fpv4-sp/hard/libc_nano.a(lib_a-memcpy-stub.o)
 .debug_frame   0x0000000000008868       0x28 /Users/anita/opt/gcc-arm-none-eabi-7-2017-q4-major/bin/../lib/gcc/arm-none-eabi/7.2.1/../../../../arm-none-eabi/lib/thumb/v7e-m/fpv4-sp/hard/libc_nano.a(lib_a-memmove.o)
 .debug_frame   0x0000000000008890      0x11c /Users/anita/opt/gcc-arm-none-eabi-7-2017-q4-major/bin/../lib/gcc/arm-none-eabi/7.2.1/../../../../arm-none-eabi/lib/thumb/v7e-m/fpv4-sp/hard/libc_nano.a(lib_a-findfp.o)

.debug_info     0x0000000000000000    0x49cc6
 .debug_info    0x0000000000000000      0xce4 _build/app_button.o
 .debug_info    0x0000000000000ce4      0xb26 _build/app_error.o
 .debug_info    0x000000000000180a      0xb46 _build/app_error_weak.o
 .debug_info    0x0000000000002350     0x290b _build/app_timer.o
 .debug_info    0x0000000000004c5b      0x8ec _build/bootloader_util.o
 .debug_info    0x0000000000005547     0x4221 _build/dfu_app_handler.o
 .debug_info    0x0000000000009768     0x1f98 _build/fstorage.o
 .debug_info    0x000000000000b700      0x1d6 _build/sensorsim.o
 .debug_info    0x000000000000b8d6      0x94b _build/nrf_delay.o
 .debug_info    0x000000000000c221     0x18f7 _build/nrf_drv_common.o
 .debug_info    0x000000000000db18     0x2a1b _build/nrf_drv_gpiote.o
 .debug_info    0x0000000000010533     0x352b _build/nrf_drv_uart.o
 .debug_info    0x0000000000013a5e     0x2637 _build/pstorage.o
 .debug_info    0x0000000000016095     0x1249 _build/bsp.o
 .debug_info    0x00000000000172de     0x3b45 _build/bsp_btn_ble.o
 .debug_info    0x000000000001ae23     0x6228 _build/main.o
 .debug_info    0x000000000002104b     0x34fc _build/ble_advdata.o
 .debug_info    0x0000000000024547     0x4ce1 _build/ble_advertising.o
 .debug_info    0x0000000000029228     0x3df4 _build/ble_bas.o
 .debug_info    0x000000000002d01c     0x3e4e _build/ble_conn_params.o
 .debug_info    0x0000000000030e6a     0x41cc _build/ble_dfu.o
 .debug_info    0x0000000000035036     0x2fee _build/ble_dis.o
 .debug_info    0x0000000000038024     0x406e _build/ble_hrs.o
 .debug_info    0x000000000003c092     0x2f8c _build/ble_srv_common.o
 .debug_info    0x000000000003f01e     0x515e _build/device_manager_peripheral.o
 .debug_info    0x000000000004417c      0xd72 _build/system_nrf52.o
 .debug_info    0x0000000000044eee     0x4dd8 _build/softdevice_handler.o

.debug_abbrev   0x0000000000000000     0x55c2
 .debug_abbrev  0x0000000000000000      0x242 _build/app_button.o
 .debug_abbrev  0x0000000000000242      0x218 _build/app_error.o
 .debug_abbrev  0x000000000000045a      0x216 _build/app_error_weak.o
 .debug_abbrev  0x0000000000000670      0x470 _build/app_timer.o
 .debug_abbrev  0x0000000000000ae0      0x1c0 _build/bootloader_util.o
 .debug_abbrev  0x0000000000000ca0      0x3ab _build/dfu_app_handler.o
 .debug_abbrev  0x000000000000104b      0x387 _build/fstorage.o
 .debug_abbrev  0x00000000000013d2       0xd2 _build/sensorsim.o
 .debug_abbrev  0x00000000000014a4      0x215 _build/nrf_delay.o
 .debug_abbrev  0x00000000000016b9      0x2a0 _build/nrf_drv_common.o
 .debug_abbrev  0x0000000000001959      0x409 _build/nrf_drv_gpiote.o
 .debug_abbrev  0x0000000000001d62      0x41d _build/nrf_drv_uart.o
 .debug_abbrev  0x000000000000217f      0x39e _build/pstorage.o
 .debug_abbrev  0x000000000000251d      0x316 _build/bsp.o
 .debug_abbrev  0x0000000000002833      0x345 _build/bsp_btn_ble.o
 .debug_abbrev  0x0000000000002b78      0x3e5 _build/main.o
 .debug_abbrev  0x0000000000002f5d      0x349 _build/ble_advdata.o
 .debug_abbrev  0x00000000000032a6      0x3e0 _build/ble_advertising.o
 .debug_abbrev  0x0000000000003686      0x3a0 _build/ble_bas.o
 .debug_abbrev  0x0000000000003a26      0x3d4 _build/ble_conn_params.o
 .debug_abbrev  0x0000000000003dfa      0x3a7 _build/ble_dfu.o
 .debug_abbrev  0x00000000000041a1      0x332 _build/ble_dis.o