Archive member included to satisfy reference by file (symbol)

/Users/anita/opt/gcc-arm-none-eabi-7-2017-q4-major/bin/../lib/gcc/arm-none-eabi/7.2.1/../../../../arm-none-eabi/lib/thumb/v7e-m/fpv4-sp/hard/libc_nano.a(lib_a-exit.o)
                              /Users/anita/opt/gcc-arm-none-eabi-7-2017-q4-major/bin/../lib/gcc/arm-none-eabi/7.2.1/../../../../arm-none-eabi/lib/thumb/v7e-m/fpv4-sp/hard/crt0.o (exit)
/Users/anita/opt/gcc-arm-none-eabi-7-2017-q4-major/bin/../lib/gcc/arm-none-eabi/7.2.1/../../../../arm-none-eabi/lib/thumb/v7e-m/fpv4-sp/hard/libc_nano.a(lib_a-impure.o)
                              /Users/anita/opt/gcc-arm-none-eabi-7-2017-q4-major/bin/../lib/gcc/arm-none-eabi/7.2.1/../../../../arm-none-eabi/lib/thumb/v7e-m/fpv4-sp/hard/libc_nano.a(lib_a-exit.o) (_global_impure_ptr)
/Users/anita/opt/gcc-arm-none-eabi-7-2017-q4-major/bin/../lib/gcc/arm-none-eabi/7.2.1/../../../../arm-none-eabi/lib/thumb/v7e-m/fpv4-sp/hard/libc_nano.a(lib_a-init.o)
                              /Users/anita/opt/gcc-arm-none-eabi-7-2017-q4-major/bin/../lib/gcc/arm-none-eabi/7.2.1/../../../../arm-none-eabi/lib/thumb/v7e-m/fpv4-sp/hard/crt0.o (__libc_init_array)
/Users/anita/opt/gcc-arm-none-eabi-7-2017-q4-major/bin/../lib/gcc/arm-none-eabi/7.2.1/../../../../arm-none-eabi/lib/thumb/v7e-m/fpv4-sp/hard/libc_nano.a(lib_a-memset.o)
                              /Users/anita/opt/gcc-arm-none-eabi-7-2017-q4-major/bin/../lib/gcc/arm-none-eabi/7.2.1/../../../../arm-none-eabi/lib/thumb/v7e-m/fpv4-sp/hard/crt0.o (memset)
/Users/anita/opt/gcc-arm-none-eabi-7-2017-q4-major/bin/../lib/gcc/arm-none-eabi/7.2.1/../../../../arm-none-eabi/lib/thumb/v7e-m/fpv4-sp/hard/libnosys.a(_exit.o)
                              /Users/anita/opt/gcc-arm-none-eabi-7-2017-q4-major/bin/../lib/gcc/arm-none-eabi/7.2.1/../../../../arm-none-eabi/lib/thumb/v7e-m/fpv4-sp/hard/libc_nano.a(lib_a-exit.o) (_exit)
/Users/anita/opt/gcc-arm-none-eabi-7-2017-q4-major/bin/../lib/gcc/arm-none-eabi/7.2.1/../../../../arm-none-eabi/lib/thumb/v7e-m/fpv4-sp/hard/libc_nano.a(lib_a-memcpy-stub.o)
                              _build/SEGGER_RTT.o (memcpy)
/Users/anita/opt/gcc-arm-none-eabi-7-2017-q4-major/bin/../lib/gcc/arm-none-eabi/7.2.1/../../../../arm-none-eabi/lib/thumb/v7e-m/fpv4-sp/hard/libc_nano.a(lib_a-strcpy.o)
                              _build/SEGGER_RTT.o (strcpy)
/Users/anita/opt/gcc-arm-none-eabi-7-2017-q4-major/bin/../lib/gcc/arm-none-eabi/7.2.1/../../../../arm-none-eabi/lib/thumb/v7e-m/fpv4-sp/hard/libc_nano.a(lib_a-strlen.o)
                              _build/main.o (strlen)
/Users/anita/opt/gcc-arm-none-eabi-7-2017-q4-major/bin/../lib/gcc/arm-none-eabi/7.2.1/../../../../arm-none-eabi/lib/thumb/v7e-m/fpv4-sp/hard/libc_nano.a(lib_a-vprintf.o)
                              _build/nrf_log.o (vprintf)
/Users/anita/opt/gcc-arm-none-eabi-7-2017-q4-major/bin/../lib/gcc/arm-none-eabi/7.2.1/../../../../arm-none-eabi/lib/thumb/v7e-m/fpv4-sp/hard/libc_nano.a(lib_a-findfp.o)
                              /Users/anita/opt/gcc-arm-none-eabi-7-2017-q4-major/bin/../lib/gcc/arm-none-eabi/7.2.1/../../../../arm-none-eabi/lib/thumb/v7e-m/fpv4-sp/hard/libc_nano.a(lib_a-vprintf.o) (__sinit)
/Users/anita/opt/gcc-arm-none-eabi-7-2017-q4-major/bin/../lib/gcc/arm-none-eabi/7.2.1/../../../../arm-none-eabi/lib/thumb/v7e-m/fpv4-sp/hard/libc_nano.a(lib_a-fwalk.o)
                              /Users/anita/opt/gcc-arm-none-eabi-7-2017-q4-major/bin/../lib/gcc/arm-none-eabi/7.2.1/../../../../arm-none-eabi/lib/thumb/v7e-m/fpv4-sp/hard/libc_nano.a(lib_a-findfp.o) (_fwalk)
/Users/anita/opt/gcc-arm-none-eabi-7-2017-q4-major/bin/../lib/gcc/arm-none-eabi/7.2.1/../../../../arm-none-eabi/lib/thumb/v7e-m/fpv4-sp/hard/libc_nano.a(lib_a-nano-mallocr.o)
                              /Users/anita/opt/gcc-arm-none-eabi-7-2017-q4-major/bin/../lib/gcc/arm-none-eabi/7.2.1/../../../../arm-none-eabi/lib/thumb/v7e-m/fpv4-sp/hard/libc_nano.a(lib_a-findfp.o) (_malloc_r)
/Users/anita/opt/gcc-arm-none-eabi-7-2017-q4-major/bin/../lib/gcc/arm-none-eabi/7.2.1/../../../../arm-none-eabi/lib/thumb/v7e-m/fpv4-sp/hard/libc_nano.a(lib_a-nano-vfprintf.o)
                              /Users/anita/opt/gcc-arm-none-eabi-7-2017-q4-major/bin/../lib/gcc/arm-none-eabi/7.2.1/../../../../arm-none-eabi/lib/thumb/v7e-m/fpv4-sp/hard/libc_nano.a(lib_a-vprintf.o) (_vfprintf_r)
/Users/anita/opt/gcc-arm-none-eabi-7-2017-q4-major/bin/../lib/gcc/arm-none-eabi/7.2.1/../../../../arm-none-eabi/lib/thumb/v7e-m/fpv4-sp/hard/libc_nano.a(lib_a-nano-vfprintf_i.o)
                              /Users/anita/opt/gcc-arm-none-eabi-7-2017-q4-major/bin/../lib/gcc/arm-none-eabi/7.2.1/../../../../arm-none-eabi/lib/thumb/v7e-m/fpv4-sp/hard/libc_nano.a(lib_a-nano-vfprintf.o) (_printf_i)
/Users/anita/opt/gcc-arm-none-eabi-7-2017-q4-major/bin/../lib/gcc/arm-none-eabi/7.2.1/../../../../arm-none-eabi/lib/thumb/v7e-m/fpv4-sp/hard/libc_nano.a(lib_a-sbrkr.o)
[...]
Memory Configuration

Name             Origin             Length             Attributes
FLASH            0x000000000001c000 0x0000000000064000 xr
RAM              0x0000000020002080 0x000000000000df80 xrw
*default*        0x0000000000000000 0xffffffffffffffff

Linker script and memory map


.text           0x000000000001c000     0x3634
 *(.isr_vector)
 .isr_vector    0x000000000001c000      0x400 _build/gcc_startup_nrf52.o
                0x000000000001c000                __isr_vector
 *(.text*)
 .text          0x000000000001c400       0x40 /Users/anita/opt/gcc-arm-none-eabi-7-2017-q4-major/bin/../lib/gcc/arm-none-eabi/7.2.1/thumb/v7e-m/fpv4-sp/hard/crtbegin.o
 .text          0x000000000001c440       0x74 /Users/anita/opt/gcc-arm-none-eabi-7-2017-q4-major/bin/../lib/gcc/arm-none-eabi/7.2.1/../../../../arm-none-eabi/lib/thumb/v7e-m/fpv4-sp/hard/crt0.o
                0x000000000001c440                _mainCRTStartup
                0x000000000001c440                _start
 .text.exit     0x000000000001c4b4       0x28 /Users/anita/opt/gcc-arm-none-eabi-7-2017-q4-major/bin/../lib/gcc/arm-none-eabi/7.2.1/../../../../arm-none-eabi/lib/thumb/v7e-m/fpv4-sp/hard/libc_nano.a(lib_a-exit.o)
                0x000000000001c4b4                exit
 .text.__libc_init_array
                0x000000000001c4dc       0x48 /Users/anita/opt/gcc-arm-none-eabi-7-2017-q4-major/bin/../lib/gcc/arm-none-eabi/7.2.1/../../../../arm-none-eabi/lib/thumb/v7e-m/fpv4-sp/hard/libc_nano.a(lib_a-init.o)
                0x000000000001c4dc                __libc_init_array
 .text.memset   0x000000000001c524       0x10 /Users/anita/opt/gcc-arm-none-eabi-7-2017-q4-major/bin/../lib/gcc/arm-none-eabi/7.2.1/../../../../arm-none-eabi/lib/thumb/v7e-m/fpv4-sp/hard/libc_nano.a(lib_a-memset.o)
                0x000000000001c524                memset
 .text._exit    0x000000000001c534        0x4 /Users/anita/opt/gcc-arm-none-eabi-7-2017-q4-major/bin/../lib/gcc/arm-none-eabi/7.2.1/../../../../arm-none-eabi/lib/thumb/v7e-m/fpv4-sp/hard/libnosys.a(_exit.o)
                0x000000000001c534                _exit
 .text.detection_delay_timeout_handler
                0x000000000001c538       0xac _build/app_button.o
 .text.gpiote_event_handler
                0x000000000001c5e4       0x5c _build/app_button.o
 .text.app_button_init
                0x000000000001c640       0xac _build/app_button.o
                0x000000000001c640                app_button_init
 .text.app_button_enable
                0x000000000001c6ec       0x2c _build/app_button.o
                0x000000000001c6ec                app_button_enable
 .text.app_button_disable
                0x000000000001c718       0x34 _build/app_button.o
                0x000000000001c718                app_button_disable
 .text.app_error_handler_bare
                0x000000000001c74c       0x20 _build/app_error.o
                0x000000000001c74c                app_error_handler_bare
 .text.app_error_fault_handler
                0x000000000001c76c       0x24 _build/app_error_weak.o
                0x000000000001c76c                app_error_fault_handler
 .text.rtc1_stop
                0x000000000001c790      0x134 _build/app_timer.o
 .text.RTC1_IRQHandler
                0x000000000001c8c4       0xc4 _build/app_timer.o
                0x000000000001c8c4                RTC1_IRQHandler
 .text.SWI0_EGU0_IRQHandler
                0x000000000001c988      0x4ec _build/app_timer.o
                0x000000000001c988                SWI0_EGU0_IRQHandler
 .text.app_timer_init
                0x000000000001ce74       0xb4 _build/app_timer.o
                0x000000000001ce74                app_timer_init
 .text.app_timer_create
                0x000000000001cf28       0x24 _build/app_timer.o
                0x000000000001cf28                app_timer_create
 .text.app_timer_start
                0x000000000001cf4c       0xcc _build/app_timer.o
                0x000000000001cf4c                app_timer_start
 .text.app_timer_stop
                0x000000000001d018       0xa4 _build/app_timer.o
                0x000000000001d018                app_timer_stop
 .text.nrf_drv_common_irq_enable
                0x000000000001d0bc       0x48 _build/nrf_drv_common.o
                0x000000000001d0bc                nrf_drv_common_irq_enable
 .text.nrf_drv_gpiote_init
                0x000000000001d104       0x60 _build/nrf_drv_gpiote.o
                0x000000000001d104                nrf_drv_gpiote_init
 .text.nrf_drv_gpiote_is_init
                0x000000000001d164       0x14 _build/nrf_drv_gpiote.o
                0x000000000001d164                nrf_drv_gpiote_is_init
 .text.nrf_drv_gpiote_in_init
                0x000000000001d178      0x19c _build/nrf_drv_gpiote.o
                0x000000000001d178                nrf_drv_gpiote_in_init
 .text.nrf_drv_gpiote_in_event_enable
                0x000000000001d314       0xc4 _build/nrf_drv_gpiote.o
                0x000000000001d314                nrf_drv_gpiote_in_event_enable
 .text.nrf_drv_gpiote_in_event_disable
                0x000000000001d3d8       0x64 _build/nrf_drv_gpiote.o
                0x000000000001d3d8                nrf_drv_gpiote_in_event_disable
 .text.nrf_drv_gpiote_in_is_set
                0x000000000001d43c       0x14 _build/nrf_drv_gpiote.o
                0x000000000001d43c                nrf_drv_gpiote_in_is_set
 .text.GPIOTE_IRQHandler
                0x000000000001d450      0x4a4 _build/nrf_drv_gpiote.o
                0x000000000001d450                GPIOTE_IRQHandler
 .text.UARTE0_UART0_IRQHandler
                0x000000000001d8f4      0x2a4 _build/nrf_drv_uart.o
                0x000000000001d8f4                UARTE0_UART0_IRQHandler
 .text.sd_ble_gap_address_set
                0x000000000001db98        0x4 _build/main.o
 .text.sd_ble_gap_address_get
                0x000000000001db9c        0x4 _build/main.o
 .text.sd_ble_gap_adv_start
                0x000000000001dba0        0x4 _build/main.o
 .text.sd_ble_gap_disconnect
                0x000000000001dba4        0x4 _build/main.o
 .text.sd_ble_gap_ppcp_set
                0x000000000001dba8        0x4 _build/main.o
 .text.sd_ble_gap_device_name_set
                0x000000000001dbac        0x4 _build/main.o
 .text.sd_ble_gap_sec_params_reply
                0x000000000001dbb0        0x4 _build/main.o
 .text.sd_ble_gatts_sys_attr_set
                0x000000000001dbb4        0x4 _build/main.o
 .text.sd_app_evt_wait
                0x000000000001dbb8        0x4 _build/main.o
 .text.led_write_handler
                0x000000000001dbbc       0x24 _build/main.o
 .text.conn_params_error_handler
                0x000000000001dbe0        0x4 _build/main.o
 .text.on_conn_params_evt
                0x000000000001dbe4       0x24 _build/main.o
 .text.button_event_handler
                0x000000000001dc08       0x2c _build/main.o
 .text.ble_evt_dispatch
                0x000000000001dc34       0xec _build/main.o
 .text.startup.main
                0x000000000001dd20      0x210 _build/main.o
                0x000000000001dd20                main
 .text.sd_ble_gap_address_get
                0x000000000001df30        0x4 _build/ble_advdata.o
 .text.sd_ble_gap_adv_data_set
                0x000000000001df34        0x4 _build/ble_advdata.o
 .text.sd_ble_gap_appearance_get
                0x000000000001df38        0x4 _build/ble_advdata.o
 .text.sd_ble_gap_device_name_get
                0x000000000001df3c        0x4 _build/ble_advdata.o
 .text.sd_ble_uuid_encode
                0x000000000001df40        0x4 _build/ble_advdata.o
 .text.uuid_list_encode
                0x000000000001df44      0x170 _build/ble_advdata.o
 .text.adv_data_encode
                0x000000000001e0b4      0x528 _build/ble_advdata.o
                0x000000000001e0b4                adv_data_encode
 .text.ble_advdata_set
                0x000000000001e5dc      0x5d8 _build/ble_advdata.o
                0x000000000001e5dc                ble_advdata_set
 .text.sd_ble_gap_conn_param_update
                0x000000000001ebb4        0x4 _build/ble_conn_params.o
 .text.sd_ble_gap_disconnect
                0x000000000001ebb8        0x4 _build/ble_conn_params.o
 .text.sd_ble_gap_ppcp_set
                0x000000000001ebbc        0x4 _build/ble_conn_params.o
 .text.sd_ble_gap_ppcp_get
                0x000000000001ebc0        0x4 _build/ble_conn_params.o
 .text.update_timeout_handler
                0x000000000001ebc4       0x74 _build/ble_conn_params.o
 .text.conn_params_negotiation
                0x000000000001ec38       0x90 _build/ble_conn_params.o
 .text.ble_conn_params_init
                0x000000000001ecc8       0x74 _build/ble_conn_params.o
                0x000000000001ecc8                ble_conn_params_init
 .text.ble_conn_params_on_ble_evt
                0x000000000001ed3c      0x120 _build/ble_conn_params.o
                0x000000000001ed3c                ble_conn_params_on_ble_evt
 .text.sd_ble_gatts_service_add
                0x000000000001ee5c        0x4 _build/ble_lbs.o
 .text.sd_ble_gatts_characteristic_add
                0x000000000001ee60        0x4 _build/ble_lbs.o
 .text.sd_ble_gatts_hvx
                0x000000000001ee64        0x4 _build/ble_lbs.o
 .text.sd_ble_uuid_vs_add
                0x000000000001ee68        0x4 _build/ble_lbs.o
 .text.ble_lbs_on_ble_evt
                0x000000000001ee6c       0x44 _build/ble_lbs.o
                0x000000000001ee6c                ble_lbs_on_ble_evt
 .text.ble_lbs_init
                0x000000000001eeb0      0x1ac _build/ble_lbs.o
                0x000000000001eeb0                ble_lbs_init
 .text.ble_lbs_on_button_change
                0x000000000001f05c       0x3c _build/ble_lbs.o
                0x000000000001f05c                ble_lbs_on_button_change
 .text.SystemInit
                0x000000000001f098      0x2ac _build/system_nrf52.o
                0x000000000001f098                SystemInit
 .text.sd_evt_get
                0x000000000001f344        0x4 _build/softdevice_handler.o
 .text.sd_softdevice_enable
                0x000000000001f348        0x4 _build/softdevice_handler.o
 .text.sd_ble_enable
                0x000000000001f34c        0x4 _build/softdevice_handler.o
 .text.sd_ble_evt_get
                0x000000000001f350        0x4 _build/softdevice_handler.o
 .text.softdevice_fault_handler
                0x000000000001f354        0x8 _build/softdevice_handler.o
                0x000000000001f354                softdevice_fault_handler
 .text.intern_softdevice_events_execute.part.0
                0x000000000001f35c       0xb0 _build/softdevice_handler.o
 .text.softdevice_handler_init
                0x000000000001f40c       0x70 _build/softdevice_handler.o
                0x000000000001f40c                softdevice_handler_init
 .text.softdevice_ble_evt_handler_set
                0x000000000001f47c       0x14 _build/softdevice_handler.o
                0x000000000001f47c                softdevice_ble_evt_handler_set
 .text.SWI2_EGU2_IRQHandler
                0x000000000001f490       0x30 _build/softdevice_handler.o
                0x000000000001f490                SWI2_EGU2_IRQHandler
 .text.softdevice_enable_get_default_config
                0x000000000001f4c0       0x30 _build/softdevice_handler.o
                0x000000000001f4c0                softdevice_enable_get_default_config
 .text.sd_check_ram_start
                0x000000000001f4f0       0x14 _build/softdevice_handler.o
                0x000000000001f4f0                sd_check_ram_start
 .text.softdevice_enable
                0x000000000001f504       0x20 _build/softdevice_handler.o
                0x000000000001f504                softdevice_enable
 .text          0x000000000001f524       0x3c _build/gcc_startup_nrf52.o
                0x000000000001f524                Reset_Handler
                0x000000000001f54c                NMI_Handler
                0x000000000001f54e                HardFault_Handler
                0x000000000001f550                MemoryManagement_Handler
                0x000000000001f552                BusFault_Handler
                0x000000000001f554                UsageFault_Handler
                0x000000000001f556                SVC_Handler
                0x000000000001f558                DebugMonitor_Handler
                0x000000000001f55a                PendSV_Handler
                0x000000000001f55c                SysTick_Handler
                0x000000000001f55e                SPIM0_SPIS0_TWIM0_TWIS0_SPI0_TWI0_IRQHandler
                0x000000000001f55e                TIMER4_IRQHandler
                0x000000000001f55e                I2S_IRQHandler
                0x000000000001f55e                SWI4_EGU4_IRQHandler
                0x000000000001f55e                TIMER0_IRQHandler
                0x000000000001f55e                TIMER1_IRQHandler
                0x000000000001f55e                PWM2_IRQHandler
                0x000000000001f55e                ECB_IRQHandler
                0x000000000001f55e                SPIM1_SPIS1_TWIM1_TWIS1_SPI1_TWI1_IRQHandler
                0x000000000001f55e                Default_Handler
                0x000000000001f55e                SAADC_IRQHandler
                0x000000000001f55e                CCM_AAR_IRQHandler
                0x000000000001f55e                WDT_IRQHandler
                0x000000000001f55e                SWI5_EGU5_IRQHandler
                0x000000000001f55e                RNG_IRQHandler
                0x000000000001f55e                RTC2_IRQHandler
                0x000000000001f55e                PWM0_IRQHandler
                0x000000000001f55e                SWI3_EGU3_IRQHandler
                0x000000000001f55e                SWI1_EGU1_IRQHandler
                0x000000000001f55e                SPIM2_SPIS2_SPI2_IRQHandler
                0x000000000001f55e                NFCT_IRQHandler
                0x000000000001f55e                MWU_IRQHandler
                0x000000000001f55e                TIMER2_IRQHandler
                0x000000000001f55e                COMP_LPCOMP_IRQHandler
                0x000000000001f55e                RTC0_IRQHandler
                0x000000000001f55e                PWM1_IRQHandler
                0x000000000001f55e                POWER_CLOCK_IRQHandler
                0x000000000001f55e                RADIO_IRQHandler
                0x000000000001f55e                PDM_IRQHandler
                0x000000000001f55e                TEMP_IRQHandler
                0x000000000001f55e                QDEC_IRQHandler
                0x000000000001f55e                TIMER3_IRQHandler
                0x000000000001f55e                FPU_IRQHandler
 .text.memcpy   0x000000000001f560       0x16 /Users/anita/opt/gcc-arm-none-eabi-7-2017-q4-major/bin/../lib/gcc/arm-none-eabi/7.2.1/../../../../arm-none-eabi/lib/thumb/v7e-m/fpv4-sp/hard/libc_nano.a(lib_a-memcpy-stub.o)
                0x000000000001f560                memcpy
 .text          0x000000000001f576       0x10 /Users/anita/opt/gcc-arm-none-eabi-7-2017-q4-major/bin/../lib/gcc/arm-none-eabi/7.2.1/../../../../arm-none-eabi/lib/thumb/v7e-m/fpv4-sp/hard/libc_nano.a(lib_a-strlen.o)
                0x000000000001f576                strlen
 *(.init)
 *fill*         0x000000000001f586        0x2 
 .init          0x000000000001f588        0x4 /Users/anita/opt/gcc-arm-none-eabi-7-2017-q4-major/bin/../lib/gcc/arm-none-eabi/7.2.1/thumb/v7e-m/fpv4-sp/hard/crti.o
                0x000000000001f588                _init
 .init          0x000000000001f58c        0x8 /Users/anita/opt/gcc-arm-none-eabi-7-2017-q4-major/bin/../lib/gcc/arm-none-eabi/7.2.1/thumb/v7e-m/fpv4-sp/hard/crtn.o
 *(.fini)
 .fini          0x000000000001f594        0x4 /Users/anita/opt/gcc-arm-none-eabi-7-2017-q4-major/bin/../lib/gcc/arm-none-eabi/7.2.1/thumb/v7e-m/fpv4-sp/hard/crti.o
                0x000000000001f594                _fini
 .fini          0x000000000001f598        0x8 /Users/anita/opt/gcc-arm-none-eabi-7-2017-q4-major/bin/../lib/gcc/arm-none-eabi/7.2.1/thumb/v7e-m/fpv4-sp/hard/crtn.o
 *crtbegin.o(.ctors)
 *crtbegin?.o(.ctors)
 *(EXCLUDE_FILE(*crtend.o *crtend?.o) .ctors)
 *(SORT_BY_NAME(.ctors.*))
 *(.ctors)
 *crtbegin.o(.dtors)
 *crtbegin?.o(.dtors)
 *(EXCLUDE_FILE(*crtend.o *crtend?.o) .dtors)
 *(SORT_BY_NAME(.dtors.*))
 *(.dtors)
 *(.rodata*)
 .rodata._global_impure_ptr
                0x000000000001f5a0        0x4 /Users/anita/opt/gcc-arm-none-eabi-7-2017-q4-major/bin/../lib/gcc/arm-none-eabi/7.2.1/../../../../arm-none-eabi/lib/thumb/v7e-m/fpv4-sp/hard/libc_nano.a(lib_a-impure.o)
                0x000000000001f5a0                _global_impure_ptr
 .rodata.m_detection_delay_timer_id
                0x000000000001f5a4        0x4 _build/app_button.o
 .rodata        0x000000000001f5a8        0x4 _build/main.o
 .rodata.main.str1.4
                0x000000000001f5ac       0x10 _build/main.o
                                          0xe (size before relaxing)
 .rodata.m_conn_params_timer_id
                0x000000000001f5bc        0x4 _build/ble_conn_params.o
 .rodata        0x000000000001f5c0       0x10 _build/ble_lbs.o
 .rodata.__sf_fake_stderr
                0x000000000001f5d0       0x20 /Users/anita/opt/gcc-arm-none-eabi-7-2017-q4-major/bin/../lib/gcc/arm-none-eabi/7.2.1/../../../../arm-none-eabi/lib/thumb/v7e-m/fpv4-sp/hard/libc_nano.a(lib_a-findfp.o)
                0x000000000001f5d0                __sf_fake_stderr
 .rodata.__sf_fake_stdin
                0x000000000001f5f0       0x20 /Users/anita/opt/gcc-arm-none-eabi-7-2017-q4-major/bin/../lib/gcc/arm-none-eabi/7.2.1/../../../../arm-none-eabi/lib/thumb/v7e-m/fpv4-sp/hard/libc_nano.a(lib_a-findfp.o)
                0x000000000001f5f0                __sf_fake_stdin
 .rodata.__sf_fake_stdout
                0x000000000001f610       0x20 /Users/anita/opt/gcc-arm-none-eabi-7-2017-q4-major/bin/../lib/gcc/arm-none-eabi/7.2.1/../../../../arm-none-eabi/lib/thumb/v7e-m/fpv4-sp/hard/libc_nano.a(lib_a-findfp.o)
                0x000000000001f610                __sf_fake_stdout
 *(.eh_frame*)
 .eh_frame      0x000000000001f630        0x0 /Users/anita/opt/gcc-arm-none-eabi-7-2017-q4-major/bin/../lib/gcc/arm-none-eabi/7.2.1/thumb/v7e-m/fpv4-sp/hard/crtbegin.o
 .eh_frame      0x000000000001f630        0x4 /Users/anita/opt/gcc-arm-none-eabi-7-2017-q4-major/bin/../lib/gcc/arm-none-eabi/7.2.1/thumb/v7e-m/fpv4-sp/hard/crtend.o

.glue_7         0x000000000001f634        0x0
 .glue_7        0x000000000001f634        0x0 linker stubs

.glue_7t        0x000000000001f634        0x0
 .glue_7t       0x000000000001f634        0x0 linker stubs

.vfp11_veneer   0x000000000001f634        0x0
 .vfp11_veneer  0x000000000001f634        0x0 linker stubs

.v4_bx          0x000000000001f634        0x0
 .v4_bx         0x000000000001f634        0x0 linker stubs

.iplt           0x000000000001f634        0x0
 .iplt          0x000000000001f634        0x0 /Users/anita/opt/gcc-arm-none-eabi-7-2017-q4-major/bin/../lib/gcc/arm-none-eabi/7.2.1/thumb/v7e-m/fpv4-sp/hard/crtbegin.o

.ARM.extab
 *(.ARM.extab* .gnu.linkonce.armextab.*)
                0x000000000001f634                __exidx_start = .

.ARM.exidx      0x000000000001f634        0x8
 *(.ARM.exidx* .gnu.linkonce.armexidx.*)
 .ARM.exidx     0x000000000001f634        0x8 /Users/anita/opt/gcc-arm-none-eabi-7-2017-q4-major/bin/../lib/gcc/arm-none-eabi/7.2.1/../../../../arm-none-eabi/lib/thumb/v7e-m/fpv4-sp/hard/crt0.o
                0x000000000001f63c                __exidx_end = .
                0x000000000001f63c                __etext = .

.rel.dyn        0x000000000001f63c        0x0
 .rel.iplt      0x000000000001f63c        0x0 /Users/anita/opt/gcc-arm-none-eabi-7-2017-q4-major/bin/../lib/gcc/arm-none-eabi/7.2.1/thumb/v7e-m/fpv4-sp/hard/crtbegin.o

.data           0x0000000020002080       0x78 load address 0x000000000001f63c
                0x0000000020002080                __data_start__ = .
 *(vtable)
 *(.data*)
 .data.impure_data
                0x0000000020002080       0x60 /Users/anita/opt/gcc-arm-none-eabi-7-2017-q4-major/bin/../lib/gcc/arm-none-eabi/7.2.1/../../../../arm-none-eabi/lib/thumb/v7e-m/fpv4-sp/hard/libc_nano.a(lib_a-impure.o)
 .data.buttons.10813
                0x00000000200020e0        0x8 _build/main.o
 .data.m_conn_handle
                0x00000000200020e8        0x2 _build/main.o
 *fill*         0x00000000200020ea        0x2 
 .data.SystemCoreClock
                0x00000000200020ec        0x4 _build/system_nrf52.o
                0x00000000200020ec                SystemCoreClock
                0x00000000200020f0                . = ALIGN (0x4)
                0x00000000200020f0                PROVIDE (__preinit_array_start, .)
 *(.preinit_array)
                0x00000000200020f0                PROVIDE (__preinit_array_end, .)
                0x00000000200020f0                . = ALIGN (0x4)
                0x00000000200020f0                PROVIDE (__init_array_start, .)
 *(SORT_BY_NAME(.init_array.*))
 *(.init_array)
 .init_array    0x00000000200020f0        0x4 /Users/anita/opt/gcc-arm-none-eabi-7-2017-q4-major/bin/../lib/gcc/arm-none-eabi/7.2.1/thumb/v7e-m/fpv4-sp/hard/crtbegin.o
                0x00000000200020f4                PROVIDE (__init_array_end, .)
                0x00000000200020f4                . = ALIGN (0x4)
                [!provide]                        PROVIDE (__fini_array_start, .)
 *(SORT_BY_NAME(.fini_array.*))
 *(.fini_array)
 .fini_array    0x00000000200020f4        0x4 /Users/anita/opt/gcc-arm-none-eabi-7-2017-q4-major/bin/../lib/gcc/arm-none-eabi/7.2.1/thumb/v7e-m/fpv4-sp/hard/crtbegin.o
                [!provide]                        PROVIDE (__fini_array_end, .)
 *(.jcr*)
                0x00000000200020f8                . = ALIGN (0x4)
                0x00000000200020f8                __data_end__ = .
LOAD /Users/anita/opt/gcc-arm-none-eabi-7-2017-q4-major/bin/../lib/gcc/arm-none-eabi/7.2.1/thumb/v7e-m/fpv4-sp/hard/crti.o
LOAD /Users/anita/opt/gcc-arm-none-eabi-7-2017-q4-major/bin/../lib/gcc/arm-none-eabi/7.2.1/thumb/v7e-m/fpv4-sp/hard/crtbegin.o
LOAD /Users/anita/opt/gcc-arm-none-eabi-7-2017-q4-major/bin/../lib/gcc/arm-none-eabi/7.2.1/../../../../arm-none-eabi/lib/thumb/v7e-m/fpv4-sp/hard/crt0.o
LOAD /Users/anita/opt/gcc-arm-none-eabi-7-2017-q4-major/bin/../lib/gcc/arm-none-eabi/7.2.1/../../../../arm-none-eabi/lib/thumb/v7e-m/fpv4-sp/hard/libc_nano.a
LOAD /Users/anita/opt/gcc-arm-none-eabi-7-2017-q4-major/bin/../lib/gcc/arm-none-eabi/7.2.1/../../../../arm-none-eabi/lib/thumb/v7e-m/fpv4-sp/hard/libnosys.a
LOAD _build/app_button.o
LOAD _build/app_error.o
LOAD _build/app_error_weak.o
LOAD _build/app_fifo.o
LOAD _build/app_timer.o
LOAD _build/app_util_platform.o
LOAD _build/nrf_assert.o
LOAD _build/nrf_log.o
LOAD _build/retarget.o
LOAD _build/app_uart_fifo.o
LOAD _build/nrf_delay.o
LOAD _build/nrf_drv_common.o
LOAD _build/nrf_drv_gpiote.o
LOAD _build/nrf_drv_uart.o
LOAD _build/bsp.o
LOAD _build/main.o
LOAD _build/RTT_Syscalls_GCC.o
LOAD _build/SEGGER_RTT.o
LOAD _build/SEGGER_RTT_printf.o
LOAD _build/ble_advdata.o
LOAD _build/ble_conn_params.o
LOAD _build/ble_lbs.o
LOAD _build/ble_srv_common.o
LOAD _build/system_nrf52.o
LOAD _build/softdevice_handler.o
LOAD _build/gcc_startup_nrf52.o
LOAD /Users/anita/opt/gcc-arm-none-eabi-7-2017-q4-major/bin/../lib/gcc/arm-none-eabi/7.2.1/../../../../arm-none-eabi/lib/thumb/v7e-m/fpv4-sp/hard/libm.a
START GROUP
LOAD /Users/anita/opt/gcc-arm-none-eabi-7-2017-q4-major/bin/../lib/gcc/arm-none-eabi/7.2.1/thumb/v7e-m/fpv4-sp/hard/libgcc.a
LOAD /Users/anita/opt/gcc-arm-none-eabi-7-2017-q4-major/bin/../lib/gcc/arm-none-eabi/7.2.1/../../../../arm-none-eabi/lib/thumb/v7e-m/fpv4-sp/hard/libc_nano.a
END GROUP
START GROUP
LOAD /Users/anita/opt/gcc-arm-none-eabi-7-2017-q4-major/bin/../lib/gcc/arm-none-eabi/7.2.1/thumb/v7e-m/fpv4-sp/hard/libgcc.a
LOAD /Users/anita/opt/gcc-arm-none-eabi-7-2017-q4-major/bin/../lib/gcc/arm-none-eabi/7.2.1/../../../../arm-none-eabi/lib/thumb/v7e-m/fpv4-sp/hard/libc_nano.a
END GROUP
LOAD /Users/anita/opt/gcc-arm-none-eabi-7-2017-q4-major/bin/../lib/gcc/arm-none-eabi/7.2.1/thumb/v7e-m/fpv4-sp/hard/crtend.o
LOAD /Users/anita/opt/gcc-arm-none-eabi-7-2017-q4-major/bin/../lib/gcc/arm-none-eabi/7.2.1/thumb/v7e-m/fpv4-sp/hard/crtn.o
START GROUP
LOAD /Users/anita/opt/gcc-arm-none-eabi-7-2017-q4-major/bin/../lib/gcc/arm-none-eabi/7.2.1/thumb/v7e-m/fpv4-sp/hard/libgcc.a
LOAD /Users/anita/opt/gcc-arm-none-eabi-7-2017-q4-major/bin/../lib/gcc/arm-none-eabi/7.2.1/../../../../arm-none-eabi/lib/thumb/v7e-m/fpv4-sp/hard/libc.a
LOAD /Users/anita/opt/gcc-arm-none-eabi-7-2017-q4-major/bin/../lib/gcc/arm-none-eabi/7.2.1/../../../../arm-none-eabi/lib/thumb/v7e-m/fpv4-sp/hard/libnosys.a
END GROUP

.igot.plt       0x00000000200020f8        0x0 load address 0x000000000001f6b4
 .igot.plt      0x00000000200020f8        0x0 /Users/anita/opt/gcc-arm-none-eabi-7-2017-q4-major/bin/../lib/gcc/arm-none-eabi/7.2.1/thumb/v7e-m/fpv4-sp/hard/crtbegin.o

.fs_data        0x00000000200020f8        0x0
                [!provide]                        PROVIDE (__start_fs_data, .)
 *(.fs_data)
                [!provide]                        PROVIDE (__stop_fs_data, .)

.bss            0x00000000200020f8      0x38c load address 0x000000000001f6b4
                0x00000000200020f8                . = ALIGN (0x4)
                0x00000000200020f8                __bss_start__ = .
 *(.bss*)
 .bss           0x00000000200020f8       0x1c /Users/anita/opt/gcc-arm-none-eabi-7-2017-q4-major/bin/../lib/gcc/arm-none-eabi/7.2.1/thumb/v7e-m/fpv4-sp/hard/crtbegin.o
 .bss.m_button_count
                0x0000000020002114        0x1 _build/app_button.o
 *fill*         0x0000000020002115        0x3 
 .bss.m_detection_delay
                0x0000000020002118        0x4 _build/app_button.o
 .bss.m_detection_delay_timer_id_data
                0x000000002000211c       0x20 _build/app_button.o
 .bss.m_pin_state
                0x000000002000213c        0x4 _build/app_button.o
 .bss.m_pin_transition
                0x0000000020002140        0x4 _build/app_button.o
 .bss.mp_buttons
                0x0000000020002144        0x4 _build/app_button.o
 .bss.m_evt_schedule_func
                0x0000000020002148        0x4 _build/app_timer.o
 .bss.m_rtc1_reset
                0x000000002000214c        0x1 _build/app_timer.o
 .bss.m_rtc1_running
                0x000000002000214d        0x1 _build/app_timer.o
 *fill*         0x000000002000214e        0x2 
 .bss.m_ticks_elapsed
                0x0000000020002150        0x8 _build/app_timer.o
 .bss.m_ticks_elapsed_q_read_ind
                0x0000000020002158        0x1 _build/app_timer.o
 .bss.m_ticks_elapsed_q_write_ind
                0x0000000020002159        0x1 _build/app_timer.o
 *fill*         0x000000002000215a        0x2 
 .bss.m_ticks_latest
                0x000000002000215c        0x4 _build/app_timer.o
 .bss.m_user_array_size
                0x0000000020002160        0x1 _build/app_timer.o
 *fill*         0x0000000020002161        0x3 
 .bss.mp_timer_id_head
                0x0000000020002164        0x4 _build/app_timer.o
 .bss.mp_users  0x0000000020002168        0x4 _build/app_timer.o
 .bss.m_cb      0x000000002000216c       0x58 _build/nrf_drv_gpiote.o
 .bss.m_cb      0x00000000200021c4       0x20 _build/nrf_drv_uart.o
 .bss.APP_TIMER_BUF.10717
                0x00000000200021e4      0x1c8 _build/main.o
 .bss.BLE_EVT_BUFFER.10788
                0x00000000200023ac       0x48 _build/main.o
 .bss.m_lbs     0x00000000200023f4       0x1c _build/main.o
 .bss.m_change_param
                0x0000000020002410        0x1 _build/ble_conn_params.o
 *fill*         0x0000000020002411        0x1 
 .bss.m_conn_handle
                0x0000000020002412        0x2 _build/ble_conn_params.o
 .bss.m_conn_params_config
                0x0000000020002414       0x1c _build/ble_conn_params.o
 .bss.m_conn_params_timer_id_data
                0x0000000020002430       0x20 _build/ble_conn_params.o
 .bss.m_current_conn_params
                0x0000000020002450        0x8 _build/ble_conn_params.o
 .bss.m_preferred_conn_params
                0x0000000020002458        0x8 _build/ble_conn_params.o
 .bss.m_update_count
                0x0000000020002460        0x1 _build/ble_conn_params.o
 *fill*         0x0000000020002461        0x1 
 .bss.m_ble_evt_buffer_size
                0x0000000020002462        0x2 _build/softdevice_handler.o
 .bss.m_ble_evt_handler
                0x0000000020002464        0x4 _build/softdevice_handler.o
 .bss.m_evt_schedule_func
                0x0000000020002468        0x4 _build/softdevice_handler.o
 .bss.m_softdevice_enabled
                0x000000002000246c        0x1 _build/softdevice_handler.o
 *fill*         0x000000002000246d        0x3 
 .bss.m_sys_evt_handler
                0x0000000020002470        0x4 _build/softdevice_handler.o
 .bss.mp_ble_evt_buffer
                0x0000000020002474        0x4 _build/softdevice_handler.o
 *(COMMON)
 COMMON         0x0000000020002478        0xc _build/softdevice_handler.o
                0x0000000020002478                nrf_nvic_state
                0x0000000020002484                . = ALIGN (0x4)
                0x0000000020002484                __bss_end__ = .

.heap           0x0000000020002488     0x2000
                0x0000000020002488                __end__ = .
                0x0000000020002488                PROVIDE (end, .)
 *(.heap*)
 .heap          0x0000000020002488     0x2000 _build/gcc_startup_nrf52.o
                0x0000000020002488                __HeapBase
                0x0000000020004488                __HeapLimit = .

.stack_dummy    0x0000000020002488     0x2000
 *(.stack*)
 .stack         0x0000000020002488     0x2000 _build/gcc_startup_nrf52.o
                0x0000000020010000                __StackTop = (ORIGIN (RAM) + LENGTH (RAM))
                0x000000002000e000                __StackLimit = (__StackTop - SIZEOF (.stack_dummy))
                0x0000000020010000                PROVIDE (__stack, __StackTop)
                0x0000000000000001                ASSERT ((__StackLimit >= __HeapLimit), region RAM overflowed with stack)
OUTPUT(_build/nrf52832_xxaa_s132.out elf32-littlearm)

.ARM.attributes
                0x0000000000000000       0x30
 .ARM.attributes
                0x0000000000000000       0x22 /Users/anita/opt/gcc-arm-none-eabi-7-2017-q4-major/bin/../lib/gcc/arm-none-eabi/7.2.1/thumb/v7e-m/fpv4-sp/hard/crti.o
 .ARM.attributes
                0x0000000000000022       0x34 /Users/anita/opt/gcc-arm-none-eabi-7-2017-q4-major/bin/../lib/gcc/arm-none-eabi/7.2.1/thumb/v7e-m/fpv4-sp/hard/crtbegin.o
 .ARM.attributes
                0x0000000000000056       0x20 /Users/anita/opt/gcc-arm-none-eabi-7-2017-q4-major/bin/../lib/gcc/arm-none-eabi/7.2.1/../../../../arm-none-eabi/lib/thumb/v7e-m/fpv4-sp/hard/crt0.o
 .ARM.attributes
                0x0000000000000076       0x34 /Users/anita/opt/gcc-arm-none-eabi-7-2017-q4-major/bin/../lib/gcc/arm-none-eabi/7.2.1/../../../../arm-none-eabi/lib/thumb/v7e-m/fpv4-sp/hard/libc_nano.a(lib_a-exit.o)
 .ARM.attributes
                0x00000000000000aa       0x34 /Users/anita/opt/gcc-arm-none-eabi-7-2017-q4-major/bin/../lib/gcc/arm-none-eabi/7.2.1/../../../../arm-none-eabi/lib/thumb/v7e-m/fpv4-sp/hard/libc_nano.a(lib_a-impure.o)
 .ARM.attributes
                0x00000000000000de       0x34 /Users/anita/opt/gcc-arm-none-eabi-7-2017-q4-major/bin/../lib/gcc/arm-none-eabi/7.2.1/../../../../arm-none-eabi/lib/thumb/v7e-m/fpv4-sp/hard/libc_nano.a(lib_a-init.o)
 .ARM.attributes
                0x0000000000000112       0x34 /Users/anita/opt/gcc-arm-none-eabi-7-2017-q4-major/bin/../lib/gcc/arm-none-eabi/7.2.1/../../../../arm-none-eabi/lib/thumb/v7e-m/fpv4-sp/hard/libc_nano.a(lib_a-memset.o)
 .ARM.attributes
                0x0000000000000146       0x34 /Users/anita/opt/gcc-arm-none-eabi-7-2017-q4-major/bin/../lib/gcc/arm-none-eabi/7.2.1/../../../../arm-none-eabi/lib/thumb/v7e-m/fpv4-sp/hard/libnosys.a(_exit.o)
 .ARM.attributes
                0x000000000000017a       0x39 _build/app_button.o
 .ARM.attributes
                0x00000000000001b3       0x39 _build/app_error.o
 .ARM.attributes
                0x00000000000001ec       0x39 _build/app_error_weak.o
 .ARM.attributes
                0x0000000000000225       0x39 _build/app_timer.o
 .ARM.attributes
                0x000000000000025e       0x39 _build/nrf_drv_common.o
 .ARM.attributes
                0x0000000000000297       0x39 _build/nrf_drv_gpiote.o
 .ARM.attributes
                0x00000000000002d0       0x39 _build/nrf_drv_uart.o
 .ARM.attributes
                0x0000000000000309       0x39 _build/main.o
 .ARM.attributes
                0x0000000000000342       0x39 _build/ble_advdata.o
 .ARM.attributes
                0x000000000000037b       0x39 _build/ble_conn_params.o
 .ARM.attributes
                0x00000000000003b4       0x39 _build/ble_lbs.o
 .ARM.attributes
                0x00000000000003ed       0x39 _build/system_nrf52.o
 .ARM.attributes
                0x0000000000000426       0x39 _build/softdevice_handler.o
 .ARM.attributes
                0x000000000000045f       0x1c _build/gcc_startup_nrf52.o
 .ARM.attributes
                0x000000000000047b       0x34 /Users/anita/opt/gcc-arm-none-eabi-7-2017-q4-major/bin/../lib/gcc/arm-none-eabi/7.2.1/../../../../arm-none-eabi/lib/thumb/v7e-m/fpv4-sp/hard/libc_nano.a(lib_a-memcpy-stub.o)
 .ARM.attributes
                0x00000000000004af       0x1b /Users/anita/opt/gcc-arm-none-eabi-7-2017-q4-major/bin/../lib/gcc/arm-none-eabi/7.2.1/../../../../arm-none-eabi/lib/thumb/v7e-m/fpv4-sp/hard/libc_nano.a(lib_a-strlen.o)
 .ARM.attributes
                0x00000000000004ca       0x34 /Users/anita/opt/gcc-arm-none-eabi-7-2017-q4-major/bin/../lib/gcc/arm-none-eabi/7.2.1/../../../../arm-none-eabi/lib/thumb/v7e-m/fpv4-sp/hard/libc_nano.a(lib_a-findfp.o)
 .ARM.attributes
                0x00000000000004fe       0x34 /Users/anita/opt/gcc-arm-none-eabi-7-2017-q4-major/bin/../lib/gcc/arm-none-eabi/7.2.1/thumb/v7e-m/fpv4-sp/hard/crtend.o
 .ARM.attributes
                0x0000000000000532       0x22 /Users/anita/opt/gcc-arm-none-eabi-7-2017-q4-major/bin/../lib/gcc/arm-none-eabi/7.2.1/thumb/v7e-m/fpv4-sp/hard/crtn.o

.comment        0x0000000000000000       0x7e
 .comment       0x0000000000000000       0x7e _build/app_button.o
                                         0x7f (size before relaxing)
 .comment       0x000000000000007e       0x7f _build/app_error.o
 .comment       0x000000000000007e       0x7f _build/app_error_weak.o
 .comment       0x000000000000007e       0x7f _build/app_timer.o
 .comment       0x000000000000007e       0x7f _build/nrf_drv_common.o
 .comment       0x000000000000007e       0x7f _build/nrf_drv_gpiote.o
 .comment       0x000000000000007e       0x7f _build/nrf_drv_uart.o
 .comment       0x000000000000007e       0x7f _build/main.o
 .comment       0x000000000000007e       0x7f _build/ble_advdata.o
 .comment       0x000000000000007e       0x7f _build/ble_conn_params.o
 .comment       0x000000000000007e       0x7f _build/ble_lbs.o
 .comment       0x000000000000007e       0x7f _build/system_nrf52.o
 .comment       0x000000000000007e       0x7f _build/softdevice_handler.o

.debug_frame    0x0000000000000000      0xf04
 .debug_frame   0x0000000000000000       0x28 /Users/anita/opt/gcc-arm-none-eabi-7-2017-q4-major/bin/../lib/gcc/arm-none-eabi/7.2.1/../../../../arm-none-eabi/lib/thumb/v7e-m/fpv4-sp/hard/libc_nano.a(lib_a-exit.o)
 .debug_frame   0x0000000000000028       0x2c /Users/anita/opt/gcc-arm-none-eabi-7-2017-q4-major/bin/../lib/gcc/arm-none-eabi/7.2.1/../../../../arm-none-eabi/lib/thumb/v7e-m/fpv4-sp/hard/libc_nano.a(lib_a-init.o)
 .debug_frame   0x0000000000000054       0x20 /Users/anita/opt/gcc-arm-none-eabi-7-2017-q4-major/bin/../lib/gcc/arm-none-eabi/7.2.1/../../../../arm-none-eabi/lib/thumb/v7e-m/fpv4-sp/hard/libc_nano.a(lib_a-memset.o)
 .debug_frame   0x0000000000000074       0x20 /Users/anita/opt/gcc-arm-none-eabi-7-2017-q4-major/bin/../lib/gcc/arm-none-eabi/7.2.1/../../../../arm-none-eabi/lib/thumb/v7e-m/fpv4-sp/hard/libnosys.a(_exit.o)
 .debug_frame   0x0000000000000094      0x100 _build/app_button.o
 .debug_frame   0x0000000000000194       0x70 _build/app_error.o
 .debug_frame   0x0000000000000204       0x20 _build/app_error_weak.o
 .debug_frame   0x0000000000000224      0x174 _build/app_timer.o
 .debug_frame   0x0000000000000398       0x2c _build/nrf_drv_common.o
 .debug_frame   0x00000000000003c4      0x248 _build/nrf_drv_gpiote.o
 .debug_frame   0x000000000000060c      0x188 _build/nrf_drv_uart.o
 .debug_frame   0x0000000000000794      0x14c _build/main.o
 .debug_frame   0x00000000000008e0      0x104 _build/ble_advdata.o
 .debug_frame   0x00000000000009e4      0x13c _build/ble_conn_params.o
 .debug_frame   0x0000000000000b20       0xc0 _build/ble_lbs.o
 .debug_frame   0x0000000000000be0       0x40 _build/system_nrf52.o
 .debug_frame   0x0000000000000c20      0x1a0 _build/softdevice_handler.o
 .debug_frame   0x0000000000000dc0       0x28 /Users/anita/opt/gcc-arm-none-eabi-7-2017-q4-major/bin/../lib/gcc/arm-none-eabi/7.2.1/../../../../arm-none-eabi/lib/thumb/v7e-m/fpv4-sp/hard/libc_nano.a(lib_a-memcpy-stub.o)
 .debug_frame   0x0000000000000de8      0x11c /Users/anita/opt/gcc-arm-none-eabi-7-2017-q4-major/bin/../lib/gcc/arm-none-eabi/7.2.1/../../../../arm-none-eabi/lib/thumb/v7e-m/fpv4-sp/hard/libc_nano.a(lib_a-findfp.o)

.debug_info     0x0000000000000000    0x1a34c
 .debug_info    0x0000000000000000      0xe39 _build/app_button.o
 .debug_info    0x0000000000000e39      0xb6e _build/app_error.o
 .debug_info    0x00000000000019a7      0xb49 _build/app_error_weak.o
 .debug_info    0x00000000000024f0     0x259f _build/app_timer.o
 .debug_info    0x0000000000004a8f      0xe33 _build/nrf_drv_common.o
 .debug_info    0x00000000000058c2     0x2932 _build/nrf_drv_gpiote.o
 .debug_info    0x00000000000081f4     0x41fa _build/nrf_drv_uart.o
 .debug_info    0x000000000000c3ee     0x3b43 _build/main.o
 .debug_info    0x000000000000ff31     0x21f4 _build/ble_advdata.o
 .debug_info    0x0000000000012125     0x24e3 _build/ble_conn_params.o
 .debug_info    0x0000000000014608     0x257c _build/ble_lbs.o
 .debug_info    0x0000000000016b84      0xdb3 _build/system_nrf52.o
 .debug_info    0x0000000000017937     0x2a15 _build/softdevice_handler.o

.debug_abbrev   0x0000000000000000     0x3125
 .debug_abbrev  0x0000000000000000      0x2b5 _build/app_button.o
 .debug_abbrev  0x00000000000002b5      0x235 _build/app_error.o
 .debug_abbrev  0x00000000000004ea      0x21c _build/app_error_weak.o
 .debug_abbrev  0x0000000000000706      0x4b6 _build/app_timer.o
 .debug_abbrev  0x0000000000000bbc      0x287 _build/nrf_drv_common.o
 .debug_abbrev  0x0000000000000e43      0x566 _build/nrf_drv_gpiote.o
 .debug_abbrev  0x00000000000013a9      0x4d7 _build/nrf_drv_uart.o
 .debug_abbrev  0x0000000000001880      0x4f9 _build/main.o
 .debug_abbrev  0x0000000000001d79      0x3ba _build/ble_advdata.o
 .debug_abbrev  0x0000000000002133      0x4fb _build/ble_conn_params.o
 .debug_abbrev  0x000000000000262e      0x3ab _build/ble_lbs.o
 .debug_abbrev  0x00000000000029d9      0x1e2 _build/system_nrf52.o
 .debug_abbrev  0x0000000000002bbb      0x56a _build/softdevice_handler.o

.debug_loc      0x0000000000000000     0x8192
 .debug_loc     0x0000000000000000      0x3ed _build/app_button.o
 .debug_loc     0x00000000000003ed      0x145 _build/app_error.o
 .debug_loc     0x0000000000000532       0x42 _build/app_error_weak.o
 .debug_loc     0x0000000000000574     0x1073 _build/app_timer.o
 .debug_loc     0x00000000000015e7       0xc3 _build/nrf_drv_common.o
 .debug_loc     0x00000000000016aa     0x1fe1 _build/nrf_drv_gpiote.o
 .debug_loc     0x000000000000368b     0x1eb5 _build/nrf_drv_uart.o
 .debug_loc     0x0000000000005540      0x667 _build/main.o
 .debug_loc     0x0000000000005ba7     0x1a98 _build/ble_advdata.o
 .debug_loc     0x000000000000763f      0x3dc _build/ble_conn_params.o
 .debug_loc     0x0000000000007a1b      0x2e9 _build/ble_lbs.o
 .debug_loc     0x0000000000007d04      0x48e _build/softdevice_handler.o

.debug_aranges  0x0000000000000000      0x4b8
 .debug_aranges
                0x0000000000000000       0x48 _build/app_button.o
 .debug_aranges
                0x0000000000000048       0x30 _build/app_error.o
 .debug_aranges
                0x0000000000000078       0x20 _build/app_error_weak.o
 .debug_aranges
                0x0000000000000098       0x68 _build/app_timer.o
 .debug_aranges
                0x0000000000000100       0x20 _build/nrf_drv_common.o
 .debug_aranges
                0x0000000000000120       0xb8 _build/nrf_drv_gpiote.o
 .debug_aranges
                0x00000000000001d8       0x70 _build/nrf_drv_uart.o
 .debug_aranges
                0x0000000000000248       0x98 _build/main.o
 .debug_aranges
                0x00000000000002e0       0x58 _build/ble_advdata.o
 .debug_aranges
                0x0000000000000338       0x68 _build/ble_conn_params.o
 .debug_aranges
                0x00000000000003a0       0x50 _build/ble_lbs.o
 .debug_aranges
                0x00000000000003f0       0x28 _build/system_nrf52.o
 .debug_aranges
                0x0000000000000418       0xa0 _build/softdevice_handler.o

.debug_ranges   0x0000000000000000     0x24b8
 .debug_ranges  0x0000000000000000       0x98 _build/app_button.o
 .debug_ranges  0x0000000000000098       0x20 _build/app_error.o
 .debug_ranges  0x00000000000000b8       0x10 _build/app_error_weak.o
 .debug_ranges  0x00000000000000c8      0x658 _build/app_timer.o
 .debug_ranges  0x0000000000000720       0x30 _build/nrf_drv_common.o
 .debug_ranges  0x0000000000000750      0x8c0 _build/nrf_drv_gpiote.o
 .debug_ranges  0x0000000000001010      0xb48 _build/nrf_drv_uart.o
 .debug_ranges  0x0000000000001b58      0x1c8 _build/main.o
 .debug_ranges  0x0000000000001d20      0x380 _build/ble_advdata.o
 .debug_ranges  0x00000000000020a0      0x140 _build/ble_conn_params.o
 .debug_ranges  0x00000000000021e0       0x60 _build/ble_lbs.o
 .debug_ranges  0x0000000000002240       0xf0 _build/system_nrf52.o
 .debug_ranges  0x0000000000002330      0x188 _build/softdevice_handler.o

.debug_macro    0x0000000000000000    0x18fe7
 .debug_macro   0x0000000000000000      0x361 _build/app_button.o
 .debug_macro   0x0000000000000361      0xacc _build/app_button.o
 .debug_macro   0x0000000000000e2d       0x22 _build/app_button.o
 .debug_macro   0x0000000000000e4f       0x87 _build/app_button.o
 .debug_macro   0x0000000000000ed6       0x51 _build/app_button.o
 .debug_macro   0x0000000000000f27       0xef _build/app_button.o
 .debug_macro   0x0000000000001016       0x6a _build/app_button.o
 .debug_macro   0x0000000000001080      0x1df _build/app_button.o
 .debug_macro   0x000000000000125f       0x22 _build/app_button.o
 .debug_macro   0x0000000000001281       0x1c _build/app_button.o
 .debug_macro   0x000000000000129d       0x2d _build/app_button.o
 .debug_macro   0x00000000000012ca       0x3b _build/app_button.o
 .debug_macro   0x0000000000001305       0x50 _build/app_button.o
 .debug_macro   0x0000000000001355      0xe66 _build/app_button.o
 .debug_macro   0x00000000000021bb      0x3a0 _build/app_button.o
 .debug_macro   0x000000000000255b    0x10245 _build/app_button.o
 .debug_macro   0x00000000000127a0     0x12c7 _build/app_button.o
 .debug_macro   0x0000000000013a67       0x7c _build/app_button.o
 .debug_macro   0x0000000000013ae3       0x1c _build/app_button.o
 .debug_macro   0x0000000000013aff       0x58 _build/app_button.o
 .debug_macro   0x0000000000013b57       0x17 _build/app_button.o
 .debug_macro   0x0000000000013b6e       0x35 _build/app_button.o
 .debug_macro   0x0000000000013ba3       0x9c _build/app_button.o
 .debug_macro   0x0000000000013c3f       0x16 _build/app_button.o
 .debug_macro   0x0000000000013c55       0x97 _build/app_button.o
 .debug_macro   0x0000000000013cec      0x353 _build/app_button.o
 .debug_macro   0x000000000001403f       0xf6 _build/app_button.o
 .debug_macro   0x0000000000014135       0x10 _build/app_button.o
 .debug_macro   0x0000000000014145       0x58 _build/app_button.o
 .debug_macro   0x000000000001419d       0x1f _build/app_button.o
 .debug_macro   0x00000000000141bc       0x43 _build/app_button.o
 .debug_macro   0x00000000000141ff       0x20 _build/app_button.o
 .debug_macro   0x000000000001421f      0x18e _build/app_button.o
 .debug_macro   0x00000000000143ad       0x10 _build/app_button.o
 .debug_macro   0x00000000000143bd       0x1c _build/app_button.o
 .debug_macro   0x00000000000143d9       0x52 _build/app_button.o
 .debug_macro   0x000000000001442b       0x40 _build/app_button.o
 .debug_macro   0x000000000001446b       0x10 _build/app_button.o
 .debug_macro   0x000000000001447b       0x40 _build/app_button.o
 .debug_macro   0x00000000000144bb       0xd7 _build/app_button.o
 .debug_macro   0x0000000000014592       0x1c _build/app_button.o
 .debug_macro   0x00000000000145ae       0x3d _build/app_button.o
 .debug_macro   0x00000000000145eb       0x16 _build/app_button.o
 .debug_macro   0x0000000000014601      0x16f _build/app_button.o
 .debug_macro   0x0000000000014770       0x9a _build/app_button.o
 .debug_macro   0x000000000001480a       0x70 _build/app_button.o
 .debug_macro   0x000000000001487a      0x11e _build/app_button.o
 .debug_macro   0x0000000000014998       0x4c _build/app_button.o
 .debug_macro   0x00000000000149e4       0x67 _build/app_button.o
 .debug_macro   0x0000000000014a4b       0xfb _build/app_button.o
 .debug_macro   0x0000000000014b46       0x2b _build/app_button.o
 .debug_macro   0x0000000000014b71       0x10 _build/app_button.o
 .debug_macro   0x0000000000014b81       0x1c _build/app_button.o
 .debug_macro   0x0000000000014b9d       0x47 _build/app_button.o
 .debug_macro   0x0000000000014be4       0x11 _build/app_button.o
 .debug_macro   0x0000000000014bf5      0x198 _build/app_button.o
 .debug_macro   0x0000000000014d8d       0x2e _build/app_button.o
 .debug_macro   0x0000000000014dbb       0x16 _build/app_button.o
 .debug_macro   0x0000000000014dd1       0x35 _build/app_button.o
 .debug_macro   0x0000000000014e06       0x22 _build/app_button.o
 .debug_macro   0x0000000000014e28       0x37 _build/app_button.o
 .debug_macro   0x0000000000014e5f      0x2b1 _build/app_error.o
 .debug_macro   0x0000000000015110       0x35 _build/app_error.o
 .debug_macro   0x0000000000015145      0x2ab _build/app_error_weak.o
 .debug_macro   0x00000000000153f0      0x3e9 _build/app_timer.o
 .debug_macro   0x00000000000157d9       0x41 _build/app_timer.o
 .debug_macro   0x000000000001581a       0x16 _build/app_timer.o
 .debug_macro   0x0000000000015830       0x40 _build/app_timer.o
 .debug_macro   0x0000000000015870       0x64 _build/app_timer.o
 .debug_macro   0x00000000000158d4       0x2e _build/app_timer.o
 .debug_macro   0x0000000000015902       0x60 _build/app_timer.o
 .debug_macro   0x0000000000015962       0x16 _build/app_timer.o
 .debug_macro   0x0000000000015978      0x32e _build/nrf_drv_common.o
 .debug_macro   0x0000000000015ca6      0x37e _build/nrf_drv_gpiote.o
 .debug_macro   0x0000000000016024       0x10 _build/nrf_drv_gpiote.o
 .debug_macro   0x0000000000016034      0x391 _build/nrf_drv_uart.o
 .debug_macro   0x00000000000163c5      0x4ee _build/main.o
 .debug_macro   0x00000000000168b3       0xd6 _build/main.o
 .debug_macro   0x0000000000016989      0x1fb _build/main.o
 .debug_macro   0x0000000000016b84      0x3f4 _build/main.o
 .debug_macro   0x0000000000016f78       0x3a _build/main.o
 .debug_macro   0x0000000000016fb2       0x22 _build/main.o
 .debug_macro   0x0000000000016fd4      0x201 _build/main.o
 .debug_macro   0x00000000000171d5       0x1c _build/main.o
 .debug_macro   0x00000000000171f1       0xdb _build/main.o
 .debug_macro   0x00000000000172cc       0x24 _build/main.o
 .debug_macro   0x00000000000172f0       0xa6 _build/main.o
 .debug_macro   0x0000000000017396      0x2ca _build/main.o
 .debug_macro   0x0000000000017660       0xbe _build/main.o
 .debug_macro   0x000000000001771e       0x46 _build/main.o
 .debug_macro   0x0000000000017764       0x1c _build/main.o
 .debug_macro   0x0000000000017780       0x8e _build/main.o
 .debug_macro   0x000000000001780e       0x16 _build/main.o
 .debug_macro   0x0000000000017824       0x10 _build/main.o
 .debug_macro   0x0000000000017834      0x401 _build/main.o
 .debug_macro   0x0000000000017c35       0x22 _build/main.o
 .debug_macro   0x0000000000017c57       0x22 _build/main.o
 .debug_macro   0x0000000000017c79      0x2a8 _build/ble_advdata.o
 .debug_macro   0x0000000000017f21       0xb8 _build/ble_advdata.o
 .debug_macro   0x0000000000017fd9      0x390 _build/ble_conn_params.o
 .debug_macro   0x0000000000018369      0x29c _build/ble_lbs.o
 .debug_macro   0x0000000000018605       0x1c _build/ble_lbs.o
 .debug_macro   0x0000000000018621       0xf5 _build/system_nrf52.o
 .debug_macro   0x0000000000018716      0x477 _build/softdevice_handler.o
 .debug_macro   0x0000000000018b8d       0x10 _build/softdevice_handler.o
 .debug_macro   0x0000000000018b9d      0x3fa _build/softdevice_handler.o
 .debug_macro   0x0000000000018f97       0x40 _build/softdevice_handler.o
 .debug_macro   0x0000000000018fd7       0x10 _build/softdevice_handler.o

.debug_line     0x0000000000000000     0x7cb4
 .debug_line    0x0000000000000000      0x8d2 _build/app_button.o
 .debug_line    0x00000000000008d2      0x5c4 _build/app_error.o
 .debug_line    0x0000000000000e96      0x58b _build/app_error_weak.o
 .debug_line    0x0000000000001421      0xc13 _build/app_timer.o
 .debug_line    0x0000000000002034      0x73a _build/nrf_drv_common.o
 .debug_line    0x000000000000276e      0xfd5 _build/nrf_drv_gpiote.o
 .debug_line    0x0000000000003743     0x10cc _build/nrf_drv_uart.o
 .debug_line    0x000000000000480f      0xb90 _build/main.o
 .debug_line    0x000000000000539f      0xa62 _build/ble_advdata.o
 .debug_line    0x0000000000005e01      0x890 _build/ble_conn_params.o
 .debug_line    0x0000000000006691      0x71b _build/ble_lbs.o
 .debug_line    0x0000000000006dac      0x479 _build/system_nrf52.o
 .debug_line    0x0000000000007225      0xa8f _build/softdevice_handler.o

.debug_str      0x0000000000000000    0x84a60
 .debug_str     0x0000000000000000    0x73459 _build/app_button.o
                                      0x74064 (size before relaxing)
 .debug_str     0x0000000000073459      0x13e _build/app_error.o
                                      0x72ae0 (size before relaxing)
 .debug_str     0x0000000000073597       0xc3 _build/app_error_weak.o
                                      0x72a5a (size before relaxing)
 .debug_str     0x000000000007365a     0x1846 _build/app_timer.o
                                      0x74b0c (size before relaxing)
 .debug_str     0x0000000000074ea0       0x9e _build/nrf_drv_common.o
                                      0x73e42 (size before relaxing)
 .debug_str     0x0000000000074f3e      0xeeb _build/nrf_drv_gpiote.o
                                      0x75449 (size before relaxing)
 .debug_str     0x0000000000075e29     0x1582 _build/nrf_drv_uart.o
                                      0x757ff (size before relaxing)
 .debug_str     0x00000000000773ab     0xc4d4 _build/main.o
                                      0x7fee2 (size before relaxing)
 .debug_str     0x000000000008387f      0x46d _build/ble_advdata.o
                                      0x77129 (size before relaxing)
 .debug_str     0x0000000000083cec      0x20b _build/ble_conn_params.o
                                      0x79674 (size before relaxing)
 .debug_str     0x0000000000083ef7      0x29f _build/ble_lbs.o
                                      0x77531 (size before relaxing)
 .debug_str     0x0000000000084196      0x37e _build/system_nrf52.o
                                      0x6d1ad (size before relaxing)
 .debug_str     0x0000000000084514      0x54c _build/softdevice_handler.o
                                      0x7cbde (size before relaxing)

.stabstr        0x0000000000000000       0xe3
 .stabstr       0x0000000000000000       0xe3 /Users/anita/opt/gcc-arm-none-eabi-7-2017-q4-major/bin/../lib/gcc/arm-none-eabi/7.2.1/../../../../arm-none-eabi/lib/thumb/v7e-m/fpv4-sp/hard/libnosys.a(close.o)
